<html>
<body>
<pre>
<h1>礦ision Build Log</h1>
<h2>Tool Versions:</h2>
IDE-Version: μVision V5.42.0.0
Copyright (C) 2025 ARM Ltd and ARM Germany GmbH. All rights reserved.
License Information: H Healer, e, LIC=KRMW3-ARCA3-9US4U-SSA4K-GU9XB-JW4EX
 
Tool Versions:
Toolchain:       MDK-ARM Plus  Version: 5.42.0.0
Toolchain Path:  D:\Keil\Keil_v5\ARM\ARMCC\Bin
C Compiler:      Armcc.exe V5.06 update 7 (build 960)
Assembler:       Armasm.exe V5.06 update 7 (build 960)
Linker/Locator:  ArmLink.exe V5.06 update 7 (build 960)
Library Manager: ArmAr.exe V5.06 update 7 (build 960)
Hex Converter:   FromElf.exe V5.06 update 7 (build 960)
CPU DLL:         SARMCM3.DLL V5.42.0.0
Dialog DLL:      DCM.DLL V1.17.5.0
Target DLL:      STLink\ST-LINKIII-KEIL_SWO.dll V3.3.0.0
Dialog DLL:      TCM.DLL V1.56.6.0
 
<h2>Project:</h2>
E:\MCU_Project\STM32H743Project\02High_Speed_Collection_AD7616\MDK-ARM\Project.uvprojx
Project File Date:  12/16/2025

<h2>Output:</h2>
*** Using Compiler 'V5.06 update 7 (build 960)', folder: 'D:\Keil\Keil_v5\ARM\ARMCC\Bin'
Rebuild target 'Project'
assembling startup_stm32h743xx.s...
compiling memorymap.c...
compiling stm32h7xx_hal_timebase_tim.c...
compiling gpio.c...
compiling main.c...
compiling stm32h7xx_hal_msp.c...
compiling freertos.c...
compiling stm32h7xx_it.c...
compiling stm32h7xx_ll_exti.c...
compiling stm32h7xx_ll_gpio.c...
compiling stm32h7xx_hal_flash.c...
compiling stm32h7xx_ll_utils.c...
compiling stm32h7xx_hal_gpio.c...
compiling stm32h7xx_hal_flash_ex.c...
compiling stm32h7xx_hal_rcc.c...
compiling stm32h7xx_ll_rcc.c...
compiling stm32h7xx_hal_rcc_ex.c...
compiling stm32h7xx_hal_hsem.c...
compiling stm32h7xx_hal_pwr.c...
compiling stm32h7xx_hal_cortex.c...
compiling stm32h7xx_hal_pwr_ex.c...
compiling stm32h7xx_hal_dma_ex.c...
compiling stm32h7xx_hal_mdma.c...
compiling stm32h7xx_hal.c...
compiling stm32h7xx_hal_dma.c...
compiling stm32h7xx_hal_i2c_ex.c...
compiling system_stm32h7xx.c...
compiling stm32h7xx_hal_exti.c...
compiling stm32h7xx_hal_tim_ex.c...
compiling bsp_gpio.c...
compiling bsp.c...
compiling stm32h7xx_hal_i2c.c...
compiling bsp_timer.c...
compiling Module_Key.c...
compiling croutine.c...
compiling stm32h7xx_hal_tim.c...
compiling Module.c...
compiling event_groups.c...
compiling list.c...
compiling App.c...
compiling queue.c...
compiling stream_buffer.c...
compiling App_TasksInit.c...
compiling sys.c...
compiling tasks.c...
compiling timers.c...
compiling heap_4.c...
compiling retarget_io.c...
compiling port.c...
compiling cmsis_os2.c...
compiling EventRecorder.c...
linking...
Program Size: Code=15430 RO-data=790 RW-data=212 ZI-data=87332  
FromELF: creating hex file...
After Build - User command #1: E:\MCU_Project\STM32H743Project\02High_Speed_Collection_AD7616\MDK-ARM\Hex2Bin\CopyHex_Flash.bat
E:\MCU_Project\STM32H743Project\02High_Speed_Collection_AD7616\MDK-ARM>cd /d "E:\MCU_Project\STM32H743Project\02High_Speed_Collection_AD7616\MDK-ARM\Hex2Bin\" 
E:\MCU_Project\STM32H743Project\02High_Speed_Collection_AD7616\MDK-ARM\Hex2Bin>copy ..\Project\output.hex .\output.hex 
已复制         1 个文件。
E:\MCU_Project\STM32H743Project\02High_Speed_Collection_AD7616\MDK-ARM\Hex2Bin>hex2bin output.hex 
hex2bin v2.2, Copyright (C) 2015 Jacques Pelletier & contributors
Allocate_Memory_and_Rewind:
Lowest address:   08000000
Highest address:  0800402F
Starting address: 08000000
Max Length:       16432
Binary file start = 08000000
Records start     = 08000000
Highest address   = 0800402F
Pad Byte          = FF
Force/Check address outside of memory range
E:\MCU_Project\STM32H743Project\02High_Speed_Collection_AD7616\MDK-ARM\Hex2Bin>for /F %i in ('dir /b output.bin') do (set indexdx=%~zi ) 
E:\MCU_Project\STM32H743Project\02High_Speed_Collection_AD7616\MDK-ARM\Hex2Bin>(set indexdx=16432 ) 
E:\MCU_Project\STM32H743Project\02High_Speed_Collection_AD7616\MDK-ARM\Hex2Bin>ECHO 16432 
16432
E:\MCU_Project\STM32H743Project\02High_Speed_Collection_AD7616\MDK-ARM\Hex2Bin>srec_cat.exe output.bin -Binary -crop 0 16432  -STM32_Little_Endian 16432  -o app.bin -Binary 
".\Project\output.axf" - 0 Error(s), 0 Warning(s).

<h2>Software Packages used:</h2>

Package Vendor: ARM
                https://www.keil.com/pack/ARM.CMSIS.6.1.0.pack
                ARM::CMSIS@6.1.0
                CMSIS (Common Microcontroller Software Interface Standard)
   * Component: CORE Version: 6.1.0

Package Vendor: Keil
                http://www.keil.com/pack/Keil.ARM_Compiler.1.6.3.pack
                Keil::ARM_Compiler@1.6.3
                Keil ARM Compiler extensions for ARM Compiler 5 and ARM Compiler 6
   * Component: Event Recorder Variant: DAP Version: 1.4.0
   * Component: STDOUT Variant: EVR Version: 1.2.0

Package Vendor: Keil
                https://www.keil.com/pack/Keil.STM32H7xx_DFP.3.1.1.pack
                Keil::STM32H7xx_DFP@3.1.1
                STMicroelectronics STM32H7 Series Device Support and Examples

<h2>Collection of Component include folders:</h2>
  ./RTE/Compiler
  ./RTE/_Project
  D:/Keil/Packs/ARM/CMSIS/6.1.0/CMSIS/Core/Include
  D:/Keil/Packs/Keil/ARM_Compiler/1.6.3/Include
  D:/Keil/Packs/Keil/STM32H7xx_DFP/3.1.1/Drivers/CMSIS/Device/ST/STM32H7xx/Include

<h2>Collection of Component Files used:</h2>

   * Component: ARM::CMSIS:CORE@6.1.0

   * Component: Keil::Compiler&ARM Compiler:Event Recorder&DAP@1.4.0
      Include file:  Config/EventRecorderConf.h
      Source file:   Source/EventRecorder.c
      Include file:  Include/EventRecorder.h

   * Component: Keil::Compiler&ARM Compiler:I/O:STDOUT&EVR@1.2.0
      Source file:   Source/retarget_io.c
Build Time Elapsed:  00:00:05
</pre>
</body>
</html>
