<html>
<body>
<pre>
<h1>µVision Build Log</h1>
<h2>Tool Versions:</h2>
IDE-Version: ¦ÌVision V5.42.0.0
Copyright (C) 2025 ARM Ltd and ARM Germany GmbH. All rights reserved.
License Information: H Healer, e, LIC=KRMW3-ARCA3-9US4U-SSA4K-GU9XB-JW4EX
 
Tool Versions:
Toolchain:       MDK-ARM Plus  Version: 5.42.0.0
Toolchain Path:  D:\Keil\Keil_v5\ARM\ARMCC\Bin
C Compiler:      Armcc.exe V5.06 update 7 (build 960)
Assembler:       Armasm.exe V5.06 update 7 (build 960)
Linker/Locator:  ArmLink.exe V5.06 update 7 (build 960)
Library Manager: ArmAr.exe V5.06 update 7 (build 960)
Hex Converter:   FromElf.exe V5.06 update 7 (build 960)
CPU DLL:         SARMCM3.DLL V5.42.0.0
Dialog DLL:      DCM.DLL V1.17.5.0
Target DLL:      STLink\ST-LINKIII-KEIL_SWO.dll V3.3.0.0
Dialog DLL:      TCM.DLL V1.56.6.0
 
<h2>Project:</h2>
E:\MCU_Project\STM32H743Project\02High_Speed_Collection_AD7616\MDK-ARM\Project.uvprojx
Project File Date:  12/16/2025

<h2>Output:</h2>
*** Using Compiler 'V5.06 update 7 (build 960)', folder: 'D:\Keil\Keil_v5\ARM\ARMCC\Bin'
Rebuild target 'Project'
assembling startup_stm32h743xx.s...
compiling stm32h7xx_hal_timebase_tim.c...
compiling main.c...
compiling memorymap.c...
compiling freertos.c...
compiling stm32h7xx_it.c...
compiling stm32h7xx_hal_msp.c...
compiling gpio.c...
compiling stm32h7xx_ll_exti.c...
compiling stm32h7xx_ll_gpio.c...
compiling stm32h7xx_ll_utils.c...
compiling stm32h7xx_ll_rcc.c...
compiling stm32h7xx_hal_rcc.c...
compiling stm32h7xx_hal_flash.c...
compiling stm32h7xx_hal_flash_ex.c...
compiling stm32h7xx_hal_gpio.c...
compiling stm32h7xx_hal_rcc_ex.c...
compiling stm32h7xx_hal_hsem.c...
compiling stm32h7xx_hal_dma_ex.c...
compiling stm32h7xx_hal_pwr.c...
compiling stm32h7xx_hal_cortex.c...
compiling stm32h7xx_hal_pwr_ex.c...
compiling stm32h7xx_hal_mdma.c...
compiling stm32h7xx_hal.c...
compiling stm32h7xx_hal_dma.c...
compiling stm32h7xx_hal_i2c_ex.c...
compiling system_stm32h7xx.c...
compiling stm32h7xx_hal_exti.c...
compiling bsp_gpio.c...
compiling stm32h7xx_hal_tim_ex.c...
compiling stm32h7xx_hal_i2c.c...
compiling bsp.c...
compiling croutine.c...
compiling stm32h7xx_hal_tim.c...
compiling bsp_timer.c...
compiling Module.c...
compiling Module_Key.c...
compiling event_groups.c...
compiling list.c...
compiling App.c...
compiling App_TasksInit.c...
compiling sys.c...
compiling stream_buffer.c...
compiling queue.c...
compiling timers.c...
compiling tasks.c...
compiling heap_4.c...
compiling retarget_io.c...
compiling port.c...
compiling cmsis_os2.c...
compiling EventRecorder.c...
linking...
Program Size: Code=15430 RO-data=790 RW-data=212 ZI-data=87332  
FromELF: creating hex file...
After Build - User command #1: E:\MCU_Project\STM32H743Project\02High_Speed_Collection_AD7616\MDK-ARM\CopyHex_Flash.bat
