Component: ARM Compiler 5.06 update 7 (build 960) Tool: armlink [4d3601]

==============================================================================

Section Cross References

    startup_stm32h743xx.o(STACK) refers (Special) to heapauxi.o(.text) for __use_two_region_memory
    startup_stm32h743xx.o(HEAP) refers (Special) to heapauxi.o(.text) for __use_two_region_memory
    startup_stm32h743xx.o(RESET) refers (Special) to heapauxi.o(.text) for __use_two_region_memory
    startup_stm32h743xx.o(RESET) refers to startup_stm32h743xx.o(STACK) for __initial_sp
    startup_stm32h743xx.o(RESET) refers to startup_stm32h743xx.o(.text) for Reset_Handler
    startup_stm32h743xx.o(RESET) refers to stm32h7xx_it.o(i.NMI_Handler) for NMI_Handler
    startup_stm32h743xx.o(RESET) refers to stm32h7xx_it.o(i.HardFault_Handler) for HardFault_Handler
    startup_stm32h743xx.o(RESET) refers to stm32h7xx_it.o(i.MemManage_Handler) for MemManage_Handler
    startup_stm32h743xx.o(RESET) refers to stm32h7xx_it.o(i.BusFault_Handler) for BusFault_Handler
    startup_stm32h743xx.o(RESET) refers to stm32h7xx_it.o(i.UsageFault_Handler) for UsageFault_Handler
    startup_stm32h743xx.o(RESET) refers to port.o(.emb_text) for SVC_Handler
    startup_stm32h743xx.o(RESET) refers to stm32h7xx_it.o(i.DebugMon_Handler) for DebugMon_Handler
    startup_stm32h743xx.o(RESET) refers to cmsis_os2.o(i.SysTick_Handler) for SysTick_Handler
    startup_stm32h743xx.o(RESET) refers to app_lightcollectiontask.o(.itcm) for EXTI0_IRQHandler
    startup_stm32h743xx.o(RESET) refers to app_wavecollectiontask.o(.itcm) for EXTI1_IRQHandler
    startup_stm32h743xx.o(RESET) refers to app_wavecollectiontask.o(i.DMA1_Stream0_IRQHandler) for DMA1_Stream0_IRQHandler
    startup_stm32h743xx.o(RESET) refers to module_receiveupper.o(i.USART1_IRQHandler) for USART1_IRQHandler
    startup_stm32h743xx.o(RESET) refers to stm32h7xx_it.o(i.TIM6_DAC_IRQHandler) for TIM6_DAC_IRQHandler
    startup_stm32h743xx.o(RESET) refers to stm32h7xx_it.o(i.OTG_HS_IRQHandler) for OTG_HS_IRQHandler
    startup_stm32h743xx.o(.text) refers (Special) to heapauxi.o(.text) for __use_two_region_memory
    startup_stm32h743xx.o(.text) refers to system_stm32h7xx.o(i.SystemInit) for SystemInit
    startup_stm32h743xx.o(.text) refers to __main.o(!!!main) for __main
    startup_stm32h743xx.o(.text) refers to startup_stm32h743xx.o(HEAP) for Heap_Mem
    startup_stm32h743xx.o(.text) refers to startup_stm32h743xx.o(STACK) for Stack_Mem
    fmc.o(i.HAL_FMC_MspInit) refers to rt_memclr_w.o(.text) for __aeabi_memclr4
    fmc.o(i.HAL_FMC_MspInit) refers to stm32h7xx_hal_gpio.o(i.HAL_GPIO_Init) for HAL_GPIO_Init
    fmc.o(i.HAL_FMC_MspInit) refers to fmc.o(.data) for .data
    fmc.o(i.HAL_SRAM_MspDeInit) refers to stm32h7xx_hal_gpio.o(i.HAL_GPIO_DeInit) for HAL_GPIO_DeInit
    fmc.o(i.HAL_SRAM_MspDeInit) refers to fmc.o(.data) for .data
    fmc.o(i.HAL_SRAM_MspInit) refers to fmc.o(i.HAL_FMC_MspInit) for HAL_FMC_MspInit
    fmc.o(i.MX_FMC_Init) refers to rt_memclr_w.o(.text) for __aeabi_memclr4
    fmc.o(i.MX_FMC_Init) refers to fmc.o(i.HAL_FMC_MspInit) for HAL_FMC_MspInit
    fmc.o(i.MX_FMC_Init) refers to stm32h7xx_hal_sram.o(i.HAL_SRAM_Init) for HAL_SRAM_Init
    fmc.o(i.MX_FMC_Init) refers to sys.o(i.Error_Handler) for Error_Handler
    fmc.o(i.MX_FMC_Init) refers to fmc.o(.bss) for .bss
    main.o(i.main) refers to bsp.o(i.BSP_Init) for BSP_Init
    main.o(i.main) refers to module.o(i.Module_Config) for Module_Config
    main.o(i.main) refers to app.o(i.App_Init) for App_Init
    gpio.o(i.MX_GPIO_Init) refers to rt_memclr_w.o(.text) for __aeabi_memclr4
    gpio.o(i.MX_GPIO_Init) refers to gpio.o(i.LL_AHB4_GRP1_EnableClock) for LL_AHB4_GRP1_EnableClock
    gpio.o(i.MX_GPIO_Init) refers to stm32h7xx_ll_gpio.o(i.LL_GPIO_Init) for LL_GPIO_Init
    freertos.o(i.MX_FREERTOS_Init) refers to cmsis_os2.o(i.osThreadNew) for osThreadNew
    freertos.o(i.MX_FREERTOS_Init) refers to freertos.o(.constdata) for .constdata
    freertos.o(i.MX_FREERTOS_Init) refers to freertos.o(i.StartDefaultTask) for StartDefaultTask
    freertos.o(i.MX_FREERTOS_Init) refers to freertos.o(.data) for .data
    freertos.o(i.StartDefaultTask) refers to usb_device.o(i.MX_USB_DEVICE_Init) for MX_USB_DEVICE_Init
    freertos.o(i.StartDefaultTask) refers to cmsis_os2.o(i.osDelay) for osDelay
    freertos.o(.constdata) refers to freertos.o(.conststring) for .conststring
    stm32h7xx_it.o(i.OTG_HS_IRQHandler) refers to stm32h7xx_hal_pcd.o(i.HAL_PCD_IRQHandler) for HAL_PCD_IRQHandler
    stm32h7xx_it.o(i.OTG_HS_IRQHandler) refers to usbd_conf.o(.bss) for hpcd_USB_OTG_HS
    stm32h7xx_it.o(i.TIM6_DAC_IRQHandler) refers to stm32h7xx_hal_tim.o(i.HAL_TIM_IRQHandler) for HAL_TIM_IRQHandler
    stm32h7xx_it.o(i.TIM6_DAC_IRQHandler) refers to stm32h7xx_hal_timebase_tim.o(.bss) for htim6
    stm32h7xx_hal_msp.o(i.HAL_MspInit) refers to stm32h7xx_hal_cortex.o(i.HAL_NVIC_SetPriority) for HAL_NVIC_SetPriority
[...]
    __hardfp_ceil                            0x08008179   Thumb Code   214  ceil.o(i.__hardfp_ceil)
    __mathlib_dbl_overflow                   0x08008269   Thumb Code    10  dunder.o(i.__mathlib_dbl_overflow)
    __mathlib_dbl_underflow                  0x08008281   Thumb Code    10  dunder.o(i.__mathlib_dbl_underflow)
    __mathlib_narrow                         0x08008299   Thumb Code    18  narrow.o(i.__mathlib_narrow)
    __support_ldexp                          0x080082b1   Thumb Code   170  ldexp.o(i.__support_ldexp)
    _is_digit                                0x08008369   Thumb Code    14  scanf_fp.o(i._is_digit)
    _sys_close                               0x08008377   Thumb Code    24  retarget_io.o(i._sys_close)
    _sys_flen                                0x0800838f   Thumb Code    12  retarget_io.o(i._sys_flen)
    _sys_istty                               0x0800839b   Thumb Code    24  retarget_io.o(i._sys_istty)
    _sys_open                                0x080083b5   Thumb Code    68  retarget_io.o(i._sys_open)
    _sys_seek                                0x08008411   Thumb Code    10  retarget_io.o(i._sys_seek)
    _sys_write                               0x0800841d   Thumb Code    92  retarget_io.o(i._sys_write)
    fputc                                    0x08008481   Thumb Code    14  bsp_usart.o(i.fputc)
    frexp                                    0x08008491   Thumb Code   118  frexp.o(i.frexp)
    main                                     0x0800851d   Thumb Code    14  main.o(i.main)
    osKernelGetTickCount                     0x0800852b   Thumb Code    16  cmsis_os2.o(i.osKernelGetTickCount)
    osKernelInitialize                       0x0800853d   Thumb Code    34  cmsis_os2.o(i.osKernelInitialize)
    osKernelStart                            0x08008565   Thumb Code    48  cmsis_os2.o(i.osKernelStart)
    pvPortMalloc                             0x08008e0d   Thumb Code   224  heap_4.o(i.pvPortMalloc)
    pvTaskIncrementMutexHeldCount            0x08008ef5   Thumb Code    20  tasks.o(i.pvTaskIncrementMutexHeldCount)
    pxPortInitialiseStack                    0x08008f0d   Thumb Code    38  port.o(i.pxPortInitialiseStack)
    uxListRemove                             0x08008f39   Thumb Code    38  list.o(i.uxListRemove)
    vApplicationGetIdleTaskMemory            0x08008f61   Thumb Code    16  cmsis_os2.o(i.vApplicationGetIdleTaskMemory)
    vApplicationGetTimerTaskMemory           0x08008f75   Thumb Code    18  cmsis_os2.o(i.vApplicationGetTimerTaskMemory)
    vListInitialise                          0x08008f8d   Thumb Code    22  list.o(i.vListInitialise)
    vListInitialiseItem                      0x08008fa3   Thumb Code     6  list.o(i.vListInitialiseItem)
    vListInsert                              0x08008fa9   Thumb Code    58  list.o(i.vListInsert)
    vListInsertEnd                           0x08008fe3   Thumb Code    24  list.o(i.vListInsertEnd)
    vPortEnterCritical                       0x08008ffd   Thumb Code    54  port.o(i.vPortEnterCritical)
    vPortExitCritical                        0x0800903d   Thumb Code    38  port.o(i.vPortExitCritical)
    vPortFree                                0x08009069   Thumb Code    94  heap_4.o(i.vPortFree)
    vPortSetupTimerInterrupt                 0x080090cd   Thumb Code    32  port.o(i.vPortSetupTimerInterrupt)
    vPortValidateInterruptPriority           0x080090f1   Thumb Code    74  port.o(i.vPortValidateInterruptPriority)
    vQueueAddToRegistry                      0x08009145   Thumb Code    34  queue.o(i.vQueueAddToRegistry)
    vQueueWaitForMessageRestricted           0x0800916d   Thumb Code    74  queue.o(i.vQueueWaitForMessageRestricted)
    vTaskDelay                               0x080091b9   Thumb Code    70  tasks.o(i.vTaskDelay)
    vTaskDelayUntil                          0x08009209   Thumb Code   146  tasks.o(i.vTaskDelayUntil)
    vTaskInternalSetTimeOutState             0x080092a5   Thumb Code    12  tasks.o(i.vTaskInternalSetTimeOutState)
    vTaskMissedYield                         0x080092b5   Thumb Code     8  tasks.o(i.vTaskMissedYield)
    vTaskPlaceOnEventList                    0x080092c1   Thumb Code    48  tasks.o(i.vTaskPlaceOnEventList)
    vTaskPlaceOnEventListRestricted          0x080092f5   Thumb Code    54  tasks.o(i.vTaskPlaceOnEventListRestricted)
    vTaskPriorityDisinheritAfterTimeout      0x08009331   Thumb Code   138  tasks.o(i.vTaskPriorityDisinheritAfterTimeout)
    vTaskStartScheduler                      0x080093c5   Thumb Code   128  tasks.o(i.vTaskStartScheduler)
    vTaskSuspendAll                          0x08009455   Thumb Code    10  tasks.o(i.vTaskSuspendAll)
    vTaskSwitchContext                       0x08009465   Thumb Code   100  tasks.o(i.vTaskSwitchContext)
    xPortStartScheduler                      0x080094d1   Thumb Code   232  port.o(i.xPortStartScheduler)
    xPortSysTickHandler                      0x080095d5   Thumb Code    38  port.o(i.xPortSysTickHandler)
    xQueueCreateMutex                        0x08009601   Thumb Code    24  queue.o(i.xQueueCreateMutex)
    xQueueGenericCreate                      0x08009619   Thumb Code    68  queue.o(i.xQueueGenericCreate)
    xQueueGenericCreateStatic                0x0800965d   Thumb Code   112  queue.o(i.xQueueGenericCreateStatic)
    xQueueGenericReset                       0x080096cd   Thumb Code   138  queue.o(i.xQueueGenericReset)
    xQueueGenericSend                        0x0800975d   Thumb Code   362  queue.o(i.xQueueGenericSend)
    xQueueGenericSendFromISR                 0x080098cd   Thumb Code   190  queue.o(i.xQueueGenericSendFromISR)
    xQueueReceive                            0x0800998d   Thumb Code   322  queue.o(i.xQueueReceive)
    xQueueSemaphoreTake                      0x08009ad5   Thumb Code   382  queue.o(i.xQueueSemaphoreTake)
    xTaskCheckForTimeOut                     0x08009c59   Thumb Code   122  tasks.o(i.xTaskCheckForTimeOut)
    xTaskCreate                              0x08009cd9   Thumb Code   108  tasks.o(i.xTaskCreate)
    xTaskCreateStatic                        0x08009d45   Thumb Code    96  tasks.o(i.xTaskCreateStatic)
    xTaskGetSchedulerState                   0x08009da5   Thumb Code    24  tasks.o(i.xTaskGetSchedulerState)
    xTaskGetTickCount                        0x08009dc1   Thumb Code     6  tasks.o(i.xTaskGetTickCount)
    xTaskGetTickCountFromISR                 0x08009dcd   Thumb Code    12  tasks.o(i.xTaskGetTickCountFromISR)
    xTaskIncrementTick                       0x08009ddd   Thumb Code   196  tasks.o(i.xTaskIncrementTick)
    xTaskPriorityDisinherit                  0x08009ea9   Thumb Code   118  tasks.o(i.xTaskPriorityDisinherit)
    xTaskPriorityInherit                     0x08009f29   Thumb Code   118  tasks.o(i.xTaskPriorityInherit)
    xTaskRemoveFromEventList                 0x08009fa9   Thumb Code   106  tasks.o(i.xTaskRemoveFromEventList)
    xTaskResumeAll                           0x0800a021   Thumb Code   190  tasks.o(i.xTaskResumeAll)
    xTimerCreateTimerTask                    0x0800a0ed   Thumb Code    86  timers.o(i.xTimerCreateTimerTask)
    xTimerGenericCommand                     0x0800a155   Thumb Code   112  timers.o(i.xTimerGenericCommand)
    _get_lc_numeric                          0x0800a1c9   Thumb Code    44  lc_numeric_c.o(locale$$code)
    _get_lc_ctype                            0x0800a1f5   Thumb Code    44  lc_ctype_c.o(locale$$code)
    __fpl_dcheck_NaN1                        0x0800a221   Thumb Code    10  dcheck1.o(x$fpl$dcheck1)
    _fp_init                                 0x0800a231   Thumb Code    10  fpinit.o(x$fpl$fpinit)
    __fplib_config_fpu_vfp                   0x0800a239   Thumb Code     0  fpinit.o(x$fpl$fpinit)
    __fplib_config_pureend_doubles           0x0800a239   Thumb Code     0  fpinit.o(x$fpl$fpinit)
    __ieee_status                            0x0800a23b   Thumb Code     6  istatus.o(x$fpl$ieeestatus)
    __fpl_return_NaN                         0x0800a241   Thumb Code   100  retnan.o(x$fpl$retnan)
    __ARM_scalbn                             0x0800a2a5   Thumb Code    92  scalbn.o(x$fpl$scalbn)
    _scanf_real                              0x0800a301   Thumb Code     4  scanf1.o(x$fpl$scanf1)
    _scanf_hex_real                          0x0800a305   Thumb Code     4  scanf2.o(x$fpl$scanf2)
    _scanf_infnan                            0x0800a309   Thumb Code     4  scanf2.o(x$fpl$scanf2)
    __fpl_cmpreturn                          0x0800a30d   Thumb Code    48  trapv.o(x$fpl$trapveneer)
    __I$use$fp                               0x0800a33c   Number         0  usenofp.o(x$fpl$usenofp)
    LL_RCC_PrescTable                        0x0800a36c   Data          16  stm32h7xx_ll_rcc.o(.constdata)
    D1CorePrescTable                         0x0800a37c   Data          16  system_stm32h7xx.o(.constdata)
    EventRecorderInfo                        0x0800a3fc   Data          24  eventrecorder.o(.constdata)
    __stdin_name                             0x0800a414   Data           7  retarget_io.o(.constdata)
    __stdout_name                            0x0800a41b   Data           8  retarget_io.o(.constdata)
    __stderr_name                            0x0800a423   Data           8  retarget_io.o(.constdata)
    Region$$Table$$Base                      0x0800a4c0   Number         0  anon$$obj.o(Region$$Table)
    Region$$Table$$Limit                     0x0800a4f0   Number         0  anon$$obj.o(Region$$Table)
    __aeabi_HUGE_VAL                         0x0800a4f0   Data           0  fpconst.o(c$$dinf)
    __aeabi_HUGE_VALL                        0x0800a4f0   Data           0  fpconst.o(c$$dinf)
    __aeabi_INFINITY                         0x0800a4f0   Data           0  fpconst.o(c$$dinf)
    __dInf                                   0x0800a4f0   Data           0  fpconst.o(c$$dinf)
    __huge_val                               0x0800a4f0   Data           0  fpconst.o(c$$dinf)
    __dbl_max                                0x0800a4f8   Data           0  fpconst.o(c$$dmax)
    __ctype                                  0x0800a529   Data           0  lc_ctype_c.o(locale$$data)
    uwTickFreq                               0x20000008   Data           1  stm32h7xx_hal.o(.data)
    uwTickPrio                               0x2000000c   Data           4  stm32h7xx_hal.o(.data)
    uwTick                                   0x20000010   Data           4  stm32h7xx_hal.o(.data)
    SystemCoreClock                          0x20000014   Data           4  system_stm32h7xx.o(.data)
    SystemD2Clock                            0x20000018   Data           4  system_stm32h7xx.o(.data)
    TIM3_Config                              0x2000001c   Data          12  bsp_timer.o(.data)
    g_Serial411_GainConfig                   0x2000005c   Data           5  module_serial411.o(.data)
    App_LEDToggle_Task_Handle                0x2000006c   Data           4  app_tasksinit.o(.data)
    App_Run10ms_Task_Handle                  0x20000070   Data           4  app_tasksinit.o(.data)
    App_Key_Task_Handle                      0x20000074   Data           4  app_tasksinit.o(.data)
    App_AD7616_Task_Handle                   0x20000078   Data           4  app_tasksinit.o(.data)
    App_IV_DataUpload_Task_Handle            0x2000007c   Data           4  app_tasksinit.o(.data)
    App_Light_DataUpload_Task_Handle         0x20000080   Data           4  app_tasksinit.o(.data)
    App_IncentiveSettingsTask_Handle         0x20000084   Data           4  app_tasksinit.o(.data)
    App_LightCollectionTask_Handle           0x20000088   Data           4  app_tasksinit.o(.data)
    xRawDataQueue                            0x20000090   Data           4  app_wavecollectiontask.o(.data)
    xIVDataQueue                             0x20000094   Data           4  app_wavecollectiontask.o(.data)
    xRawLightDataQueue                       0x2000009c   Data           4  app_lightcollectiontask.o(.data)
    xLightDataQueue                          0x200000a0   Data           4  app_lightcollectiontask.o(.data)
    pxCurrentTCB                             0x200000ac   Data           4  tasks.o(.data)
    __aeabi_stdin                            0x2000013c   Data           4  stdio_streams.o(.data)
    __aeabi_stdout                           0x20000140   Data           4  stdio_streams.o(.data)
    __aeabi_stderr                           0x20000144   Data           4  stdio_streams.o(.data)
    htim6                                    0x20000148   Data          76  stm32h7xx_hal_timebase_tim.o(.bss)
    bsp_fmc_psram_handle                     0x20000194   Data          76  bsp_fmc.o(.bss)
    xQueueRegistry                           0x200002f8   Data          64  queue.o(.bss)
    hpcd_USB_OTG_HS                          0x200111ec   Data        1292  usbd_conf.o(.bss)
    __stdin                                  0x200116f8   Data          84  stdio_streams.o(.bss)
    __stdout                                 0x2001174c   Data          84  stdio_streams.o(.bss)
    __stderr                                 0x200117a0   Data          84  stdio_streams.o(.bss)
    __libspace_start                         0x200117f4   Data          96  libspace.o(.bss)
    __temporary_stack_top$libspace           0x20011854   Data           0  libspace.o(.bss)
    tx_buffer                                0x30000000   Data        8192  module_transmitupper.o(RAM_D3)
    AD7616_DataBuffer_A                      0x30002000   Data        2048  app_wavecollectiontask.o(RAM_D3)
    AD7616_DataBuffer_B                      0x30002800   Data        2048  app_wavecollectiontask.o(RAM_D3)
    AD7616_IVBuffer_A                        0x30003000   Data        4096  app_wavecollectiontask.o(RAM_D3)
    AD7616_IVBuffer_B                        0x30004000   Data        4096  app_wavecollectiontask.o(RAM_D3)
    Light_DataBuffer_A                       0x30005000   Data        4096  app_lightcollectiontask.o(RAM_D3)
    Light_DataBuffer_B                       0x30006000   Data        4096  app_lightcollectiontask.o(RAM_D3)



==============================================================================

Memory Map of the image

  Image Entry point : 0x08000299

  Load Region LR_IROM1 (Base: 0x08000000, Size: 0x00011774, Max: 0x00200000, ABSOLUTE, COMPRESSED[0x0000a748])

    Execution Region ER_IROM1 (Exec base: 0x08000000, Load base: 0x08000000, Size: 0x0000a62c, Max: 0x00200000, ABSOLUTE)

    Exec Addr    Load Addr    Size         Type   Attr      Idx    E Section Name        Object

    0x08000000   0x08000000   0x00000298   Data   RO            3    RESET               startup_stm32h743xx.o
    0x08000298   0x08000298   0x00000008   Code   RO        10131  * !!!main             c_w.l(__main.o)
    0x080002a0   0x080002a0   0x00000034   Code   RO        10584    !!!scatter          c_w.l(__scatter.o)
    0x080002d4   0x080002d4   0x0000005a   Code   RO        10582    !!dczerorl2         c_w.l(__dczerorl2.o)
    0x0800032e   0x0800032e   0x00000002   PAD
    0x08000330   0x08000330   0x0000001c   Code   RO        10586    !!handler_zi        c_w.l(__scatter_zi.o)
    0x0800034c   0x0800034c   0x00000002   Code   RO        10349    .ARM.Collect$$libinit$$00000000  c_w.l(libinit.o)
    0x0800034e   0x0800034e   0x00000004   Code   RO        10350    .ARM.Collect$$libinit$$00000001  c_w.l(libinit2.o)
    0x08000352   0x08000352   0x00000000   Code   RO        10353    .ARM.Collect$$libinit$$00000004  c_w.l(libinit2.o)
    0x08000352   0x08000352   0x00000008   Code   RO        10354    .ARM.Collect$$libinit$$00000005  c_w.l(libinit2.o)
    0x0800035a   0x0800035a   0x00000000   Code   RO        10356    .ARM.Collect$$libinit$$0000000A  c_w.l(libinit2.o)
    0x0800035a   0x0800035a   0x00000000   Code   RO        10358    .ARM.Collect$$libinit$$0000000C  c_w.l(libinit2.o)
    0x0800035a   0x0800035a   0x00000000   Code   RO        10360    .ARM.Collect$$libinit$$0000000E  c_w.l(libinit2.o)
    0x0800035a   0x0800035a   0x00000006   Code   RO        10361    .ARM.Collect$$libinit$$0000000F  c_w.l(libinit2.o)
    0x08000360   0x08000360   0x00000000   Code   RO        10363    .ARM.Collect$$libinit$$00000011  c_w.l(libinit2.o)
    0x08000360   0x08000360   0x0000000c   Code   RO        10364    .ARM.Collect$$libinit$$00000012  c_w.l(libinit2.o)
    0x0800036c   0x0800036c   0x00000000   Code   RO        10365    .ARM.Collect$$libinit$$00000013  c_w.l(libinit2.o)
    0x0800036c   0x0800036c   0x00000000   Code   RO        10367    .ARM.Collect$$libinit$$00000015  c_w.l(libinit2.o)
    0x0800036c   0x0800036c   0x0000000a   Code   RO        10368    .ARM.Collect$$libinit$$00000016  c_w.l(libinit2.o)
    0x08000376   0x08000376   0x00000000   Code   RO        10369    .ARM.Collect$$libinit$$00000017  c_w.l(libinit2.o)
    0x08000376   0x08000376   0x00000000   Code   RO        10371    .ARM.Collect$$libinit$$00000019  c_w.l(libinit2.o)
    0x08000376   0x08000376   0x00000000   Code   RO        10373    .ARM.Collect$$libinit$$0000001B  c_w.l(libinit2.o)
    0x08000376   0x08000376   0x00000000   Code   RO        10375    .ARM.Collect$$libinit$$0000001D  c_w.l(libinit2.o)
    0x08000376   0x08000376   0x00000000   Code   RO        10377    .ARM.Collect$$libinit$$0000001F  c_w.l(libinit2.o)
    0x08000376   0x08000376   0x00000000   Code   RO        10379    .ARM.Collect$$libinit$$00000021  c_w.l(libinit2.o)
    0x08000376   0x08000376   0x00000000   Code   RO        10381    .ARM.Collect$$libinit$$00000023  c_w.l(libinit2.o)
    0x08000376   0x08000376   0x00000004   Code   RO        10382    .ARM.Collect$$libinit$$00000024  c_w.l(libinit2.o)
    0x0800037a   0x0800037a   0x00000000   Code   RO        10383    .ARM.Collect$$libinit$$00000025  c_w.l(libinit2.o)
    0x0800037a   0x0800037a   0x00000000   Code   RO        10387    .ARM.Collect$$libinit$$0000002C  c_w.l(libinit2.o)
    0x0800037a   0x0800037a   0x00000000   Code   RO        10389    .ARM.Collect$$libinit$$0000002E  c_w.l(libinit2.o)
    0x0800037a   0x0800037a   0x00000000   Code   RO        10391    .ARM.Collect$$libinit$$00000030  c_w.l(libinit2.o)
    0x0800037a   0x0800037a   0x00000000   Code   RO        10393    .ARM.Collect$$libinit$$00000032  c_w.l(libinit2.o)
    0x0800037a   0x0800037a   0x00000002   Code   RO        10394    .ARM.Collect$$libinit$$00000033  c_w.l(libinit2.o)
    0x0800037c   0x0800037c   0x00000002   Code   RO        10555    .ARM.Collect$$libshutdown$$00000000  c_w.l(libshutdown.o)
    0x0800037e   0x0800037e   0x00000000   Code   RO        10396    .ARM.Collect$$libshutdown$$00000002  c_w.l(libshutdown2.o)
    0x0800037e   0x0800037e   0x00000000   Code   RO        10398    .ARM.Collect$$libshutdown$$00000004  c_w.l(libshutdown2.o)
    0x0800037e   0x0800037e   0x00000004   Code   RO        10399    .ARM.Collect$$libshutdown$$00000005  c_w.l(libshutdown2.o)
    0x08000382   0x08000382   0x00000000   Code   RO        10400    .ARM.Collect$$libshutdown$$00000006  c_w.l(libshutdown2.o)
    0x08000382   0x08000382   0x00000000   Code   RO        10403    .ARM.Collect$$libshutdown$$00000009  c_w.l(libshutdown2.o)
    0x08000382   0x08000382   0x00000000   Code   RO        10406    .ARM.Collect$$libshutdown$$0000000C  c_w.l(libshutdown2.o)
    0x08000382   0x08000382   0x00000000   Code   RO        10408    .ARM.Collect$$libshutdown$$0000000E  c_w.l(libshutdown2.o)
    0x08000382   0x08000382   0x00000000   Code   RO        10411    .ARM.Collect$$libshutdown$$00000011  c_w.l(libshutdown2.o)
    0x08000382   0x08000382   0x00000002   Code   RO        10412    .ARM.Collect$$libshutdown$$00000012  c_w.l(libshutdown2.o)
    0x08000384   0x08000384   0x00000000   Code   RO        10141    .ARM.Collect$$rtentry$$00000000  c_w.l(__rtentry.o)
    0x08000384   0x08000384   0x00000000   Code   RO        10164    .ARM.Collect$$rtentry$$00000002  c_w.l(__rtentry2.o)
    0x08000384   0x08000384   0x00000006   Code   RO        10176    .ARM.Collect$$rtentry$$00000004  c_w.l(__rtentry4.o)
    0x0800038a   0x0800038a   0x00000000   Code   RO        10166    .ARM.Collect$$rtentry$$00000009  c_w.l(__rtentry2.o)
    0x0800038a   0x0800038a   0x00000004   Code   RO        10167    .ARM.Collect$$rtentry$$0000000A  c_w.l(__rtentry2.o)
    0x0800038e   0x0800038e   0x00000000   Code   RO        10169    .ARM.Collect$$rtentry$$0000000C  c_w.l(__rtentry2.o)
    0x0800038e   0x0800038e   0x00000008   Code   RO        10170    .ARM.Collect$$rtentry$$0000000D  c_w.l(__rtentry2.o)
    0x08000396   0x08000396   0x00000002   Code   RO        10419    .ARM.Collect$$rtexit$$00000000  c_w.l(rtexit.o)
    0x08000398   0x08000398   0x00000000   Code   RO        10486    .ARM.Collect$$rtexit$$00000002  c_w.l(rtexit2.o)
    0x08000398   0x08000398   0x00000004   Code   RO        10487    .ARM.Collect$$rtexit$$00000003  c_w.l(rtexit2.o)
    0x0800039c   0x0800039c   0x00000006   Code   RO        10488    .ARM.Collect$$rtexit$$00000004  c_w.l(rtexit2.o)
    0x080003a2   0x080003a2   0x00000002   PAD
    0x080003a4   0x080003a4   0x000000be   Code   RO         8979    .emb_text           port.o
    0x08000462   0x08000462   0x00000002   PAD
    0x08000464   0x08000464   0x00000074   Code   RO         9908    .emb_text           eventrecorder.o
    0x080004d8   0x080004d8   0x00000000   Code   RO        10492    .emb_text           c_w.l(maybetermalloc1.o)
    0x080004d8   0x080004d8   0x000000ac   Code   RO         6911    .itcm               app_wavecollectiontask.o
    0x08000584   0x08000584   0x000000b0   Code   RO         7031    .itcm               app_lightcollectiontask.o
    0x08000634   0x08000634   0x00000040   Code   RO            4    .text               startup_stm32h743xx.o
    0x08000674   0x08000674   0x00000018   Code   RO        10101    .text               c_w.l(noretval__2printf.o)
    0x0800068c   0x0800068c   0x0000003c   Code   RO        10103    .text               c_w.l(__0sscanf.o)
    0x080006c8   0x080006c8   0x0000014c   Code   RO        10105    .text               c_w.l(_scanf_int.o)
    0x08000814   0x08000814   0x00000004   Code   RO        10107    .text               c_w.l(strtok_r.o)
    0x08000818   0x08000818   0x00000014   Code   RO        10109    .text               c_w.l(strchr.o)
    0x0800082c   0x0800082c   0x00000024   Code   RO        10111    .text               c_w.l(strstr.o)
    0x08000850   0x08000850   0x0000008a   Code   RO        10113    .text               c_w.l(rt_memcpy_v6.o)
    0x080008da   0x080008da   0x00000064   Code   RO        10115    .text               c_w.l(rt_memcpy_w.o)
    0x0800093e   0x0800093e   0x00000010   Code   RO        10119    .text               c_w.l(aeabi_memset.o)
    0x0800094e   0x0800094e   0x00000044   Code   RO        10121    .text               c_w.l(rt_memclr.o)
    0x08000992   0x08000992   0x0000004e   Code   RO        10123    .text               c_w.l(rt_memclr_w.o)
    0x080009e0   0x080009e0   0x00000056   Code   RO        10125    .text               c_w.l(strncpy.o)
    0x08000a36   0x08000a36   0x00000002   PAD
    0x08000a38   0x08000a38   0x00000068   Code   RO        10127    .text               c_w.l(strcmpv7m_pel.o)
    0x08000aa0   0x08000aa0   0x00000006   Code   RO        10129    .text               c_w.l(heapauxi.o)
    0x08000aa6   0x08000aa6   0x00000002   PAD
    0x08000aa8   0x08000aa8   0x00000024   Code   RO        10142    .text               c_w.l(_printf_char_file.o)
    0x08000acc   0x08000acc   0x0000001c   Code   RO        10144    .text               c_w.l(_chval.o)
    0x08000ae8   0x08000ae8   0x000004f8   Code   RO        10146    .text               c_w.l(scanf_fp.o)
    0x08000fe0   0x08000fe0   0x0000002c   Code   RO        10150    .text               c_w.l(scanf_char.o)
    0x0800100c   0x0800100c   0x00000040   Code   RO        10152    .text               c_w.l(_sgetc.o)
    0x0800104c   0x0800104c   0x00000044   Code   RO        10160    .text               c_w.l(strtok_int.o)
    0x08001090   0x08001090   0x00000008   Code   RO        10181    .text               c_w.l(rt_locale_intlibspace.o)
    0x08001098   0x08001098   0x00000008   Code   RO        10186    .text               c_w.l(rt_errno_addr_intlibspace.o)
    0x080010a0   0x080010a0   0x00000012   Code   RO        10188    .text               c_w.l(isspace.o)
    0x080010b2   0x080010b2   0x00000002   PAD
    0x080010b4   0x080010b4   0x00000030   Code   RO        10190    .text               c_w.l(_printf_char_common.o)
    0x080010e4   0x080010e4   0x00000374   Code   RO        10192    .text               c_w.l(_scanf.o)
    0x08001458   0x08001458   0x000000e4   Code   RO        10194    .text               c_w.l(bigflt0.o)
    0x0800153c   0x0800153c   0x00000008   Code   RO        10219    .text               c_w.l(ferror.o)
    0x08001544   0x08001544   0x00000138   Code   RO        10221    .text               c_w.l(initio.o)
    0x0800167c   0x0800167c   0x00000020   Code   RO        10230    .text               c_w.l(strcspn.o)
    0x0800169c   0x0800169c   0x0000001c   Code   RO        10232    .text               c_w.l(strspn.o)
    0x080016b8   0x080016b8   0x00000008   Code   RO        10254    .text               c_w.l(libspace.o)
    0x080016c0   0x080016c0   0x0000004a   Code   RO        10259    .text               c_w.l(sys_stackheap_outer.o)
    0x0800170a   0x0800170a   0x00000002   PAD
    0x0800170c   0x0800170c   0x00000010   Code   RO        10261    .text               c_w.l(rt_ctype_table.o)
    0x0800171c   0x0800171c   0x0000004e   Code   RO        10265    .text               c_w.l(h1_free.o)
    0x0800176a   0x0800176a   0x00000016   Code   RO        10319    .text               c_w.l(_rserrno.o)
    0x08001780   0x08001780   0x00000028   Code   RO        10321    .text               c_w.l(__printf_nopercent.o)
    0x080017a8   0x080017a8   0x00000320   Code   RO        10323    .text               c_w.l(scanf_hexfp.o)
    0x08001ac8   0x08001ac8   0x00000134   Code   RO        10325    .text               c_w.l(scanf_infnan.o)
    0x08001bfc   0x08001bfc   0x00000046   Code   RO        10327    .text               c_w.l(setvbuf.o)
    0x08001c42   0x08001c42   0x00000002   PAD
    0x08001c44   0x08001c44   0x000000ec   Code   RO        10330    .text               c_w.l(fopen.o)
    0x08001d30   0x08001d30   0x0000004c   Code   RO        10332    .text               c_w.l(fclose.o)
    0x08001d7c   0x08001d7c   0x00000012   Code   RO        10338    .text               c_w.l(exit.o)
    0x08001d8e   0x08001d8e   0x0000000e   Code   RO        10340    .text               c_w.l(defsig_rtred_outer.o)
    0x08001d9c   0x08001d9c   0x00000008   Code   RO        10426    .text               c_w.l(rt_heap_descriptor_intlibspace.o)
    0x08001da4   0x08001da4   0x00000004   Code   RO        10428    .text               c_w.l(hguard.o)
    0x08001da8   0x08001da8   0x0000008a   Code   RO        10430    .text               c_w.l(init_alloc.o)
    0x08001e32   0x08001e32   0x0000005e   Code   RO        10436    .text               c_w.l(h1_alloc.o)
    0x08001e90   0x08001e90   0x00000026   Code   RO        10450    .text               c_w.l(llshl.o)
    0x08001eb6   0x08001eb6   0x00000002   PAD
    0x08001eb8   0x08001eb8   0x000000f8   Code   RO        10452    .text               c_w.l(fseek.o)
    0x08001fb0   0x08001fb0   0x000000f0   Code   RO        10454    .text               c_w.l(stdio.o)
    0x080020a0   0x080020a0   0x0000000a   Code   RO        10459    .text               c_w.l(defsig_exit.o)
    0x080020aa   0x080020aa   0x00000002   PAD
    0x080020ac   0x080020ac   0x00000034   Code   RO        10461    .text               c_w.l(defsig_rtred_inner.o)
    0x080020e0   0x080020e0   0x0000000c   Code   RO        10483    .text               c_w.l(sys_exit.o)
    0x080020ec   0x080020ec   0x0000000e   Code   RO        10494    .text               c_w.l(h1_init.o)
    0x080020fa   0x080020fa   0x00000034   Code   RO        10496    .text               c_w.l(h1_extend.o)
    0x0800212e   0x0800212e   0x00000042   Code   RO        10502    .text               c_w.l(ftell.o)
    0x08002170   0x08002170   0x00000032   Code   RO        10506    .text               c_w.l(defsig_general.o)
    0x080021a2   0x080021a2   0x0000000e   Code   RO        10508    .text               c_w.l(defsig_rtmem_outer.o)
    0x080021b0   0x080021b0   0x0000000e   Code   RO        10538    .text               c_w.l(sys_wrch.o)
    0x080021be   0x080021be   0x00000002   Code   RO        10542    .text               c_w.l(use_no_semi.o)
    0x080021c0   0x080021c0   0x00000000   Code   RO        10544    .text               c_w.l(indicate_semi.o)
    0x080021c0   0x080021c0   0x00000050   Code   RO        10549    .text               c_w.l(defsig_rtmem_inner.o)
    0x08002210   0x08002210   0x00000338   Code   RO        10207    CL$$btod_div_common  c_w.l(btod.o)
    0x08002548   0x08002548   0x00000084   Code   RO        10205    CL$$btod_e2d        c_w.l(btod.o)
    0x080025cc   0x080025cc   0x000000dc   Code   RO        10204    CL$$btod_e2e        c_w.l(btod.o)
    0x080026a8   0x080026a8   0x0000002a   Code   RO        10201    CL$$btod_ediv       c_w.l(btod.o)
    0x080026d2   0x080026d2   0x0000002a   Code   RO        10203    CL$$btod_edivd      c_w.l(btod.o)
    0x080026fc   0x080026fc   0x0000002a   Code   RO        10200    CL$$btod_emul       c_w.l(btod.o)
    0x08002726   0x08002726   0x0000002a   Code   RO        10202    CL$$btod_emuld      c_w.l(btod.o)
    0x08002750   0x08002750   0x00000244   Code   RO        10206    CL$$btod_mult_common  c_w.l(btod.o)
    0x08002994   0x08002994   0x0000000c   Code   RO         7078    i.App_CurveFit_Process  app_curvefit.o
    0x080029a0   0x080029a0   0x00000010   Code   RO         7079    i.App_CurveFit_RegisterCallback  app_curvefit.o
    0x080029b0   0x080029b0   0x0000000c   Code   RO         6827    i.App_GetUSART1_TxMutex  app_tasksinit.o
    0x080029bc   0x080029bc   0x0000004c   Code   RO         6965    i.App_IVDataUploadTask  app_vofa_dataupload.o
    0x08002a08   0x08002a08   0x000001c8   Code   RO         7003    i.App_IncentiveSettingsTask  app_incentivesettingstask.o
    0x08002bd0   0x08002bd0   0x00000012   Code   RO         6785    i.App_Init          app.o
    0x08002be2   0x08002be2   0x00000002   PAD
    0x08002be4   0x08002be4   0x0000004c   Code   RO         6828    i.App_KeyTestTask   app_tasksinit.o
    0x08002c30   0x08002c30   0x00000028   Code   RO         6829    i.App_LEDToggle_Task  app_tasksinit.o
    0x08002c58   0x08002c58   0x00000098   Code   RO         7032    i.App_LightCollectionTask  app_lightcollectiontask.o
    0x08002cf0   0x08002cf0   0x0000001c   Code   RO         7033    i.App_LightCollection_Start  app_lightcollectiontask.o
    0x08002d0c   0x08002d0c   0x0000005c   Code   RO         7034    i.App_LightCollection_Stop  app_lightcollectiontask.o
    0x08002d68   0x08002d68   0x0000004c   Code   RO         6966    i.App_LightDataUploadTask  app_vofa_dataupload.o
    0x08002db4   0x08002db4   0x00000016   Code   RO         6830    i.App_Run10ms_Task  app_tasksinit.o
    0x08002dca   0x08002dca   0x00000002   PAD
    0x08002dcc   0x08002dcc   0x00000194   Code   RO         6831    i.App_Tasks_Init    app_tasksinit.o
    0x08002f60   0x08002f60   0x00000110   Code   RO         6912    i.App_WaveCollectionTask  app_wavecollectiontask.o
    0x08003070   0x08003070   0x00000140   Code   RO         6114    i.BSP_DMA_AD7616_Init  bsp_dma.o
    0x080031b0   0x080031b0   0x00000098   Code   RO         6115    i.BSP_DMA_AD7616_Start  bsp_dma.o
    0x08003248   0x08003248   0x00000024   Code   RO         5800    i.BSP_DWT_DelayInit  bsp_timer.o
    0x0800326c   0x0800326c   0x00000024   Code   RO         5801    i.BSP_DWT_Delay_ms  bsp_timer.o
    0x08003290   0x08003290   0x00000028   Code   RO         5803    i.BSP_DWT_Delay_us  bsp_timer.o
    0x080032b8   0x080032b8   0x00000074   Code   RO         5985    i.BSP_FMC_PSRAM_Init  bsp_fmc.o
    0x0800332c   0x0800332c   0x000000c0   Code   RO         5986    i.BSP_FMC_PSRAM_MspInit  bsp_fmc.o
    0x080033ec   0x080033ec   0x00000008   Code   RO         5999    i.BSP_FMC_PSRAM_WriteHalfWord  bsp_fmc.o
    0x080033f4   0x080033f4   0x00000074   Code   RO         5618    i.BSP_GPIO_AD7616_BUSY_Init  bsp_gpio.o
    0x08003468   0x08003468   0x00000024   Code   RO         5619    i.BSP_GPIO_AD7616_FULL_RST  bsp_gpio.o
    0x0800348c   0x0800348c   0x00000038   Code   RO         5620    i.BSP_GPIO_AD7616_RST_Init  bsp_gpio.o
    0x080034c4   0x080034c4   0x00000008   Code   RO         5621    i.BSP_GPIO_KEY_GetHandle  bsp_gpio.o
    0x080034cc   0x080034cc   0x0000004c   Code   RO         5623    i.BSP_GPIO_KEY_Init  bsp_gpio.o
    0x08003518   0x08003518   0x00000038   Code   RO         5624    i.BSP_GPIO_LED_Init  bsp_gpio.o
    0x08003550   0x08003550   0x00000090   Code   RO         5625    i.BSP_GPIO_STM32F411_SYN_Init  bsp_gpio.o
    0x080035e0   0x080035e0   0x00000012   Code   RO         5626    i.BSP_GPIO_System_Clock_Init  bsp_gpio.o
    0x080035f2   0x080035f2   0x00000002   PAD
    0x080035f4   0x080035f4   0x00000010   Code   RO         5805    i.BSP_Get_TIM3_Config  bsp_timer.o
    0x08003604   0x08003604   0x00000128   Code   RO         5747    i.BSP_Init          bsp.o
    0x0800372c   0x0800372c   0x0000000a   Code   RO         5806    i.BSP_TIM2_PULSE_ClearCount  bsp_timer.o
    0x08003736   0x08003736   0x0000000c   Code   RO         5807    i.BSP_TIM2_PULSE_GetAndClearCount  bsp_timer.o
    0x08003742   0x08003742   0x00000002   PAD
    0x08003744   0x08003744   0x00000108   Code   RO         5809    i.BSP_TIM2_PULSE_Init  bsp_timer.o
    0x0800384c   0x0800384c   0x00000016   Code   RO         5811    i.BSP_TIM2_PULSE_Start  bsp_timer.o
    0x08003862   0x08003862   0x0000000e   Code   RO         5812    i.BSP_TIM2_PULSE_Stop  bsp_timer.o
    0x08003870   0x08003870   0x000000bc   Code   RO         5813    i.BSP_TIM3_PWM0_Init  bsp_timer.o
    0x0800392c   0x0800392c   0x0000002c   Code   RO         5815    i.BSP_TIM3_PWM0_SetParams  bsp_timer.o
    0x08003958   0x08003958   0x00000028   Code   RO         5816    i.BSP_TIM3_PWM0_Start  bsp_timer.o
    0x08003980   0x08003980   0x00000020   Code   RO         5817    i.BSP_TIM3_PWM0_Stop  bsp_timer.o
    0x080039a0   0x080039a0   0x00000110   Code   RO         6180    i.BSP_USART1_Init   bsp_usart.o
    0x08003ab0   0x08003ab0   0x00000020   Code   RO         6181    i.BSP_USART1_SendByte  bsp_usart.o
    0x08003ad0   0x08003ad0   0x000000c8   Code   RO         6182    i.BSP_USART3_Init   bsp_usart.o
    0x08003b98   0x08003b98   0x00000020   Code   RO         6183    i.BSP_USART3_SendByte  bsp_usart.o
    0x08003bb8   0x08003bb8   0x00000002   Code   RO          427    i.BusFault_Handler  stm32h7xx_it.o
    0x08003bba   0x08003bba   0x00000002   Code   RO         7080    i.CurveFit_Default_Linear  app_curvefit.o
    0x08003bbc   0x08003bbc   0x00000010   Code   RO         7081    i.CurveFit_Range10_100K_1_10  app_curvefit.o
    0x08003bcc   0x08003bcc   0x00000010   Code   RO         7082    i.CurveFit_Range11_100K_10_3_3  app_curvefit.o
    0x08003bdc   0x08003bdc   0x00000010   Code   RO         7083    i.CurveFit_Range12_100K_10_10  app_curvefit.o
    0x08003bec   0x08003bec   0x00000010   Code   RO         7084    i.CurveFit_Range13_100K_10_33  app_curvefit.o
    0x08003bfc   0x08003bfc   0x00000028   Code   RO         7085    i.CurveFit_Range1_33_1_1  app_curvefit.o
    0x08003c24   0x08003c24   0x00000028   Code   RO         7086    i.CurveFit_Range2_33_1_3_3  app_curvefit.o
    0x08003c4c   0x08003c4c   0x00000010   Code   RO         7087    i.CurveFit_Range3_33_1_10  app_curvefit.o
    0x08003c5c   0x08003c5c   0x00000010   Code   RO         7088    i.CurveFit_Range4_1K_1_1  app_curvefit.o
    0x08003c6c   0x08003c6c   0x00000010   Code   RO         7089    i.CurveFit_Range5_1K_1_3_3  app_curvefit.o
    0x08003c7c   0x08003c7c   0x00000010   Code   RO         7090    i.CurveFit_Range6_10K_1_1  app_curvefit.o
    0x08003c8c   0x08003c8c   0x00000010   Code   RO         7091    i.CurveFit_Range7_10K_10_3_3  app_curvefit.o
    0x08003c9c   0x08003c9c   0x00000010   Code   RO         7092    i.CurveFit_Range8_100K_1_1  app_curvefit.o
    0x08003cac   0x08003cac   0x00000010   Code   RO         7093    i.CurveFit_Range9_100K_1_3_3  app_curvefit.o
    0x08003cbc   0x08003cbc   0x00000080   Code   RO         6913    i.DMA1_Stream0_IRQHandler  app_wavecollectiontask.o
    0x08003d3c   0x08003d3c   0x00000002   Code   RO          428    i.DebugMon_Handler  stm32h7xx_it.o
    0x08003d3e   0x08003d3e   0x00000004   Code   RO         7188    i.Error_Handler     sys.o
    0x08003d42   0x08003d42   0x00000002   PAD
    0x08003d44   0x08003d44   0x00000024   Code   RO         9909    i.EventCheckFilter  eventrecorder.o
    0x08003d68   0x08003d68   0x00000034   Code   RO         9910    i.EventGetTS        eventrecorder.o
    0x08003d9c   0x08003d9c   0x00000100   Code   RO         9913    i.EventRecordData   eventrecorder.o
    0x08003e9c   0x08003e9c   0x000000a8   Code   RO         9914    i.EventRecordItem   eventrecorder.o
    0x08003f44   0x08003f44   0x0000000c   Code   RO         9921    i.EventRecorderTimerGetCount  eventrecorder.o
    0x08003f50   0x08003f50   0x00000040   Code   RO          617    i.FMC_NORSRAM_Extended_Timing_Init  stm32h7xx_ll_fmc.o
    0x08003f90   0x08003f90   0x00000094   Code   RO          618    i.FMC_NORSRAM_Init  stm32h7xx_ll_fmc.o
    0x08004024   0x08004024   0x00000068   Code   RO          619    i.FMC_NORSRAM_Timing_Init  stm32h7xx_ll_fmc.o
    0x0800408c   0x0800408c   0x0000008c   Code   RO           13    i.HAL_FMC_MspInit   fmc.o
    0x08004118   0x08004118   0x0000022c   Code   RO         2669    i.HAL_GPIO_Init     stm32h7xx_hal_gpio.o
    0x08004344   0x08004344   0x00000010   Code   RO         3689    i.HAL_IncTick       stm32h7xx_hal.o
    0x08004354   0x08004354   0x0000005c   Code   RO         3690    i.HAL_Init          stm32h7xx_hal.o
    0x080043b0   0x080043b0   0x0000008c   Code   RO          521    i.HAL_InitTick      stm32h7xx_hal_timebase_tim.o
    0x0800443c   0x0800443c   0x0000005c   Code   RO         3524    i.HAL_MPU_ConfigRegion  stm32h7xx_hal_cortex.o
    0x08004498   0x08004498   0x0000001c   Code   RO         3525    i.HAL_MPU_Disable   stm32h7xx_hal_cortex.o
    0x080044b4   0x080044b4   0x00000024   Code   RO         3526    i.HAL_MPU_Enable    stm32h7xx_hal_cortex.o
    0x080044d8   0x080044d8   0x00000024   Code   RO          497    i.HAL_MspInit       stm32h7xx_hal_msp.o
    0x080044fc   0x080044fc   0x0000001a   Code   RO         3529    i.HAL_NVIC_EnableIRQ  stm32h7xx_hal_cortex.o
    0x08004516   0x08004516   0x00000002   PAD
    0x08004518   0x08004518   0x00000040   Code   RO         3535    i.HAL_NVIC_SetPriority  stm32h7xx_hal_cortex.o
    0x08004558   0x08004558   0x00000024   Code   RO         3536    i.HAL_NVIC_SetPriorityGrouping  stm32h7xx_hal_cortex.o
    0x0800457c   0x0800457c   0x00000002   Code   RO         1423    i.HAL_PCDEx_LPM_Callback  stm32h7xx_hal_pcd_ex.o
    0x0800457e   0x0800457e   0x00000008   Code   RO         9276    i.HAL_PCD_ConnectCallback  usbd_conf.o
    0x08004586   0x08004586   0x00000012   Code   RO         9277    i.HAL_PCD_DataInStageCallback  usbd_conf.o
    0x08004598   0x08004598   0x00000014   Code   RO         9278    i.HAL_PCD_DataOutStageCallback  usbd_conf.o
    0x080045ac   0x080045ac   0x00000008   Code   RO         9279    i.HAL_PCD_DisconnectCallback  usbd_conf.o
    0x080045b4   0x080045b4   0x0000001e   Code   RO         1194    i.HAL_PCD_EP_Abort  stm32h7xx_hal_pcd.o
    0x080045d2   0x080045d2   0x0000005c   Code   RO         1196    i.HAL_PCD_EP_ClrStall  stm32h7xx_hal_pcd.o
    0x0800462e   0x0800462e   0x00000060   Code   RO         1199    i.HAL_PCD_EP_Open   stm32h7xx_hal_pcd.o
    0x0800468e   0x0800468e   0x00000034   Code   RO         1200    i.HAL_PCD_EP_Receive  stm32h7xx_hal_pcd.o
    0x080046c2   0x080046c2   0x00000074   Code   RO         1201    i.HAL_PCD_EP_SetStall  stm32h7xx_hal_pcd.o
    0x08004736   0x08004736   0x00000034   Code   RO         1202    i.HAL_PCD_EP_Transmit  stm32h7xx_hal_pcd.o
    0x0800476a   0x0800476a   0x00000002   PAD
    0x0800476c   0x0800476c   0x0000059c   Code   RO         1204    i.HAL_PCD_IRQHandler  stm32h7xx_hal_pcd.o
    0x08004d08   0x08004d08   0x00000008   Code   RO         9280    i.HAL_PCD_ISOINIncompleteCallback  usbd_conf.o
    0x08004d10   0x08004d10   0x00000008   Code   RO         9281    i.HAL_PCD_ISOOUTIncompleteCallback  usbd_conf.o
    0x08004d18   0x08004d18   0x0000002c   Code   RO         9284    i.HAL_PCD_ResetCallback  usbd_conf.o
    0x08004d44   0x08004d44   0x00000008   Code   RO         9285    i.HAL_PCD_ResumeCallback  usbd_conf.o
    0x08004d4c   0x08004d4c   0x00000008   Code   RO         9286    i.HAL_PCD_SOFCallback  usbd_conf.o
    0x08004d54   0x08004d54   0x00000028   Code   RO         1213    i.HAL_PCD_SetAddress  stm32h7xx_hal_pcd.o
    0x08004d7c   0x08004d7c   0x0000000e   Code   RO         9287    i.HAL_PCD_SetupStageCallback  usbd_conf.o
    0x08004d8a   0x08004d8a   0x00000002   PAD
    0x08004d8c   0x08004d8c   0x00000030   Code   RO         9288    i.HAL_PCD_SuspendCallback  usbd_conf.o
    0x08004dbc   0x08004dbc   0x0000005c   Code   RO         2179    i.HAL_RCC_GetClockConfig  stm32h7xx_hal_rcc.o
    0x08004e18   0x08004e18   0x00000044   Code   RO         2180    i.HAL_RCC_GetHCLKFreq  stm32h7xx_hal_rcc.o
    0x08004e5c   0x08004e5c   0x00000024   Code   RO         2182    i.HAL_RCC_GetPCLK1Freq  stm32h7xx_hal_rcc.o
    0x08004e80   0x08004e80   0x00000138   Code   RO         2184    i.HAL_RCC_GetSysClockFreq  stm32h7xx_hal_rcc.o
    0x08004fb8   0x08004fb8   0x0000006c   Code   RO          763    i.HAL_SRAM_Init     stm32h7xx_hal_sram.o
    0x08005024   0x08005024   0x00000004   Code   RO           15    i.HAL_SRAM_MspInit  fmc.o
    0x08005028   0x08005028   0x00000002   Code   RO         5290    i.HAL_TIMEx_Break2Callback  stm32h7xx_hal_tim_ex.o
    0x0800502a   0x0800502a   0x00000002   Code   RO         5291    i.HAL_TIMEx_BreakCallback  stm32h7xx_hal_tim_ex.o
    0x0800502c   0x0800502c   0x00000002   Code   RO         5292    i.HAL_TIMEx_CommutCallback  stm32h7xx_hal_tim_ex.o
    0x0800502e   0x0800502e   0x00000062   Code   RO         4576    i.HAL_TIM_Base_Init  stm32h7xx_hal_tim.o
    0x08005090   0x08005090   0x00000002   Code   RO         4578    i.HAL_TIM_Base_MspInit  stm32h7xx_hal_tim.o
    0x08005092   0x08005092   0x00000002   PAD
    0x08005094   0x08005094   0x0000008c   Code   RO         4581    i.HAL_TIM_Base_Start_IT  stm32h7xx_hal_tim.o
    0x08005120   0x08005120   0x00000002   Code   RO         4610    i.HAL_TIM_IC_CaptureCallback  stm32h7xx_hal_tim.o
    0x08005122   0x08005122   0x00000182   Code   RO         4624    i.HAL_TIM_IRQHandler  stm32h7xx_hal_tim.o
    0x080052a4   0x080052a4   0x00000002   Code   RO         4627    i.HAL_TIM_OC_DelayElapsedCallback  stm32h7xx_hal_tim.o
    0x080052a6   0x080052a6   0x00000002   Code   RO         4654    i.HAL_TIM_PWM_PulseFinishedCallback  stm32h7xx_hal_tim.o
    0x080052a8   0x080052a8   0x00000014   Code   RO         7189    i.HAL_TIM_PeriodElapsedCallback  sys.o
    0x080052bc   0x080052bc   0x00000002   Code   RO         4667    i.HAL_TIM_TriggerCallback  stm32h7xx_hal_tim.o
    0x080052be   0x080052be   0x00000002   Code   RO          429    i.HardFault_Handler  stm32h7xx_it.o
    0x080052c0   0x080052c0   0x00000018   Code   RO         7190    i.LL_AHB2_GRP1_EnableClock  sys.o
    0x080052d8   0x080052d8   0x00000018   Code   RO         5627    i.LL_AHB4_GRP1_EnableClock  bsp_gpio.o
    0x080052f0   0x080052f0   0x00000018   Code   RO         5823    i.LL_AHB4_GRP1_EnableClock  bsp_timer.o
    0x08005308   0x08005308   0x00000018   Code   RO         6184    i.LL_AHB4_GRP1_EnableClock  bsp_usart.o
    0x08005320   0x08005320   0x00000018   Code   RO         5824    i.LL_APB1_GRP1_EnableClock  bsp_timer.o
    0x08005338   0x08005338   0x00000018   Code   RO         6118    i.LL_DMA_SetDataLength  bsp_dma.o
    0x08005350   0x08005350   0x00000014   Code   RO         6119    i.LL_DMA_SetMode    bsp_dma.o
    0x08005364   0x08005364   0x000001a0   Code   RO         1095    i.LL_EXTI_Init      stm32h7xx_ll_exti.o
    0x08005504   0x08005504   0x00000014   Code   RO         5628    i.LL_EXTI_IsActiveFlag_0_31  bsp_gpio.o
    0x08005518   0x08005518   0x000000b4   Code   RO         1136    i.LL_GPIO_Init      stm32h7xx_ll_gpio.o
    0x080055cc   0x080055cc   0x00000012   Code   RO         5629    i.LL_GPIO_SetPinMode  bsp_gpio.o
    0x080055de   0x080055de   0x00000012   Code   RO         5630    i.LL_GPIO_SetPinPull  bsp_gpio.o
    0x080055f0   0x080055f0   0x00000010   Code   RO         1794    i.LL_RCC_CSI_IsReady  stm32h7xx_ll_rcc.o
    0x08005600   0x08005600   0x0000004c   Code   RO         1795    i.LL_RCC_CalcPLLClockFreq  stm32h7xx_ll_rcc.o
    0x0800564c   0x0800564c   0x00000020   Code   RO         1800    i.LL_RCC_GetClockSource  stm32h7xx_ll_rcc.o
    0x0800566c   0x0800566c   0x000000f0   Code   RO         1807    i.LL_RCC_GetPLL1ClockFreq  stm32h7xx_ll_rcc.o
    0x0800575c   0x0800575c   0x000000f4   Code   RO         1808    i.LL_RCC_GetPLL2ClockFreq  stm32h7xx_ll_rcc.o
    0x08005850   0x08005850   0x000000f8   Code   RO         1809    i.LL_RCC_GetPLL3ClockFreq  stm32h7xx_ll_rcc.o
    0x08005948   0x08005948   0x00000010   Code   RO         1817    i.LL_RCC_GetSysPrescaler  stm32h7xx_ll_rcc.o
    0x08005958   0x08005958   0x00000108   Code   RO         1819    i.LL_RCC_GetUSARTClockFreq  stm32h7xx_ll_rcc.o
    0x08005a60   0x08005a60   0x00000010   Code   RO         1821    i.LL_RCC_HSE_IsReady  stm32h7xx_ll_rcc.o
    0x08005a70   0x08005a70   0x00000010   Code   RO         1822    i.LL_RCC_HSI_GetDivider  stm32h7xx_ll_rcc.o
    0x08005a80   0x08005a80   0x00000010   Code   RO         1823    i.LL_RCC_HSI_IsReady  stm32h7xx_ll_rcc.o
    0x08005a90   0x08005a90   0x00000010   Code   RO         1824    i.LL_RCC_LSE_IsReady  stm32h7xx_ll_rcc.o
    0x08005aa0   0x08005aa0   0x00000010   Code   RO         1826    i.LL_RCC_PLL2_IsReady  stm32h7xx_ll_rcc.o
    0x08005ab0   0x08005ab0   0x00000010   Code   RO         1827    i.LL_RCC_PLL3_IsReady  stm32h7xx_ll_rcc.o
    0x08005ac0   0x08005ac0   0x00000014   Code   RO         7192    i.LL_RCC_SetAHBPrescaler  sys.o
    0x08005ad4   0x08005ad4   0x00000024   Code   RO         6185    i.LL_RCC_SetUSARTClockSource  bsp_usart.o
    0x08005af8   0x08005af8   0x0000002a   Code   RO         5631    i.LL_SYSCFG_SetEXTISource  bsp_gpio.o
    0x08005b22   0x08005b22   0x00000002   PAD
    0x08005b24   0x08005b24   0x0000000c   Code   RO         2052    i.LL_SetSystemCoreClock  stm32h7xx_ll_utils.o
    0x08005b30   0x08005b30   0x000000c0   Code   RO          907    i.LL_TIM_Init       stm32h7xx_ll_tim.o
    0x08005bf0   0x08005bf0   0x00000194   Code   RO          908    i.LL_TIM_OC_Init    stm32h7xx_ll_tim.o
    0x08005d84   0x08005d84   0x00000118   Code   RO         1036    i.LL_USART_Init     stm32h7xx_ll_usart.o
    0x08005e9c   0x08005e9c   0x0000001a   Code   RO         6186    i.LL_USART_SetRXFIFOThreshold  bsp_usart.o
    0x08005eb6   0x08005eb6   0x00000002   PAD
    0x08005eb8   0x08005eb8   0x00000016   Code   RO         6187    i.LL_USART_SetTXFIFOThreshold  bsp_usart.o
    0x08005ece   0x08005ece   0x000000b4   Code   RO         7193    i.MPU_Config        sys.o
    0x08005f82   0x08005f82   0x00000002   Code   RO          430    i.MemManage_Handler  stm32h7xx_it.o
    0x08005f84   0x08005f84   0x000000a8   Code   RO         6424    i.Module_AD7616_Config  module_ad7616.o
    0x0800602c   0x0800602c   0x00000030   Code   RO         6425    i.Module_AD7616_ConfigRegister  module_ad7616.o
    0x0800605c   0x0800605c   0x00000008   Code   RO         6435    i.Module_AD7616_SetChannelSelect  module_ad7616.o
    0x08006064   0x08006064   0x00000018   Code   RO         6436    i.Module_AD7616_SetOversample  module_ad7616.o
    0x0800607c   0x0800607c   0x000001b8   Code   RO         6440    i.Module_AD7616_Set_SampleRate  module_ad7616.o
    0x08006234   0x08006234   0x00000018   Code   RO         6443    i.Module_AD7616_WriteReg  module_ad7616.o
    0x0800624c   0x0800624c   0x0000000e   Code   RO         6367    i.Module_Config     module.o
    0x0800625a   0x0800625a   0x00000002   PAD
    0x0800625c   0x0800625c   0x00000044   Code   RO         6271    i.Module_InitKeyVar  module_key.o
    0x080062a0   0x080062a0   0x00000018   Code   RO         6272    i.Module_KEY_Config  module_key.o
    0x080062b8   0x080062b8   0x00000004   Code   RO         6605    i.Module_LightCounting_ClearCount  module_lightcounting.o
    0x080062bc   0x080062bc   0x00000004   Code   RO         6606    i.Module_LightCounting_GetAndClearCount  module_lightcounting.o
    0x080062c0   0x080062c0   0x00000004   Code   RO         6608    i.Module_LightCounting_Init  module_lightcounting.o
    0x080062c4   0x080062c4   0x00000004   Code   RO         6609    i.Module_LightCounting_Start  module_lightcounting.o
    0x080062c8   0x080062c8   0x00000004   Code   RO         6610    i.Module_LightCounting_Stop  module_lightcounting.o
    0x080062cc   0x080062cc   0x00000004   Code   RO         6368    i.Module_RunPer10ms  module.o
    0x080062d0   0x080062d0   0x00000118   Code   RO         6727    i.Module_TransmitUpper_PackFrame  module_transmitupper.o
    0x080063e8   0x080063e8   0x00000020   Code   RO         6728    i.Module_TransmitUpper_SendBuffer  module_transmitupper.o
    0x08006408   0x08006408   0x00000026   Code   RO         6729    i.Module_TransmitUpper_SendFrame  module_transmitupper.o
    0x0800642e   0x0800642e   0x00000012   Code   RO         6730    i.Module_TransmitUpper_SendIVData  module_transmitupper.o
    0x08006440   0x08006440   0x00000012   Code   RO         6731    i.Module_TransmitUpper_SendLightData  module_transmitupper.o
    0x08006452   0x08006452   0x00000002   PAD
    0x08006454   0x08006454   0x00000014   Code   RO         6663    i.Module_USART1_IsDataReady  module_receiveupper.o
    0x08006468   0x08006468   0x000001e8   Code   RO         6664    i.Module_USART1_ParseData  module_receiveupper.o
    0x08006650   0x08006650   0x00000078   Code   RO         6665    i.Module_USART1_ReceiveChar  module_receiveupper.o
    0x080066c8   0x080066c8   0x000000b4   Code   RO         6274    i.Moudle_Key_Detect  module_key.o
    0x0800677c   0x0800677c   0x00000024   Code   RO         6276    i.Moudle_Key_GetFifoBuffer  module_key.o
    0x080067a0   0x080067a0   0x00000054   Code   RO         6278    i.Moudle_Key_IsPressed  module_key.o
    0x080067f4   0x080067f4   0x0000001c   Code   RO         6279    i.Moudle_Key_PutFifoBuffer  module_key.o
    0x08006810   0x08006810   0x00000014   Code   RO         6280    i.Moudle_Key_Scan10ms  module_key.o
    0x08006824   0x08006824   0x00000002   Code   RO          431    i.NMI_Handler       stm32h7xx_it.o
    0x08006826   0x08006826   0x00000002   PAD
    0x08006828   0x08006828   0x000000a0   Code   RO          911    i.OC1Config         stm32h7xx_ll_tim.o
    0x080068c8   0x080068c8   0x000000a4   Code   RO          912    i.OC2Config         stm32h7xx_ll_tim.o
    0x0800696c   0x0800696c   0x000000a4   Code   RO          913    i.OC3Config         stm32h7xx_ll_tim.o
    0x08006a10   0x08006a10   0x0000000c   Code   RO          432    i.OTG_HS_IRQHandler  stm32h7xx_it.o
    0x08006a1c   0x08006a1c   0x000000cc   Code   RO         1219    i.PCD_EP_OutXfrComplete_int  stm32h7xx_hal_pcd.o
    0x08006ae8   0x08006ae8   0x000000a2   Code   RO         1220    i.PCD_WriteEmptyTxFifo  stm32h7xx_hal_pcd.o
    0x08006b8a   0x08006b8a   0x00000002   PAD
    0x08006b8c   0x08006b8c   0x0000001c   Code   RO         1828    i.RCC_GetHCLKClockFreq  stm32h7xx_ll_rcc.o
    0x08006ba8   0x08006ba8   0x00000020   Code   RO         1829    i.RCC_GetPCLK1ClockFreq  stm32h7xx_ll_rcc.o
    0x08006bc8   0x08006bc8   0x00000020   Code   RO         1830    i.RCC_GetPCLK2ClockFreq  stm32h7xx_ll_rcc.o
    0x08006be8   0x08006be8   0x00000048   Code   RO         1832    i.RCC_GetSystemClockFreq  stm32h7xx_ll_rcc.o
    0x08006c30   0x08006c30   0x00000048   Code   RO         7194    i.SRAM_ClockEnable  sys.o
    0x08006c78   0x08006c78   0x0000000a   Code   RO         9657    i.SWAPBYTE          usbd_ctlreq.o
    0x08006c82   0x08006c82   0x00000002   PAD
    0x08006c84   0x08006c84   0x000000a0   Code   RO         6574    i.Serial_SendPacket  module_serial411.o
    0x08006d24   0x08006d24   0x0000001a   Code   RO         8405    i.SysTick_Handler   cmsis_os2.o
    0x08006d3e   0x08006d3e   0x00000002   PAD
    0x08006d40   0x08006d40   0x0000017c   Code   RO         7196    i.SystemClock_Config  sys.o
    0x08006ebc   0x08006ebc   0x000000dc   Code   RO         5582    i.SystemInit        system_stm32h7xx.o
    0x08006f98   0x08006f98   0x0000000c   Code   RO          433    i.TIM6_DAC_IRQHandler  stm32h7xx_it.o
    0x08006fa4   0x08006fa4   0x000000c4   Code   RO         4669    i.TIM_Base_SetConfig  stm32h7xx_hal_tim.o
    0x08007068   0x08007068   0x00000004   Code   RO         6666    i.USART1_IRQHandler  module_receiveupper.o
    0x0800706c   0x0800706c   0x0000001c   Code   RO         6667    i.USART1_IRQ_Task   module_receiveupper.o
    0x08007088   0x08007088   0x00000014   Code   RO         9494    i.USBD_ClrClassConfig  usbd_core.o
    0x0800709c   0x0800709c   0x00000004   Code   RO         9495    i.USBD_CoreFindEP   usbd_core.o
    0x080070a0   0x080070a0   0x00000004   Code   RO         9496    i.USBD_CoreFindIF   usbd_core.o
    0x080070a4   0x080070a4   0x00000010   Code   RO         9734    i.USBD_CtlContinueRx  usbd_ioreq.o
    0x080070b4   0x080070b4   0x00000010   Code   RO         9735    i.USBD_CtlContinueSendData  usbd_ioreq.o
    0x080070c4   0x080070c4   0x00000016   Code   RO         9658    i.USBD_CtlError     usbd_ctlreq.o
    0x080070da   0x080070da   0x00000016   Code   RO         9737    i.USBD_CtlReceiveStatus  usbd_ioreq.o
    0x080070f0   0x080070f0   0x0000001a   Code   RO         9738    i.USBD_CtlSendData  usbd_ioreq.o
    0x0800710a   0x0800710a   0x00000016   Code   RO         9739    i.USBD_CtlSendStatus  usbd_ioreq.o
    0x08007120   0x08007120   0x000000fa   Code   RO         9659    i.USBD_GetDescriptor  usbd_ctlreq.o
    0x0800721a   0x0800721a   0x00000018   Code   RO         9289    i.USBD_Get_USB_Status  usbd_conf.o
    0x08007232   0x08007232   0x00000012   Code   RO         9290    i.USBD_LL_ClearStallEP  usbd_conf.o
    0x08007244   0x08007244   0x000000b8   Code   RO         9501    i.USBD_LL_DataInStage  usbd_core.o
    0x080072fc   0x080072fc   0x00000090   Code   RO         9502    i.USBD_LL_DataOutStage  usbd_core.o
    0x0800738c   0x0800738c   0x00000004   Code   RO         9503    i.USBD_LL_DevConnected  usbd_core.o
    0x08007390   0x08007390   0x00000020   Code   RO         9504    i.USBD_LL_DevDisconnected  usbd_core.o
    0x080073b0   0x080073b0   0x00000020   Code   RO         9297    i.USBD_LL_IsStallEP  usbd_conf.o
    0x080073d0   0x080073d0   0x00000028   Code   RO         9505    i.USBD_LL_IsoINIncomplete  usbd_core.o
    0x080073f8   0x080073f8   0x00000028   Code   RO         9506    i.USBD_LL_IsoOUTIncomplete  usbd_core.o
    0x08007420   0x08007420   0x00000018   Code   RO         9298    i.USBD_LL_OpenEP    usbd_conf.o
    0x08007438   0x08007438   0x00000012   Code   RO         9299    i.USBD_LL_PrepareReceive  usbd_conf.o
    0x0800744a   0x0800744a   0x0000005e   Code   RO         9507    i.USBD_LL_Reset     usbd_core.o
    0x080074a8   0x080074a8   0x00000014   Code   RO         9508    i.USBD_LL_Resume    usbd_core.o
    0x080074bc   0x080074bc   0x0000001a   Code   RO         9509    i.USBD_LL_SOF       usbd_core.o
    0x080074d6   0x080074d6   0x00000006   Code   RO         9510    i.USBD_LL_SetSpeed  usbd_core.o
    0x080074dc   0x080074dc   0x00000012   Code   RO         9300    i.USBD_LL_SetUSBAddress  usbd_conf.o
    0x080074ee   0x080074ee   0x00000060   Code   RO         9511    i.USBD_LL_SetupStage  usbd_core.o
    0x0800754e   0x0800754e   0x00000012   Code   RO         9301    i.USBD_LL_StallEP   usbd_conf.o
    0x08007560   0x08007560   0x0000001a   Code   RO         9512    i.USBD_LL_Suspend   usbd_core.o
    0x0800757a   0x0800757a   0x00000012   Code   RO         9304    i.USBD_LL_Transmit  usbd_conf.o
    0x0800758c   0x0800758c   0x0000002a   Code   RO         9661    i.USBD_ParseSetupRequest  usbd_ctlreq.o
    0x080075b6   0x080075b6   0x00000014   Code   RO         9515    i.USBD_SetClassConfig  usbd_core.o
    0x080075ca   0x080075ca   0x00000002   PAD
    0x080075cc   0x080075cc   0x000000bc   Code   RO         9662    i.USBD_SetConfig    usbd_ctlreq.o
    0x08007688   0x08007688   0x0000012e   Code   RO         9663    i.USBD_StdDevReq    usbd_ctlreq.o
    0x080077b6   0x080077b6   0x00000164   Code   RO         9664    i.USBD_StdEPReq     usbd_ctlreq.o
    0x0800791a   0x0800791a   0x00000074   Code   RO         9665    i.USBD_StdItfReq    usbd_ctlreq.o
    0x0800798e   0x0800798e   0x00000002   PAD
    0x08007990   0x08007990   0x00000080   Code   RO         1490    i.USB_ActivateEndpoint  stm32h7xx_ll_usb.o
    0x08007a10   0x08007a10   0x0000001c   Code   RO         1492    i.USB_ActivateSetup  stm32h7xx_ll_usb.o
    0x08007a2c   0x08007a2c   0x00000058   Code   RO         1505    i.USB_EP0_OutStart  stm32h7xx_ll_usb.o
    0x08007a84   0x08007a84   0x00000058   Code   RO         1506    i.USB_EPClearStall  stm32h7xx_ll_usb.o
    0x08007adc   0x08007adc   0x00000058   Code   RO         1507    i.USB_EPSetStall    stm32h7xx_ll_usb.o
    0x08007b34   0x08007b34   0x00000238   Code   RO         1508    i.USB_EPStartXfer   stm32h7xx_ll_usb.o
    0x08007d6c   0x08007d6c   0x0000009e   Code   RO         1509    i.USB_EPStopXfer    stm32h7xx_ll_usb.o
    0x08007e0a   0x08007e0a   0x00000002   PAD
    0x08007e0c   0x08007e0c   0x00000040   Code   RO         1512    i.USB_FlushTxFifo   stm32h7xx_ll_usb.o
    0x08007e4c   0x08007e4c   0x0000001a   Code   RO         1514    i.USB_GetDevSpeed   stm32h7xx_ll_usb.o
    0x08007e66   0x08007e66   0x00000008   Code   RO         1516    i.USB_GetMode       stm32h7xx_ll_usb.o
    0x08007e6e   0x08007e6e   0x0000000e   Code   RO         1524    i.USB_ReadDevAllInEpInterrupt  stm32h7xx_ll_usb.o
    0x08007e7c   0x08007e7c   0x0000000e   Code   RO         1525    i.USB_ReadDevAllOutEpInterrupt  stm32h7xx_ll_usb.o
    0x08007e8a   0x08007e8a   0x00000024   Code   RO         1526    i.USB_ReadDevInEPInterrupt  stm32h7xx_ll_usb.o
    0x08007eae   0x08007eae   0x00000010   Code   RO         1527    i.USB_ReadDevOutEPInterrupt  stm32h7xx_ll_usb.o
    0x08007ebe   0x08007ebe   0x00000008   Code   RO         1528    i.USB_ReadInterrupts  stm32h7xx_ll_usb.o
    0x08007ec6   0x08007ec6   0x00000040   Code   RO         1529    i.USB_ReadPacket    stm32h7xx_ll_usb.o
    0x08007f06   0x08007f06   0x00000022   Code   RO         1532    i.USB_SetDevAddress  stm32h7xx_ll_usb.o
    0x08007f28   0x08007f28   0x000000e8   Code   RO         1534    i.USB_SetTurnaroundTime  stm32h7xx_ll_usb.o
    0x08008010   0x08008010   0x00000028   Code   RO         1537    i.USB_WritePacket   stm32h7xx_ll_usb.o
    0x08008038   0x08008038   0x00000002   Code   RO          434    i.UsageFault_Handler  stm32h7xx_it.o
    0x0800803a   0x0800803a   0x0000001a   Code   RO         5632    i.__NVIC_EnableIRQ  bsp_gpio.o
    0x08008054   0x08008054   0x00000022   Code   RO         3542    i.__NVIC_SetPriority  stm32h7xx_hal_cortex.o
    0x08008076   0x08008076   0x00000022   Code   RO         5633    i.__NVIC_SetPriority  bsp_gpio.o
    0x08008098   0x08008098   0x000000dc   Code   RO        10246    i.__hardfp___mathlib_tofloat  m_wv.l(narrow.o)
    0x08008174   0x08008174   0x00000004   PAD
    0x08008178   0x08008178   0x000000f0   Code   RO        10135    i.__hardfp_ceil     m_wv.l(ceil.o)
    0x08008268   0x08008268   0x00000018   Code   RO        10527    i.__mathlib_dbl_overflow  m_wv.l(dunder.o)
    0x08008280   0x08008280   0x00000018   Code   RO        10529    i.__mathlib_dbl_underflow  m_wv.l(dunder.o)
    0x08008298   0x08008298   0x00000012   Code   RO        10247    i.__mathlib_narrow  m_wv.l(narrow.o)
    0x080082aa   0x080082aa   0x00000006   PAD
    0x080082b0   0x080082b0   0x000000b8   Code   RO        10469    i.__support_ldexp   m_wv.l(ldexp.o)
    0x08008368   0x08008368   0x0000000e   Code   RO        10148    i._is_digit         c_w.l(scanf_fp.o)
    0x08008376   0x08008376   0x00000018   Code   RO        10030    i._sys_close        retarget_io.o
    0x0800838e   0x0800838e   0x0000000c   Code   RO        10031    i._sys_flen         retarget_io.o
    0x0800839a   0x0800839a   0x00000018   Code   RO        10032    i._sys_istty        retarget_io.o
    0x080083b2   0x080083b2   0x00000002   PAD
    0x080083b4   0x080083b4   0x0000005c   Code   RO        10033    i._sys_open         retarget_io.o
    0x08008410   0x08008410   0x0000000a   Code   RO        10035    i._sys_seek         retarget_io.o
    0x0800841a   0x0800841a   0x00000002   PAD
    0x0800841c   0x0800841c   0x00000064   Code   RO        10036    i._sys_write        retarget_io.o
    0x08008480   0x08008480   0x0000000e   Code   RO         6189    i.fputc             bsp_usart.o
    0x0800848e   0x0800848e   0x00000002   PAD
    0x08008490   0x08008490   0x0000008c   Code   RO        10415    i.frexp             m_wv.l(frexp.o)
    0x0800851c   0x0800851c   0x0000000e   Code   RO          224    i.main              main.o
    0x0800852a   0x0800852a   0x00000010   Code   RO         8419    i.osKernelGetTickCount  cmsis_os2.o
    0x0800853a   0x0800853a   0x00000002   PAD
    0x0800853c   0x0800853c   0x00000028   Code   RO         8421    i.osKernelInitialize  cmsis_os2.o
    0x08008564   0x08008564   0x00000038   Code   RO         8424    i.osKernelStart     cmsis_os2.o
    0x0800859c   0x0800859c   0x00000060   Code   RO         7845    i.prvAddCurrentTaskToDelayedList  tasks.o
    0x080085fc   0x080085fc   0x00000088   Code   RO         7846    i.prvAddNewTaskToReadyList  tasks.o
    0x08008684   0x08008684   0x0000005c   Code   RO         8221    i.prvCheckForValidListAndQueue  timers.o
    0x080086e0   0x080086e0   0x00000040   Code   RO         7847    i.prvCheckTasksWaitingTermination  tasks.o
    0x08008720   0x08008720   0x00000024   Code   RO         7432    i.prvCopyDataFromQueue  queue.o
    0x08008744   0x08008744   0x0000006e   Code   RO         7433    i.prvCopyDataToQueue  queue.o
    0x080087b2   0x080087b2   0x00000040   Code   RO         7848    i.prvDeleteTCB      tasks.o
    0x080087f2   0x080087f2   0x00000014   Code   RO         7434    i.prvGetDisinheritPriorityAfterTimeout  queue.o
    0x08008806   0x08008806   0x00000002   PAD
    0x08008808   0x08008808   0x00000024   Code   RO         8222    i.prvGetNextExpireTime  timers.o
    0x0800882c   0x0800882c   0x00000050   Code   RO         8924    i.prvHeapInit       heap_4.o
    0x0800887c   0x0800887c   0x00000028   Code   RO         7849    i.prvIdleTask       tasks.o
    0x080088a4   0x080088a4   0x00000018   Code   RO         7435    i.prvInitialiseMutex  queue.o
    0x080088bc   0x080088bc   0x00000022   Code   RO         7436    i.prvInitialiseNewQueue  queue.o
    0x080088de   0x080088de   0x00000094   Code   RO         7850    i.prvInitialiseNewTask  tasks.o
    0x08008972   0x08008972   0x00000002   PAD
    0x08008974   0x08008974   0x00000060   Code   RO         7851    i.prvInitialiseTaskLists  tasks.o
    0x080089d4   0x080089d4   0x00000060   Code   RO         8925    i.prvInsertBlockIntoFreeList  heap_4.o
    0x08008a34   0x08008a34   0x00000048   Code   RO         8224    i.prvInsertTimerInActiveList  timers.o
    0x08008a7c   0x08008a7c   0x0000001a   Code   RO         7437    i.prvIsQueueEmpty   queue.o
    0x08008a96   0x08008a96   0x0000001e   Code   RO         7438    i.prvIsQueueFull    queue.o
    0x08008ab4   0x08008ab4   0x00000068   Code   RO         8225    i.prvProcessExpiredTimer  timers.o
    0x08008b1c   0x08008b1c   0x00000110   Code   RO         8226    i.prvProcessReceivedCommands  timers.o
    0x08008c2c   0x08008c2c   0x0000006c   Code   RO         8227    i.prvProcessTimerOrBlockTask  timers.o
    0x08008c98   0x08008c98   0x00000024   Code   RO         7853    i.prvResetNextTaskUnblockTime  tasks.o
    0x08008cbc   0x08008cbc   0x0000002c   Code   RO         8228    i.prvSampleTimeNow  timers.o
    0x08008ce8   0x08008ce8   0x00000078   Code   RO         8229    i.prvSwitchTimerLists  timers.o
    0x08008d60   0x08008d60   0x00000030   Code   RO         8980    i.prvTaskExitError  port.o
    0x08008d90   0x08008d90   0x00000014   Code   RO         8230    i.prvTimerTask      timers.o
    0x08008da4   0x08008da4   0x00000068   Code   RO         7439    i.prvUnlockQueue    queue.o
    0x08008e0c   0x08008e0c   0x000000e8   Code   RO         8926    i.pvPortMalloc      heap_4.o
    0x08008ef4   0x08008ef4   0x00000018   Code   RO         7856    i.pvTaskIncrementMutexHeldCount  tasks.o
    0x08008f0c   0x08008f0c   0x0000002c   Code   RO         8981    i.pxPortInitialiseStack  port.o
    0x08008f38   0x08008f38   0x00000026   Code   RO         7392    i.uxListRemove      list.o
    0x08008f5e   0x08008f5e   0x00000002   PAD
    0x08008f60   0x08008f60   0x00000014   Code   RO         8478    i.vApplicationGetIdleTaskMemory  cmsis_os2.o
    0x08008f74   0x08008f74   0x00000018   Code   RO         8479    i.vApplicationGetTimerTaskMemory  cmsis_os2.o
    0x08008f8c   0x08008f8c   0x00000016   Code   RO         7393    i.vListInitialise   list.o
    0x08008fa2   0x08008fa2   0x00000006   Code   RO         7394    i.vListInitialiseItem  list.o
    0x08008fa8   0x08008fa8   0x0000003a   Code   RO         7395    i.vListInsert       list.o
    0x08008fe2   0x08008fe2   0x00000018   Code   RO         7396    i.vListInsertEnd    list.o
    0x08008ffa   0x08008ffa   0x00000002   PAD
    0x08008ffc   0x08008ffc   0x00000040   Code   RO         8983    i.vPortEnterCritical  port.o
    0x0800903c   0x0800903c   0x0000002c   Code   RO         8984    i.vPortExitCritical  port.o
    0x08009068   0x08009068   0x00000064   Code   RO         8927    i.vPortFree         heap_4.o
    0x080090cc   0x080090cc   0x00000024   Code   RO         8985    i.vPortSetupTimerInterrupt  port.o
    0x080090f0   0x080090f0   0x00000054   Code   RO         8986    i.vPortValidateInterruptPriority  port.o
    0x08009144   0x08009144   0x00000028   Code   RO         7445    i.vQueueAddToRegistry  queue.o
    0x0800916c   0x0800916c   0x0000004a   Code   RO         7449    i.vQueueWaitForMessageRestricted  queue.o
    0x080091b6   0x080091b6   0x00000002   PAD
    0x080091b8   0x080091b8   0x00000050   Code   RO         7866    i.vTaskDelay        tasks.o
    0x08009208   0x08009208   0x0000009c   Code   RO         7867    i.vTaskDelayUntil   tasks.o
    0x080092a4   0x080092a4   0x00000010   Code   RO         7871    i.vTaskInternalSetTimeOutState  tasks.o
    0x080092b4   0x080092b4   0x0000000c   Code   RO         7872    i.vTaskMissedYield  tasks.o
    0x080092c0   0x080092c0   0x00000034   Code   RO         7874    i.vTaskPlaceOnEventList  tasks.o
    0x080092f4   0x080092f4   0x0000003c   Code   RO         7875    i.vTaskPlaceOnEventListRestricted  tasks.o
    0x08009330   0x08009330   0x00000094   Code   RO         7877    i.vTaskPriorityDisinheritAfterTimeout  tasks.o
    0x080093c4   0x080093c4   0x00000090   Code   RO         7883    i.vTaskStartScheduler  tasks.o
    0x08009454   0x08009454   0x00000010   Code   RO         7885    i.vTaskSuspendAll   tasks.o
    0x08009464   0x08009464   0x0000006c   Code   RO         7886    i.vTaskSwitchContext  tasks.o
    0x080094d0   0x080094d0   0x00000104   Code   RO         8987    i.xPortStartScheduler  port.o
    0x080095d4   0x080095d4   0x0000002c   Code   RO         8988    i.xPortSysTickHandler  port.o
    0x08009600   0x08009600   0x00000018   Code   RO         7452    i.xQueueCreateMutex  queue.o
    0x08009618   0x08009618   0x00000044   Code   RO         7454    i.xQueueGenericCreate  queue.o
    0x0800965c   0x0800965c   0x00000070   Code   RO         7455    i.xQueueGenericCreateStatic  queue.o
    0x080096cc   0x080096cc   0x00000090   Code   RO         7456    i.xQueueGenericReset  queue.o
    0x0800975c   0x0800975c   0x00000170   Code   RO         7457    i.xQueueGenericSend  queue.o
    0x080098cc   0x080098cc   0x000000be   Code   RO         7458    i.xQueueGenericSendFromISR  queue.o
    0x0800998a   0x0800998a   0x00000002   PAD
    0x0800998c   0x0800998c   0x00000148   Code   RO         7467    i.xQueueReceive     queue.o
    0x08009ad4   0x08009ad4   0x00000184   Code   RO         7469    i.xQueueSemaphoreTake  queue.o
    0x08009c58   0x08009c58   0x00000080   Code   RO         7888    i.xTaskCheckForTimeOut  tasks.o
    0x08009cd8   0x08009cd8   0x0000006c   Code   RO         7889    i.xTaskCreate       tasks.o
    0x08009d44   0x08009d44   0x00000060   Code   RO         7890    i.xTaskCreateStatic  tasks.o
    0x08009da4   0x08009da4   0x0000001c   Code   RO         7894    i.xTaskGetSchedulerState  tasks.o
    0x08009dc0   0x08009dc0   0x0000000c   Code   RO         7895    i.xTaskGetTickCount  tasks.o
    0x08009dcc   0x08009dcc   0x00000010   Code   RO         7896    i.xTaskGetTickCountFromISR  tasks.o
    0x08009ddc   0x08009ddc   0x000000cc   Code   RO         7897    i.xTaskIncrementTick  tasks.o
    0x08009ea8   0x08009ea8   0x00000080   Code   RO         7900    i.xTaskPriorityDisinherit  tasks.o
    0x08009f28   0x08009f28   0x00000080   Code   RO         7901    i.xTaskPriorityInherit  tasks.o
    0x08009fa8   0x08009fa8   0x00000078   Code   RO         7902    i.xTaskRemoveFromEventList  tasks.o
    0x0800a020   0x0800a020   0x000000cc   Code   RO         7903    i.xTaskResumeAll    tasks.o
    0x0800a0ec   0x0800a0ec   0x00000068   Code   RO         8239    i.xTimerCreateTimerTask  timers.o
    0x0800a154   0x0800a154   0x00000074   Code   RO         8240    i.xTimerGenericCommand  timers.o
    0x0800a1c8   0x0800a1c8   0x0000002c   Code   RO        10228    locale$$code        c_w.l(lc_numeric_c.o)
    0x0800a1f4   0x0800a1f4   0x0000002c   Code   RO        10457    locale$$code        c_w.l(lc_ctype_c.o)
    0x0800a220   0x0800a220   0x00000010   Code   RO        10556    x$fpl$dcheck1       fz_wv.l(dcheck1.o)
    0x0800a230   0x0800a230   0x0000000a   Code   RO        10465    x$fpl$fpinit        fz_wv.l(fpinit.o)
    0x0800a23a   0x0800a23a   0x00000006   Code   RO        10238    x$fpl$ieeestatus    fz_wv.l(istatus.o)
    0x0800a240   0x0800a240   0x00000064   Code   RO        10576    x$fpl$retnan        fz_wv.l(retnan.o)
    0x0800a2a4   0x0800a2a4   0x0000005c   Code   RO        10521    x$fpl$scalbn        fz_wv.l(scalbn.o)
    0x0800a300   0x0800a300   0x00000004   Code   RO        10133    x$fpl$scanf1        fz_wv.l(scanf1.o)
    0x0800a304   0x0800a304   0x00000008   Code   RO        10240    x$fpl$scanf2        fz_wv.l(scanf2.o)
    0x0800a30c   0x0800a30c   0x00000030   Code   RO        10578    x$fpl$trapveneer    fz_wv.l(trapv.o)
    0x0800a33c   0x0800a33c   0x00000000   Code   RO        10162    x$fpl$usenofp       fz_wv.l(usenofp.o)
    0x0800a33c   0x0800a33c   0x00000030   Data   RO         1038    .constdata          stm32h7xx_ll_usart.o
    0x0800a36c   0x0800a36c   0x00000010   Data   RO         1833    .constdata          stm32h7xx_ll_rcc.o
    0x0800a37c   0x0800a37c   0x00000010   Data   RO         5583    .constdata          system_stm32h7xx.o
    0x0800a38c   0x0800a38c   0x0000000c   Data   RO         5634    .constdata          bsp_gpio.o
    0x0800a398   0x0800a398   0x00000024   Data   RO         5825    .constdata          bsp_timer.o
    0x0800a3bc   0x0800a3bc   0x00000008   Data   RO         6120    .constdata          bsp_dma.o
    0x0800a3c4   0x0800a3c4   0x00000020   Data   RO         6914    .constdata          app_wavecollectiontask.o
    0x0800a3e4   0x0800a3e4   0x00000018   Data   RO         7035    .constdata          app_lightcollectiontask.o
    0x0800a3fc   0x0800a3fc   0x00000018   Data   RO         9925    .constdata          eventrecorder.o
    0x0800a414   0x0800a414   0x00000007   Data   RO        10037    .constdata          retarget_io.o
    0x0800a41b   0x0800a41b   0x00000008   Data   RO        10038    .constdata          retarget_io.o
    0x0800a423   0x0800a423   0x00000008   Data   RO        10039    .constdata          retarget_io.o
    0x0800a42b   0x0800a42b   0x00000001   PAD
    0x0800a42c   0x0800a42c   0x00000094   Data   RO        10195    .constdata          c_w.l(bigflt0.o)
    0x0800a4c0   0x0800a4c0   0x00000030   Data   RO        10580    Region$$Table       anon$$obj.o
    0x0800a4f0   0x0800a4f0   0x00000008   Data   RO        10234    c$$dinf             fz_wv.l(fpconst.o)
    0x0800a4f8   0x0800a4f8   0x00000008   Data   RO        10237    c$$dmax             fz_wv.l(fpconst.o)
    0x0800a500   0x0800a500   0x0000001c   Data   RO        10227    locale$$data        c_w.l(lc_numeric_c.o)
    0x0800a51c   0x0800a51c   0x00000110   Data   RO        10456    locale$$data        c_w.l(lc_ctype_c.o)


    Execution Region RW_IRAM1 (Exec base: 0x20000000, Load base: 0x0800a62c, Size: 0x00016528, Max: 0x00020000, ABSOLUTE, COMPRESSED[0x00000038])

    Exec Addr    Load Addr    Size         Type   Attr      Idx    E Section Name        Object

    0x20000000   COMPRESSED   0x00000008   Data   RW           18    .data               fmc.o
    0x20000008   COMPRESSED   0x0000000c   Data   RW         3712    .data               stm32h7xx_hal.o
    0x20000014   COMPRESSED   0x00000008   Data   RW         5584    .data               system_stm32h7xx.o
    0x2000001c   COMPRESSED   0x0000000c   Data   RW         5826    .data               bsp_timer.o
    0x20000028   COMPRESSED   0x00000008   Data   RW         6002    .data               bsp_fmc.o
    0x20000030   COMPRESSED   0x00000004   Data   RW         6284    .data               module_key.o
    0x20000034   COMPRESSED   0x00000028   Data   RW         6444    .data               module_ad7616.o
    0x2000005c   COMPRESSED   0x00000005   Data   RW         6575    .data               module_serial411.o
    0x20000061   COMPRESSED   0x00000001   PAD
    0x20000062   COMPRESSED   0x00000004   Data   RW         6669    .data               module_receiveupper.o
    0x20000066   COMPRESSED   0x00000002   PAD
    0x20000068   COMPRESSED   0x00000024   Data   RW         6832    .data               app_tasksinit.o
    0x2000008c   COMPRESSED   0x0000000c   Data   RW         6915    .data               app_wavecollectiontask.o
    0x20000098   COMPRESSED   0x00000010   Data   RW         7036    .data               app_lightcollectiontask.o
    0x200000a8   COMPRESSED   0x00000004   Data   RW         7094    .data               app_curvefit.o
    0x200000ac   COMPRESSED   0x0000003c   Data   RW         7906    .data               tasks.o
    0x200000e8   COMPRESSED   0x00000014   Data   RW         8248    .data               timers.o
    0x200000fc   COMPRESSED   0x00000004   Data   RW         8481    .data               cmsis_os2.o
    0x20000100   COMPRESSED   0x00000020   Data   RW         8933    .data               heap_4.o
    0x20000120   COMPRESSED   0x0000000c   Data   RW         8989    .data               port.o
    0x2000012c   COMPRESSED   0x00000001   Data   RW         9666    .data               usbd_ctlreq.o
    0x2000012d   COMPRESSED   0x00000003   PAD
    0x20000130   COMPRESSED   0x0000000c   Data   RW        10040    .data               retarget_io.o
    0x2000013c   COMPRESSED   0x00000004   Data   RW        10157    .data               c_w.l(stdio_streams.o)
    0x20000140   COMPRESSED   0x00000004   Data   RW        10158    .data               c_w.l(stdio_streams.o)
    0x20000144   COMPRESSED   0x00000004   Data   RW        10159    .data               c_w.l(stdio_streams.o)
    0x20000148        -       0x0000004c   Zero   RW          524    .bss                stm32h7xx_hal_timebase_tim.o
    0x20000194        -       0x0000004c   Zero   RW         6001    .bss                bsp_fmc.o
    0x200001e0        -       0x00000016   Zero   RW         6283    .bss                module_key.o
    0x200001f6        -       0x00000100   Zero   RW         6668    .bss                module_receiveupper.o
    0x200002f6   COMPRESSED   0x00000002   PAD
    0x200002f8        -       0x00000040   Zero   RW         7471    .bss                queue.o
    0x20000338        -       0x000004c4   Zero   RW         7905    .bss                tasks.o
    0x200007fc        -       0x00000118   Zero   RW         8247    .bss                timers.o
    0x20000914        -       0x000006b8   Zero   RW         8480    .bss                cmsis_os2.o
    0x20000fcc        -       0x00010000   Zero   RW         8932    .bss                heap_4.o
    0x20010fcc        -       0x0000072c   Zero   RW         9307    .bss                usbd_conf.o
    0x200116f8        -       0x00000054   Zero   RW        10154    .bss                c_w.l(stdio_streams.o)
    0x2001174c        -       0x00000054   Zero   RW        10155    .bss                c_w.l(stdio_streams.o)
    0x200117a0        -       0x00000054   Zero   RW        10156    .bss                c_w.l(stdio_streams.o)
    0x200117f4        -       0x00000060   Zero   RW        10255    .bss                c_w.l(libspace.o)
    0x20011854   COMPRESSED   0x0000002c   PAD
    0x20011880        -       0x000040a4   Zero   RW         9924    .bss.noinit         eventrecorder.o
    0x20015924   COMPRESSED   0x00000004   PAD
    0x20015928        -       0x00000400   Zero   RW            2    HEAP                startup_stm32h743xx.o
    0x20015d28        -       0x00000800   Zero   RW            1    STACK               startup_stm32h743xx.o


    Execution Region RW_IRAM2 (Exec base: 0x24000000, Load base: 0x0800a664, Size: 0x00000000, Max: 0x00080000, ABSOLUTE)

    **** No section assigned to this execution region ****


    Execution Region RW_IRAM3 (Exec base: 0x30000000, Load base: 0x0800a664, Size: 0x00007000, Max: 0x00020000, ABSOLUTE, COMPRESSED[0x000000e4])

    Exec Addr    Load Addr    Size         Type   Attr      Idx    E Section Name        Object

    0x30000000   COMPRESSED   0x00002000   Data   RW         6732    RAM_D3              module_transmitupper.o
    0x30002000   COMPRESSED   0x00003000   Data   RW         6916    RAM_D3              app_wavecollectiontask.o
    0x30005000   COMPRESSED   0x00002000   Data   RW         7037    RAM_D3              app_lightcollectiontask.o


    Execution Region RW_IRAM4 (Exec base: 0x30020000, Load base: 0x0800a748, Size: 0x00000000, Max: 0x00020000, ABSOLUTE)

    **** No section assigned to this execution region ****


    Execution Region RW_IRAM5 (Exec base: 0x30040000, Load base: 0x0800a748, Size: 0x00000000, Max: 0x00008000, ABSOLUTE, UNINIT)

    **** No section assigned to this execution region ****


    Execution Region RW_IRAM6 (Exec base: 0x38000000, Load base: 0x0800a748, Size: 0x00000000, Max: 0x00010000, ABSOLUTE)

    **** No section assigned to this execution region ****


==============================================================================

Image component sizes


      Code (inc. data)   RO Data    RW Data    ZI Data      Debug   Object Name

        18          0          0          0          0       5891   app.o
       286        114          0          4          0       9792   app_curvefit.o
       456         78          0          0          0       1396   app_incentivesettingstask.o
       448         50         24       8208          0       4611   app_lightcollectiontask.o
       554        264          0         36          0      12630   app_tasksinit.o
       152         12          0          0          0       2416   app_vofa_dataupload.o
       572         88         32      12300          0      26051   app_wavecollectiontask.o
       296         24          0          0          0      47378   bsp.o
       516         42          8          0          0      48981   bsp_dma.o
       316         34          0          8         76       2926   bsp_fmc.o
       692         48         12          0          0      80313   bsp_gpio.o
       802        102         36         12          0      92288   bsp_timer.o
       658         66          0          0          0      85152   bsp_usart.o
       182         24          0          4       1720      63334   cmsis_os2.o
         0          0          0          0          0      19556   event_groups.o
       640         28         24          0      16548      14448   eventrecorder.o
       144         22          0          8          0    1294799   fmc.o
         0          0          0          0          0      10248   freertos.o
       508         32          0         32      65536       5303   heap_4.o
       148          0          0          0          0       3874   list.o
        14          0          0          0          0       3703   main.o
        18          0          0          0          0       2724   module.o
       712         52          0         40          0       6021   module_ad7616.o
       440         28          0          4         22       6696   module_key.o
        20          0          0          0          0       2679   module_lightcounting.o
       660         92          0          4        256      28724   module_receiveupper.o
       160          4          0          5          0       1789   module_serial411.o
       386          6          0       8192          0       6363   module_transmitupper.o
       814         92          0         12          0      12073   port.o
      2120         30          0          0         64      23260   queue.o
       262         32         23         12          0       5558   retarget_io.o
        64         26        664          0       3072        868   startup_stm32h743xx.o
       108         22          0         12          0      21152   stm32h7xx_hal.o
       316         28          0          0          0      41348   stm32h7xx_hal_cortex.o
       556         50          0          0          0       1708   stm32h7xx_hal_gpio.o
        36          4          0          0          0       1002   stm32h7xx_hal_msp.o
      2280         16          0          0          0      10946   stm32h7xx_hal_pcd.o
         2          0          0          0          0       1235   stm32h7xx_hal_pcd_ex.o
       508         68          0          0          0       3924   stm32h7xx_hal_rcc.o
       108          6          0          0          0       1404   stm32h7xx_hal_sram.o
       830         68          0          0          0       7832   stm32h7xx_hal_tim.o
         6          0          0          0          0       2428   stm32h7xx_hal_tim_ex.o
       140         20          0          0         76       1683   stm32h7xx_hal_timebase_tim.o
        36         12          0          0          0       3935   stm32h7xx_it.o
       416          0          0          0          0      11507   stm32h7xx_ll_exti.o
       316         14          0          0          0       3992   stm32h7xx_ll_fmc.o
       180          0          0          0          0       7479   stm32h7xx_ll_gpio.o
      1396        180         16          0          0      59647   stm32h7xx_ll_rcc.o
      1084        138          0          0          0      48195   stm32h7xx_ll_tim.o
       280         48         48          0          0      27572   stm32h7xx_ll_usart.o
      1702         94          0          0          0      16282   stm32h7xx_ll_usb.o
        12          6          0          0          0      20464   stm32h7xx_ll_utils.o
         0          0          0          0          0        400   stream_buffer.o
       700         40          0          0          0      67041   sys.o
       220         40         16          8          0       1582   system_stm32h7xx.o
      2668        232          0         60       1220      33368   tasks.o
      1088         94          0         20        280      31231   timers.o
         0          0          0          0          0       5924   usb_device.o
       362          4          0          0       1836      13254   usbd_conf.o
       760          0          0          0          0      12532   usbd_core.o
      1286         22          0          1          0      14495   usbd_ctlreq.o
       102          0          0          0          0       4108   usbd_ioreq.o

    ----------------------------------------------------------------------
     30618       2596        952      28988      90712    2409515   Object Totals
         0          0         48          0          0          0   (incl. Generated)
        62          0          1          6          6          0   (incl. Padding)

    ----------------------------------------------------------------------

      Code (inc. data)   RO Data    RW Data    ZI Data      Debug   Library Member Name

        60          8          0          0          0         84   __0sscanf.o
        90          0          0          0          0          0   __dczerorl2.o
         8          0          0          0          0         68   __main.o
        40          0          0          0          0         84   __printf_nopercent.o
         0          0          0          0          0          0   __rtentry.o
        12          0          0          0          0          0   __rtentry2.o
         6          0          0          0          0          0   __rtentry4.o
        52          8          0          0          0          0   __scatter.o
        28          0          0          0          0          0   __scatter_zi.o
        28          0          0          0          0         68   _chval.o
        48          6          0          0          0         96   _printf_char_common.o
        36          4          0          0          0         80   _printf_char_file.o
        22          0          0          0          0        100   _rserrno.o
       884          4          0          0          0        100   _scanf.o
       332          0          0          0          0         96   _scanf_int.o
        64          0          0          0          0         84   _sgetc.o
        16          0          0          0          0         68   aeabi_memset.o
       228          4        148          0          0         96   bigflt0.o
      1924        136          0          0          0        756   btod.o
        10          0          0          0          0         68   defsig_exit.o
        50          0          0          0          0         88   defsig_general.o
        80         58          0          0          0         76   defsig_rtmem_inner.o
        14          0          0          0          0         80   defsig_rtmem_outer.o
        52         38          0          0          0         76   defsig_rtred_inner.o
        14          0          0          0          0         80   defsig_rtred_outer.o
        18          0          0          0          0         80   exit.o
        76          0          0          0          0         88   fclose.o
         8          0          0          0          0         68   ferror.o
       236          4          0          0          0        128   fopen.o
       248          6          0          0          0         84   fseek.o
        66          0          0          0          0         76   ftell.o
        94          0          0          0          0         80   h1_alloc.o
        52          0          0          0          0         68   h1_extend.o
        78          0          0          0          0         80   h1_free.o
        14          0          0          0          0         84   h1_init.o
         6          0          0          0          0        152   heapauxi.o
         4          0          0          0          0        136   hguard.o
         0          0          0          0          0          0   indicate_semi.o
       138          0          0          0          0        168   init_alloc.o
       312         46          0          0          0        112   initio.o
        18          0          0          0          0         76   isspace.o
        44         10        272          0          0         76   lc_ctype_c.o
        44         10         28          0          0         76   lc_numeric_c.o
         2          0          0          0          0          0   libinit.o
        46          0          0          0          0          0   libinit2.o
         2          0          0          0          0          0   libshutdown.o
         6          0          0          0          0          0   libshutdown2.o
         8          4          0          0         96         68   libspace.o
        38          0          0          0          0         68   llshl.o
         0          0          0          0          0          0   maybetermalloc1.o
        24          4          0          0          0         84   noretval__2printf.o
        16          4          0          0          0         76   rt_ctype_table.o
         8          4          0          0          0         68   rt_errno_addr_intlibspace.o
         8          4          0          0          0         68   rt_heap_descriptor_intlibspace.o
         8          4          0          0          0         68   rt_locale_intlibspace.o
        68          0          0          0          0         68   rt_memclr.o
        78          0          0          0          0         80   rt_memclr_w.o
       138          0          0          0          0         68   rt_memcpy_v6.o
       100          0          0          0          0         80   rt_memcpy_w.o
         2          0          0          0          0          0   rtexit.o
        10          0          0          0          0          0   rtexit2.o
        44          8          0          0          0         84   scanf_char.o
      1286         16          0          0          0        236   scanf_fp.o
       800         14          0          0          0        100   scanf_hexfp.o
       308         16          0          0          0        100   scanf_infnan.o
        70          0          0          0          0         80   setvbuf.o
       240          6          0          0          0        156   stdio.o
         0          0          0         12        252          0   stdio_streams.o
        20          0          0          0          0         68   strchr.o
       104          0          0          0          0         68   strcmpv7m_pel.o
        32          0          0          0          0         80   strcspn.o
        86          0          0          0          0         76   strncpy.o
        28          0          0          0          0         80   strspn.o
        36          0          0          0          0         80   strstr.o
        68          4          0          0          0         84   strtok_int.o
         4          0          0          0          0         68   strtok_r.o
        12          4          0          0          0         68   sys_exit.o
        74          0          0          0          0         80   sys_stackheap_outer.o
        14          0          0          0          0         76   sys_wrch.o
         2          0          0          0          0         68   use_no_semi.o
        16          4          0          0          0        116   dcheck1.o
         0          0         16          0          0          0   fpconst.o
        10          0          0          0          0        116   fpinit.o
         6          0          0          0          0        116   istatus.o
       100          0          0          0          0        116   retnan.o
        92          0          0          0          0        116   scalbn.o
         4          0          0          0          0        116   scanf1.o
         8          0          0          0          0        132   scanf2.o
        48          0          0          0          0        116   trapv.o
         0          0          0          0          0          0   usenofp.o
       240         26          0          0          0        132   ceil.o
        48         28          0          0          0        232   dunder.o
       140         22          0          0          0        128   frexp.o
       184         14          0          0          0        156   ldexp.o
       238         26          0          0          0        304   narrow.o

    ----------------------------------------------------------------------
     10506        558        464         12        392       8224   Library Totals
        28          4          0          0         44          0   (incl. Padding)

    ----------------------------------------------------------------------

      Code (inc. data)   RO Data    RW Data    ZI Data      Debug   Library Name

      9344        434        448         12        348       6328   c_w.l
       284          4         16          0          0        944   fz_wv.l
       850        116          0          0          0        952   m_wv.l

    ----------------------------------------------------------------------
     10506        558        464         12        392       8224   Library Totals

    ----------------------------------------------------------------------

==============================================================================


      Code (inc. data)   RO Data    RW Data    ZI Data      Debug   

     41124       3154       1416      29000      91104    2378099   Grand Totals
     41124       3154       1416        284      91104    2378099   ELF Image Totals (compressed)
     41124       3154       1416        284          0          0   ROM Totals

==============================================================================

    Total RO  Size (Code + RO Data)                42540 (  41.54kB)
    Total RW  Size (RW Data + ZI Data)            120104 ( 117.29kB)
    Total ROM Size (Code + RO Data + RW Data)      42824 (  41.82kB)

==============================================================================

