Component: ARM Compiler 5.06 update 7 (build 960) Tool: armlink [4d3601]

==============================================================================

Section Cross References

    startup_stm32h743xx.o(STACK) refers (Special) to heapauxi.o(.text) for __use_two_region_memory
    startup_stm32h743xx.o(HEAP) refers (Special) to heapauxi.o(.text) for __use_two_region_memory
    startup_stm32h743xx.o(RESET) refers (Special) to heapauxi.o(.text) for __use_two_region_memory
    startup_stm32h743xx.o(RESET) refers to startup_stm32h743xx.o(STACK) for __initial_sp
    startup_stm32h743xx.o(RESET) refers to startup_stm32h743xx.o(.text) for Reset_Handler
    startup_stm32h743xx.o(RESET) refers to stm32h7xx_it.o(i.NMI_Handler) for NMI_Handler
    startup_stm32h743xx.o(RESET) refers to stm32h7xx_it.o(i.HardFault_Handler) for HardFault_Handler
    startup_stm32h743xx.o(RESET) refers to stm32h7xx_it.o(i.MemManage_Handler) for MemManage_Handler
    startup_stm32h743xx.o(RESET) refers to stm32h7xx_it.o(i.BusFault_Handler) for BusFault_Handler
    startup_stm32h743xx.o(RESET) refers to stm32h7xx_it.o(i.UsageFault_Handler) for UsageFault_Handler
    startup_stm32h743xx.o(RESET) refers to port.o(.emb_text) for SVC_Handler
    startup_stm32h743xx.o(RESET) refers to stm32h7xx_it.o(i.DebugMon_Handler) for DebugMon_Handler
    startup_stm32h743xx.o(RESET) refers to cmsis_os2.o(i.SysTick_Handler) for SysTick_Handler
    startup_stm32h743xx.o(RESET) refers to bsp_gpio.o(.itcm) for EXTI0_IRQHandler
    startup_stm32h743xx.o(RESET) refers to app_wavecollectiontask.o(i.DMA1_Stream0_IRQHandler) for DMA1_Stream0_IRQHandler
    startup_stm32h743xx.o(RESET) refers to stm32h7xx_it.o(i.TIM6_DAC_IRQHandler) for TIM6_DAC_IRQHandler
    startup_stm32h743xx.o(RESET) refers to stm32h7xx_it.o(i.OTG_HS_IRQHandler) for OTG_HS_IRQHandler
    startup_stm32h743xx.o(.text) refers (Special) to heapauxi.o(.text) for __use_two_region_memory
    startup_stm32h743xx.o(.text) refers to system_stm32h7xx.o(i.SystemInit) for SystemInit
    startup_stm32h743xx.o(.text) refers to __main.o(!!!main) for __main
    startup_stm32h743xx.o(.text) refers to startup_stm32h743xx.o(HEAP) for Heap_Mem
    startup_stm32h743xx.o(.text) refers to startup_stm32h743xx.o(STACK) for Stack_Mem
    fmc.o(i.HAL_FMC_MspInit) refers to rt_memclr_w.o(.text) for __aeabi_memclr4
    fmc.o(i.HAL_FMC_MspInit) refers to stm32h7xx_hal_gpio.o(i.HAL_GPIO_Init) for HAL_GPIO_Init
    fmc.o(i.HAL_FMC_MspInit) refers to fmc.o(.data) for .data
    fmc.o(i.HAL_SRAM_MspDeInit) refers to stm32h7xx_hal_gpio.o(i.HAL_GPIO_DeInit) for HAL_GPIO_DeInit
    fmc.o(i.HAL_SRAM_MspDeInit) refers to fmc.o(.data) for .data
    fmc.o(i.HAL_SRAM_MspInit) refers to fmc.o(i.HAL_FMC_MspInit) for HAL_FMC_MspInit
    fmc.o(i.MX_FMC_Init) refers to rt_memclr_w.o(.text) for __aeabi_memclr4
    fmc.o(i.MX_FMC_Init) refers to fmc.o(i.HAL_FMC_MspInit) for HAL_FMC_MspInit
    fmc.o(i.MX_FMC_Init) refers to stm32h7xx_hal_sram.o(i.HAL_SRAM_Init) for HAL_SRAM_Init
    fmc.o(i.MX_FMC_Init) refers to sys.o(i.Error_Handler) for Error_Handler
    fmc.o(i.MX_FMC_Init) refers to fmc.o(.bss) for .bss
    main.o(i.main) refers to bsp.o(i.BSP_Init) for BSP_Init
    main.o(i.main) refers to usb_device.o(i.MX_USB_DEVICE_Init) for MX_USB_DEVICE_Init
    main.o(i.main) refers to usbd_cdc_if.o(i.CDC_Transmit_HS) for CDC_Transmit_HS
    main.o(i.main) refers to bsp_timer.o(i.BSP_DWT_Delay_ms) for BSP_DWT_Delay_ms
    gpio.o(i.MX_GPIO_Init) refers to rt_memclr_w.o(.text) for __aeabi_memclr4
    gpio.o(i.MX_GPIO_Init) refers to gpio.o(i.LL_AHB4_GRP1_EnableClock) for LL_AHB4_GRP1_EnableClock
    gpio.o(i.MX_GPIO_Init) refers to stm32h7xx_ll_gpio.o(i.LL_GPIO_Init) for LL_GPIO_Init
    freertos.o(i.MX_FREERTOS_Init) refers to cmsis_os2.o(i.osThreadNew) for osThreadNew
    freertos.o(i.MX_FREERTOS_Init) refers to freertos.o(.constdata) for .constdata
    freertos.o(i.MX_FREERTOS_Init) refers to freertos.o(i.StartDefaultTask) for StartDefaultTask
    freertos.o(i.MX_FREERTOS_Init) refers to freertos.o(.data) for .data
    freertos.o(i.StartDefaultTask) refers to usb_device.o(i.MX_USB_DEVICE_Init) for MX_USB_DEVICE_Init
    freertos.o(i.StartDefaultTask) refers to cmsis_os2.o(i.osDelay) for osDelay
    freertos.o(.constdata) refers to freertos.o(.conststring) for .conststring
    stm32h7xx_it.o(i.OTG_HS_IRQHandler) refers to stm32h7xx_hal_pcd.o(i.HAL_PCD_IRQHandler) for HAL_PCD_IRQHandler
    stm32h7xx_it.o(i.OTG_HS_IRQHandler) refers to usbd_conf.o(.bss) for hpcd_USB_OTG_HS
    stm32h7xx_it.o(i.TIM6_DAC_IRQHandler) refers to stm32h7xx_hal_tim.o(i.HAL_TIM_IRQHandler) for HAL_TIM_IRQHandler
    stm32h7xx_it.o(i.TIM6_DAC_IRQHandler) refers to stm32h7xx_hal_timebase_tim.o(.bss) for htim6
    stm32h7xx_hal_msp.o(i.HAL_MspInit) refers to stm32h7xx_hal_cortex.o(i.HAL_NVIC_SetPriority) for HAL_NVIC_SetPriority
    stm32h7xx_hal_timebase_tim.o(i.HAL_InitTick) refers to stm32h7xx_hal_cortex.o(i.HAL_NVIC_SetPriority) for HAL_NVIC_SetPriority
[...]
    _handle_redirection                       - Undefined Weak Reference
    _mutex_acquire                            - Undefined Weak Reference
    _mutex_free                               - Undefined Weak Reference
    _mutex_release                            - Undefined Weak Reference
    _rand_init                                - Undefined Weak Reference
    _signal_finish                            - Undefined Weak Reference
    _signal_init                              - Undefined Weak Reference
    __Vectors_Size                           0x00000298   Number         0  startup_stm32h743xx.o ABSOLUTE
    __Vectors                                0x08000000   Data           4  startup_stm32h743xx.o(RESET)
    __Vectors_End                            0x08000298   Data           0  startup_stm32h743xx.o(RESET)
    __main                                   0x08000299   Thumb Code     8  __main.o(!!!main)
    __scatterload                            0x080002a1   Thumb Code     0  __scatter.o(!!!scatter)
    __scatterload_rt2                        0x080002a1   Thumb Code    44  __scatter.o(!!!scatter)
    __scatterload_rt2_thumb_only             0x080002a1   Thumb Code     0  __scatter.o(!!!scatter)
    __scatterload_null                       0x080002af   Thumb Code     0  __scatter.o(!!!scatter)
    __decompress                             0x080002d5   Thumb Code    90  __dczerorl2.o(!!dczerorl2)
    __decompress1                            0x080002d5   Thumb Code     0  __dczerorl2.o(!!dczerorl2)
    __scatterload_zeroinit                   0x08000331   Thumb Code    28  __scatter_zi.o(!!handler_zi)
    __rt_lib_init                            0x0800034d   Thumb Code     0  libinit.o(.ARM.Collect$$libinit$$00000000)
    __rt_lib_init_fp_1                       0x0800034f   Thumb Code     0  libinit2.o(.ARM.Collect$$libinit$$00000001)
    __rt_lib_init_alloca_1                   0x08000353   Thumb Code     0  libinit2.o(.ARM.Collect$$libinit$$0000002E)
    __rt_lib_init_argv_1                     0x08000353   Thumb Code     0  libinit2.o(.ARM.Collect$$libinit$$0000002C)
    __rt_lib_init_atexit_1                   0x08000353   Thumb Code     0  libinit2.o(.ARM.Collect$$libinit$$0000001B)
    __rt_lib_init_clock_1                    0x08000353   Thumb Code     0  libinit2.o(.ARM.Collect$$libinit$$00000021)
    __rt_lib_init_cpp_1                      0x08000353   Thumb Code     0  libinit2.o(.ARM.Collect$$libinit$$00000032)
    __rt_lib_init_exceptions_1               0x08000353   Thumb Code     0  libinit2.o(.ARM.Collect$$libinit$$00000030)
    __rt_lib_init_fp_trap_1                  0x08000353   Thumb Code     0  libinit2.o(.ARM.Collect$$libinit$$0000001F)
    __rt_lib_init_getenv_1                   0x08000353   Thumb Code     0  libinit2.o(.ARM.Collect$$libinit$$00000023)
    __rt_lib_init_heap_1                     0x08000353   Thumb Code     0  libinit2.o(.ARM.Collect$$libinit$$0000000A)
    __rt_lib_init_lc_collate_1               0x08000353   Thumb Code     0  libinit2.o(.ARM.Collect$$libinit$$00000011)
    __rt_lib_init_lc_ctype_1                 0x08000353   Thumb Code     0  libinit2.o(.ARM.Collect$$libinit$$00000013)
    __rt_lib_init_lc_monetary_1              0x08000353   Thumb Code     0  libinit2.o(.ARM.Collect$$libinit$$00000015)
    __rt_lib_init_lc_numeric_1               0x08000353   Thumb Code     0  libinit2.o(.ARM.Collect$$libinit$$00000017)
    __rt_lib_init_lc_time_1                  0x08000353   Thumb Code     0  libinit2.o(.ARM.Collect$$libinit$$00000019)
    __rt_lib_init_preinit_1                  0x08000353   Thumb Code     0  libinit2.o(.ARM.Collect$$libinit$$00000004)
    __rt_lib_init_rand_1                     0x08000353   Thumb Code     0  libinit2.o(.ARM.Collect$$libinit$$0000000E)
    __rt_lib_init_return                     0x08000353   Thumb Code     0  libinit2.o(.ARM.Collect$$libinit$$00000033)
    __rt_lib_init_signal_1                   0x08000353   Thumb Code     0  libinit2.o(.ARM.Collect$$libinit$$0000001D)
    __rt_lib_init_stdio_1                    0x08000353   Thumb Code     0  libinit2.o(.ARM.Collect$$libinit$$00000025)
    __rt_lib_init_user_alloc_1               0x08000353   Thumb Code     0  libinit2.o(.ARM.Collect$$libinit$$0000000C)
    __rt_lib_shutdown                        0x08000355   Thumb Code     0  libshutdown.o(.ARM.Collect$$libshutdown$$00000000)
    __rt_lib_shutdown_cpp_1                  0x08000357   Thumb Code     0  libshutdown2.o(.ARM.Collect$$libshutdown$$00000004)
    __rt_lib_shutdown_fini_1                 0x08000357   Thumb Code     0  libshutdown2.o(.ARM.Collect$$libshutdown$$00000002)
    __rt_lib_shutdown_fp_trap_1              0x08000357   Thumb Code     0  libshutdown2.o(.ARM.Collect$$libshutdown$$00000009)
    __rt_lib_shutdown_heap_1                 0x08000357   Thumb Code     0  libshutdown2.o(.ARM.Collect$$libshutdown$$00000011)
    __rt_lib_shutdown_return                 0x08000357   Thumb Code     0  libshutdown2.o(.ARM.Collect$$libshutdown$$00000012)
    __rt_lib_shutdown_signal_1               0x08000357   Thumb Code     0  libshutdown2.o(.ARM.Collect$$libshutdown$$0000000C)
    __rt_lib_shutdown_stdio_1                0x08000357   Thumb Code     0  libshutdown2.o(.ARM.Collect$$libshutdown$$00000006)
    __rt_lib_shutdown_user_alloc_1           0x08000357   Thumb Code     0  libshutdown2.o(.ARM.Collect$$libshutdown$$0000000E)
    __rt_entry                               0x08000359   Thumb Code     0  __rtentry.o(.ARM.Collect$$rtentry$$00000000)
    __rt_entry_presh_1                       0x08000359   Thumb Code     0  __rtentry2.o(.ARM.Collect$$rtentry$$00000002)
    __rt_entry_sh                            0x08000359   Thumb Code     0  __rtentry4.o(.ARM.Collect$$rtentry$$00000004)
    __rt_entry_li                            0x0800035f   Thumb Code     0  __rtentry2.o(.ARM.Collect$$rtentry$$0000000A)
    __rt_entry_postsh_1                      0x0800035f   Thumb Code     0  __rtentry2.o(.ARM.Collect$$rtentry$$00000009)
    __rt_entry_main                          0x08000363   Thumb Code     0  __rtentry2.o(.ARM.Collect$$rtentry$$0000000D)
    __rt_entry_postli_1                      0x08000363   Thumb Code     0  __rtentry2.o(.ARM.Collect$$rtentry$$0000000C)
    __rt_exit                                0x0800036b   Thumb Code     0  rtexit.o(.ARM.Collect$$rtexit$$00000000)
    __rt_exit_ls                             0x0800036d   Thumb Code     0  rtexit2.o(.ARM.Collect$$rtexit$$00000003)
    __rt_exit_prels_1                        0x0800036d   Thumb Code     0  rtexit2.o(.ARM.Collect$$rtexit$$00000002)
    __rt_exit_exit                           0x08000371   Thumb Code     0  rtexit2.o(.ARM.Collect$$rtexit$$00000004)
    SVC_Handler                              0x08000379   Thumb Code    28  port.o(.emb_text)
    __asm___6_port_c_39a90d8d__prvStartFirstTask 0x08000399   Thumb Code    36  port.o(.emb_text)
    __asm___6_port_c_39a90d8d__prvEnableVFP  0x080003c1   Thumb Code    16  port.o(.emb_text)
    PendSV_Handler                           0x080003d5   Thumb Code    88  port.o(.emb_text)
    vPortGetIPSR                             0x08000431   Thumb Code     6  port.o(.emb_text)
    EXTI0_IRQHandler                         0x08000437   Thumb Code    22  bsp_gpio.o(.itcm)
    Reset_Handler                            0x0800044d   Thumb Code     8  startup_stm32h743xx.o(.text)
    ADC3_IRQHandler                          0x08000467   Thumb Code     0  startup_stm32h743xx.o(.text)
    ADC_IRQHandler                           0x08000467   Thumb Code     0  startup_stm32h743xx.o(.text)
    BDMA_Channel0_IRQHandler                 0x08000467   Thumb Code     0  startup_stm32h743xx.o(.text)
    BDMA_Channel1_IRQHandler                 0x08000467   Thumb Code     0  startup_stm32h743xx.o(.text)
    BDMA_Channel2_IRQHandler                 0x08000467   Thumb Code     0  startup_stm32h743xx.o(.text)
    BDMA_Channel3_IRQHandler                 0x08000467   Thumb Code     0  startup_stm32h743xx.o(.text)
    BDMA_Channel4_IRQHandler                 0x08000467   Thumb Code     0  startup_stm32h743xx.o(.text)
    BDMA_Channel5_IRQHandler                 0x08000467   Thumb Code     0  startup_stm32h743xx.o(.text)
    BDMA_Channel6_IRQHandler                 0x08000467   Thumb Code     0  startup_stm32h743xx.o(.text)
    BDMA_Channel7_IRQHandler                 0x08000467   Thumb Code     0  startup_stm32h743xx.o(.text)
    CEC_IRQHandler                           0x08000467   Thumb Code     0  startup_stm32h743xx.o(.text)
    COMP1_IRQHandler                         0x08000467   Thumb Code     0  startup_stm32h743xx.o(.text)
    CRS_IRQHandler                           0x08000467   Thumb Code     0  startup_stm32h743xx.o(.text)
    DCMI_IRQHandler                          0x08000467   Thumb Code     0  startup_stm32h743xx.o(.text)
    DFSDM1_FLT0_IRQHandler                   0x08000467   Thumb Code     0  startup_stm32h743xx.o(.text)
    DFSDM1_FLT1_IRQHandler                   0x08000467   Thumb Code     0  startup_stm32h743xx.o(.text)
    DFSDM1_FLT2_IRQHandler                   0x08000467   Thumb Code     0  startup_stm32h743xx.o(.text)
    DFSDM1_FLT3_IRQHandler                   0x08000467   Thumb Code     0  startup_stm32h743xx.o(.text)
    DMA1_Stream1_IRQHandler                  0x08000467   Thumb Code     0  startup_stm32h743xx.o(.text)
    DMA1_Stream2_IRQHandler                  0x08000467   Thumb Code     0  startup_stm32h743xx.o(.text)
    DMA1_Stream3_IRQHandler                  0x08000467   Thumb Code     0  startup_stm32h743xx.o(.text)
    DMA1_Stream4_IRQHandler                  0x08000467   Thumb Code     0  startup_stm32h743xx.o(.text)
    DMA1_Stream5_IRQHandler                  0x08000467   Thumb Code     0  startup_stm32h743xx.o(.text)
    DMA1_Stream6_IRQHandler                  0x08000467   Thumb Code     0  startup_stm32h743xx.o(.text)
    DMA1_Stream7_IRQHandler                  0x08000467   Thumb Code     0  startup_stm32h743xx.o(.text)
    DMA2D_IRQHandler                         0x08000467   Thumb Code     0  startup_stm32h743xx.o(.text)
    DMA2_Stream0_IRQHandler                  0x08000467   Thumb Code     0  startup_stm32h743xx.o(.text)
    DMA2_Stream1_IRQHandler                  0x08000467   Thumb Code     0  startup_stm32h743xx.o(.text)
    DMA2_Stream2_IRQHandler                  0x08000467   Thumb Code     0  startup_stm32h743xx.o(.text)
    DMA2_Stream3_IRQHandler                  0x08000467   Thumb Code     0  startup_stm32h743xx.o(.text)
    DMA2_Stream4_IRQHandler                  0x08000467   Thumb Code     0  startup_stm32h743xx.o(.text)
    DMA2_Stream5_IRQHandler                  0x08000467   Thumb Code     0  startup_stm32h743xx.o(.text)
    DMA2_Stream6_IRQHandler                  0x08000467   Thumb Code     0  startup_stm32h743xx.o(.text)
    DMA2_Stream7_IRQHandler                  0x08000467   Thumb Code     0  startup_stm32h743xx.o(.text)
    DMAMUX1_OVR_IRQHandler                   0x08000467   Thumb Code     0  startup_stm32h743xx.o(.text)
    DMAMUX2_OVR_IRQHandler                   0x08000467   Thumb Code     0  startup_stm32h743xx.o(.text)
    ECC_IRQHandler                           0x08000467   Thumb Code     0  startup_stm32h743xx.o(.text)
    ETH_IRQHandler                           0x08000467   Thumb Code     0  startup_stm32h743xx.o(.text)
    ETH_WKUP_IRQHandler                      0x08000467   Thumb Code     0  startup_stm32h743xx.o(.text)
    EXTI15_10_IRQHandler                     0x08000467   Thumb Code     0  startup_stm32h743xx.o(.text)
    EXTI1_IRQHandler                         0x08000467   Thumb Code     0  startup_stm32h743xx.o(.text)
    EXTI2_IRQHandler                         0x08000467   Thumb Code     0  startup_stm32h743xx.o(.text)
    EXTI3_IRQHandler                         0x08000467   Thumb Code     0  startup_stm32h743xx.o(.text)
    EXTI4_IRQHandler                         0x08000467   Thumb Code     0  startup_stm32h743xx.o(.text)
    EXTI9_5_IRQHandler                       0x08000467   Thumb Code     0  startup_stm32h743xx.o(.text)
    FDCAN1_IT0_IRQHandler                    0x08000467   Thumb Code     0  startup_stm32h743xx.o(.text)
    FDCAN1_IT1_IRQHandler                    0x08000467   Thumb Code     0  startup_stm32h743xx.o(.text)
    FDCAN2_IT0_IRQHandler                    0x08000467   Thumb Code     0  startup_stm32h743xx.o(.text)
    FDCAN2_IT1_IRQHandler                    0x08000467   Thumb Code     0  startup_stm32h743xx.o(.text)
    FDCAN_CAL_IRQHandler                     0x08000467   Thumb Code     0  startup_stm32h743xx.o(.text)
    FLASH_IRQHandler                         0x08000467   Thumb Code     0  startup_stm32h743xx.o(.text)
    FMC_IRQHandler                           0x08000467   Thumb Code     0  startup_stm32h743xx.o(.text)
    FPU_IRQHandler                           0x08000467   Thumb Code     0  startup_stm32h743xx.o(.text)
    HRTIM1_FLT_IRQHandler                    0x08000467   Thumb Code     0  startup_stm32h743xx.o(.text)
    HRTIM1_Master_IRQHandler                 0x08000467   Thumb Code     0  startup_stm32h743xx.o(.text)
    HRTIM1_TIMA_IRQHandler                   0x08000467   Thumb Code     0  startup_stm32h743xx.o(.text)
    HRTIM1_TIMB_IRQHandler                   0x08000467   Thumb Code     0  startup_stm32h743xx.o(.text)
    HRTIM1_TIMC_IRQHandler                   0x08000467   Thumb Code     0  startup_stm32h743xx.o(.text)
    HRTIM1_TIMD_IRQHandler                   0x08000467   Thumb Code     0  startup_stm32h743xx.o(.text)
    HRTIM1_TIME_IRQHandler                   0x08000467   Thumb Code     0  startup_stm32h743xx.o(.text)
    HSEM1_IRQHandler                         0x08000467   Thumb Code     0  startup_stm32h743xx.o(.text)
    I2C1_ER_IRQHandler                       0x08000467   Thumb Code     0  startup_stm32h743xx.o(.text)
    I2C1_EV_IRQHandler                       0x08000467   Thumb Code     0  startup_stm32h743xx.o(.text)
    I2C2_ER_IRQHandler                       0x08000467   Thumb Code     0  startup_stm32h743xx.o(.text)
    I2C2_EV_IRQHandler                       0x08000467   Thumb Code     0  startup_stm32h743xx.o(.text)
    I2C3_ER_IRQHandler                       0x08000467   Thumb Code     0  startup_stm32h743xx.o(.text)
    I2C3_EV_IRQHandler                       0x08000467   Thumb Code     0  startup_stm32h743xx.o(.text)
    I2C4_ER_IRQHandler                       0x08000467   Thumb Code     0  startup_stm32h743xx.o(.text)
    I2C4_EV_IRQHandler                       0x08000467   Thumb Code     0  startup_stm32h743xx.o(.text)
    JPEG_IRQHandler                          0x08000467   Thumb Code     0  startup_stm32h743xx.o(.text)
    LPTIM1_IRQHandler                        0x08000467   Thumb Code     0  startup_stm32h743xx.o(.text)
    LPTIM2_IRQHandler                        0x08000467   Thumb Code     0  startup_stm32h743xx.o(.text)
    LPTIM3_IRQHandler                        0x08000467   Thumb Code     0  startup_stm32h743xx.o(.text)
    LPTIM4_IRQHandler                        0x08000467   Thumb Code     0  startup_stm32h743xx.o(.text)
    LPTIM5_IRQHandler                        0x08000467   Thumb Code     0  startup_stm32h743xx.o(.text)
    LPUART1_IRQHandler                       0x08000467   Thumb Code     0  startup_stm32h743xx.o(.text)
    LTDC_ER_IRQHandler                       0x08000467   Thumb Code     0  startup_stm32h743xx.o(.text)
    LTDC_IRQHandler                          0x08000467   Thumb Code     0  startup_stm32h743xx.o(.text)
    MDIOS_IRQHandler                         0x08000467   Thumb Code     0  startup_stm32h743xx.o(.text)
    MDIOS_WKUP_IRQHandler                    0x08000467   Thumb Code     0  startup_stm32h743xx.o(.text)
    MDMA_IRQHandler                          0x08000467   Thumb Code     0  startup_stm32h743xx.o(.text)
    OTG_FS_EP1_IN_IRQHandler                 0x08000467   Thumb Code     0  startup_stm32h743xx.o(.text)
    OTG_FS_EP1_OUT_IRQHandler                0x08000467   Thumb Code     0  startup_stm32h743xx.o(.text)
    OTG_FS_IRQHandler                        0x08000467   Thumb Code     0  startup_stm32h743xx.o(.text)
    OTG_FS_WKUP_IRQHandler                   0x08000467   Thumb Code     0  startup_stm32h743xx.o(.text)
    OTG_HS_EP1_IN_IRQHandler                 0x08000467   Thumb Code     0  startup_stm32h743xx.o(.text)
    OTG_HS_EP1_OUT_IRQHandler                0x08000467   Thumb Code     0  startup_stm32h743xx.o(.text)
    OTG_HS_WKUP_IRQHandler                   0x08000467   Thumb Code     0  startup_stm32h743xx.o(.text)
    PVD_AVD_IRQHandler                       0x08000467   Thumb Code     0  startup_stm32h743xx.o(.text)
    QUADSPI_IRQHandler                       0x08000467   Thumb Code     0  startup_stm32h743xx.o(.text)
    RCC_IRQHandler                           0x08000467   Thumb Code     0  startup_stm32h743xx.o(.text)
    RNG_IRQHandler                           0x08000467   Thumb Code     0  startup_stm32h743xx.o(.text)
    RTC_Alarm_IRQHandler                     0x08000467   Thumb Code     0  startup_stm32h743xx.o(.text)
    RTC_WKUP_IRQHandler                      0x08000467   Thumb Code     0  startup_stm32h743xx.o(.text)
    SAI1_IRQHandler                          0x08000467   Thumb Code     0  startup_stm32h743xx.o(.text)
    SAI2_IRQHandler                          0x08000467   Thumb Code     0  startup_stm32h743xx.o(.text)
    SAI3_IRQHandler                          0x08000467   Thumb Code     0  startup_stm32h743xx.o(.text)
    SAI4_IRQHandler                          0x08000467   Thumb Code     0  startup_stm32h743xx.o(.text)
    SDMMC1_IRQHandler                        0x08000467   Thumb Code     0  startup_stm32h743xx.o(.text)
    SDMMC2_IRQHandler                        0x08000467   Thumb Code     0  startup_stm32h743xx.o(.text)
    SPDIF_RX_IRQHandler                      0x08000467   Thumb Code     0  startup_stm32h743xx.o(.text)
    SPI1_IRQHandler                          0x08000467   Thumb Code     0  startup_stm32h743xx.o(.text)
    SPI2_IRQHandler                          0x08000467   Thumb Code     0  startup_stm32h743xx.o(.text)
    SPI3_IRQHandler                          0x08000467   Thumb Code     0  startup_stm32h743xx.o(.text)
    SPI4_IRQHandler                          0x08000467   Thumb Code     0  startup_stm32h743xx.o(.text)
    SPI5_IRQHandler                          0x08000467   Thumb Code     0  startup_stm32h743xx.o(.text)
    SPI6_IRQHandler                          0x08000467   Thumb Code     0  startup_stm32h743xx.o(.text)
    SWPMI1_IRQHandler                        0x08000467   Thumb Code     0  startup_stm32h743xx.o(.text)
    TAMP_STAMP_IRQHandler                    0x08000467   Thumb Code     0  startup_stm32h743xx.o(.text)
    TIM15_IRQHandler                         0x08000467   Thumb Code     0  startup_stm32h743xx.o(.text)
    TIM16_IRQHandler                         0x08000467   Thumb Code     0  startup_stm32h743xx.o(.text)
    TIM17_IRQHandler                         0x08000467   Thumb Code     0  startup_stm32h743xx.o(.text)
    TIM1_BRK_IRQHandler                      0x08000467   Thumb Code     0  startup_stm32h743xx.o(.text)
    TIM1_CC_IRQHandler                       0x08000467   Thumb Code     0  startup_stm32h743xx.o(.text)
    TIM1_TRG_COM_IRQHandler                  0x08000467   Thumb Code     0  startup_stm32h743xx.o(.text)
    TIM1_UP_IRQHandler                       0x08000467   Thumb Code     0  startup_stm32h743xx.o(.text)
    TIM2_IRQHandler                          0x08000467   Thumb Code     0  startup_stm32h743xx.o(.text)
    TIM3_IRQHandler                          0x08000467   Thumb Code     0  startup_stm32h743xx.o(.text)
    TIM4_IRQHandler                          0x08000467   Thumb Code     0  startup_stm32h743xx.o(.text)
    TIM5_IRQHandler                          0x08000467   Thumb Code     0  startup_stm32h743xx.o(.text)
    TIM7_IRQHandler                          0x08000467   Thumb Code     0  startup_stm32h743xx.o(.text)
    TIM8_BRK_TIM12_IRQHandler                0x08000467   Thumb Code     0  startup_stm32h743xx.o(.text)
    TIM8_CC_IRQHandler                       0x08000467   Thumb Code     0  startup_stm32h743xx.o(.text)
    TIM8_TRG_COM_TIM14_IRQHandler            0x08000467   Thumb Code     0  startup_stm32h743xx.o(.text)
    TIM8_UP_TIM13_IRQHandler                 0x08000467   Thumb Code     0  startup_stm32h743xx.o(.text)
    UART4_IRQHandler                         0x08000467   Thumb Code     0  startup_stm32h743xx.o(.text)
    UART5_IRQHandler                         0x08000467   Thumb Code     0  startup_stm32h743xx.o(.text)
    UART7_IRQHandler                         0x08000467   Thumb Code     0  startup_stm32h743xx.o(.text)
    UART8_IRQHandler                         0x08000467   Thumb Code     0  startup_stm32h743xx.o(.text)
    USART1_IRQHandler                        0x08000467   Thumb Code     0  startup_stm32h743xx.o(.text)
    USART2_IRQHandler                        0x08000467   Thumb Code     0  startup_stm32h743xx.o(.text)
    USART3_IRQHandler                        0x08000467   Thumb Code     0  startup_stm32h743xx.o(.text)
    USART6_IRQHandler                        0x08000467   Thumb Code     0  startup_stm32h743xx.o(.text)
    WAKEUP_PIN_IRQHandler                    0x08000467   Thumb Code     0  startup_stm32h743xx.o(.text)
    WWDG_IRQHandler                          0x08000467   Thumb Code     0  startup_stm32h743xx.o(.text)
    __user_initial_stackheap                 0x08000469   Thumb Code     0  startup_stm32h743xx.o(.text)
    __aeabi_memcpy4                          0x0800048d   Thumb Code     0  rt_memcpy_w.o(.text)
    __aeabi_memcpy8                          0x0800048d   Thumb Code     0  rt_memcpy_w.o(.text)
    __rt_memcpy_w                            0x0800048d   Thumb Code   100  rt_memcpy_w.o(.text)
    _memcpy_lastbytes_aligned                0x080004d5   Thumb Code     0  rt_memcpy_w.o(.text)
    __aeabi_memclr4                          0x080004f1   Thumb Code     0  rt_memclr_w.o(.text)
    __aeabi_memclr8                          0x080004f1   Thumb Code     0  rt_memclr_w.o(.text)
    __rt_memclr_w                            0x080004f1   Thumb Code    78  rt_memclr_w.o(.text)
    _memset_w                                0x080004f5   Thumb Code     0  rt_memclr_w.o(.text)
    __use_two_region_memory                  0x0800053f   Thumb Code     2  heapauxi.o(.text)
    __rt_heap_escrow                         0x08000541   Thumb Code     2  heapauxi.o(.text)
    __rt_heap_expand                         0x08000543   Thumb Code     2  heapauxi.o(.text)
    __user_libspace                          0x08000545   Thumb Code     8  libspace.o(.text)
    __user_perproc_libspace                  0x08000545   Thumb Code     0  libspace.o(.text)
    __user_perthread_libspace                0x08000545   Thumb Code     0  libspace.o(.text)
    __user_setup_stackheap                   0x0800054d   Thumb Code    74  sys_stackheap_outer.o(.text)
    exit                                     0x08000597   Thumb Code    18  exit.o(.text)
    _sys_exit                                0x080005a9   Thumb Code     8  sys_exit.o(.text)
    __I$use$semihosting                      0x080005b5   Thumb Code     0  use_no_semi.o(.text)
    __use_no_semihosting_swi                 0x080005b5   Thumb Code     2  use_no_semi.o(.text)
    __semihosting_library_function           0x080005b7   Thumb Code     0  indicate_semi.o(.text)
    BSP_DMA_AD7616_Start                     0x080005b9   Thumb Code   154  bsp_dma.o(i.BSP_DMA_AD7616_Start)
    BSP_DWT_DelayInit                        0x08000661   Thumb Code    26  bsp_timer.o(i.BSP_DWT_DelayInit)
    BSP_DWT_Delay_ms                         0x08000685   Thumb Code    28  bsp_timer.o(i.BSP_DWT_Delay_ms)
    BSP_GPIO_LED_Init                        0x080006a9   Thumb Code    50  bsp_gpio.o(i.BSP_GPIO_LED_Init)
    BSP_GPIO_System_Clock_Init               0x080006e1   Thumb Code    18  bsp_gpio.o(i.BSP_GPIO_System_Clock_Init)
    BSP_Init                                 0x080006f5   Thumb Code   250  bsp.o(i.BSP_Init)
    BSP_USART1_Init                          0x08000805   Thumb Code   184  bsp_usart.o(i.BSP_USART1_Init)
    BSP_USART3_Init                          0x080008d1   Thumb Code   184  bsp_usart.o(i.BSP_USART3_Init)
    BusFault_Handler                         0x08000999   Thumb Code     2  stm32h7xx_it.o(i.BusFault_Handler)
    CDC_Transmit_HS                          0x080009e5   Thumb Code    38  usbd_cdc_if.o(i.CDC_Transmit_HS)
    DMA1_Stream0_IRQHandler                  0x08000a11   Thumb Code    82  app_wavecollectiontask.o(i.DMA1_Stream0_IRQHandler)
    DebugMon_Handler                         0x08000a79   Thumb Code     2  stm32h7xx_it.o(i.DebugMon_Handler)
    Error_Handler                            0x08000a7b   Thumb Code     4  sys.o(i.Error_Handler)
    HAL_Delay                                0x08000a81   Thumb Code    32  stm32h7xx_hal.o(i.HAL_Delay)
    HAL_GPIO_Init                            0x08000aa5   Thumb Code   506  stm32h7xx_hal_gpio.o(i.HAL_GPIO_Init)
    HAL_GetTick                              0x08000cd1   Thumb Code     6  stm32h7xx_hal.o(i.HAL_GetTick)
    HAL_IncTick                              0x08000cdd   Thumb Code    12  stm32h7xx_hal.o(i.HAL_IncTick)
    HAL_Init                                 0x08000ced   Thumb Code    74  stm32h7xx_hal.o(i.HAL_Init)
    HAL_InitTick                             0x08000d49   Thumb Code   120  stm32h7xx_hal_timebase_tim.o(i.HAL_InitTick)
    HAL_MPU_ConfigRegion                     0x08000dd5   Thumb Code    86  stm32h7xx_hal_cortex.o(i.HAL_MPU_ConfigRegion)
    HAL_MPU_Disable                          0x08000e31   Thumb Code    24  stm32h7xx_hal_cortex.o(i.HAL_MPU_Disable)
    HAL_MPU_Enable                           0x08000e4d   Thumb Code    30  stm32h7xx_hal_cortex.o(i.HAL_MPU_Enable)
    HAL_MspInit                              0x08000e71   Thumb Code    32  stm32h7xx_hal_msp.o(i.HAL_MspInit)
    HAL_NVIC_EnableIRQ                       0x08000e95   Thumb Code    26  stm32h7xx_hal_cortex.o(i.HAL_NVIC_EnableIRQ)
    HAL_NVIC_SetPriority                     0x08000eb1   Thumb Code    60  stm32h7xx_hal_cortex.o(i.HAL_NVIC_SetPriority)
    HAL_NVIC_SetPriorityGrouping             0x08000ef1   Thumb Code    28  stm32h7xx_hal_cortex.o(i.HAL_NVIC_SetPriorityGrouping)
    HAL_PCDEx_ActivateLPM                    0x08000f15   Thumb Code    34  stm32h7xx_hal_pcd_ex.o(i.HAL_PCDEx_ActivateLPM)
    HAL_PCDEx_LPM_Callback                   0x08000f3d   Thumb Code     2  stm32h7xx_hal_pcd_ex.o(i.HAL_PCDEx_LPM_Callback)
    HAL_PCDEx_SetRxFiFo                      0x08000f3f   Thumb Code     8  stm32h7xx_hal_pcd_ex.o(i.HAL_PCDEx_SetRxFiFo)
    HAL_PCDEx_SetTxFiFo                      0x08000f47   Thumb Code    70  stm32h7xx_hal_pcd_ex.o(i.HAL_PCDEx_SetTxFiFo)
    HAL_PCD_ConnectCallback                  0x08000f8d   Thumb Code     8  usbd_conf.o(i.HAL_PCD_ConnectCallback)
    HAL_PCD_DataInStageCallback              0x08000f95   Thumb Code    18  usbd_conf.o(i.HAL_PCD_DataInStageCallback)
    HAL_PCD_DataOutStageCallback             0x08000fa7   Thumb Code    20  usbd_conf.o(i.HAL_PCD_DataOutStageCallback)
    HAL_PCD_DisconnectCallback               0x08000fbb   Thumb Code     8  usbd_conf.o(i.HAL_PCD_DisconnectCallback)
    HAL_PCD_EP_Abort                         0x08000fc3   Thumb Code    30  stm32h7xx_hal_pcd.o(i.HAL_PCD_EP_Abort)
    HAL_PCD_EP_Close                         0x08000fe1   Thumb Code    76  stm32h7xx_hal_pcd.o(i.HAL_PCD_EP_Close)
    HAL_PCD_EP_ClrStall                      0x0800102d   Thumb Code    92  stm32h7xx_hal_pcd.o(i.HAL_PCD_EP_ClrStall)
    HAL_PCD_EP_GetRxCount                    0x08001089   Thumb Code    18  stm32h7xx_hal_pcd.o(i.HAL_PCD_EP_GetRxCount)
    HAL_PCD_EP_Open                          0x0800109b   Thumb Code    96  stm32h7xx_hal_pcd.o(i.HAL_PCD_EP_Open)
    HAL_PCD_EP_Receive                       0x080010fb   Thumb Code    52  stm32h7xx_hal_pcd.o(i.HAL_PCD_EP_Receive)
    HAL_PCD_EP_SetStall                      0x0800112f   Thumb Code   116  stm32h7xx_hal_pcd.o(i.HAL_PCD_EP_SetStall)
    HAL_PCD_EP_Transmit                      0x080011a3   Thumb Code    52  stm32h7xx_hal_pcd.o(i.HAL_PCD_EP_Transmit)
    HAL_PCD_IRQHandler                       0x080011d9   Thumb Code  1436  stm32h7xx_hal_pcd.o(i.HAL_PCD_IRQHandler)
    HAL_PCD_ISOINIncompleteCallback          0x08001775   Thumb Code     8  usbd_conf.o(i.HAL_PCD_ISOINIncompleteCallback)
    HAL_PCD_ISOOUTIncompleteCallback         0x0800177d   Thumb Code     8  usbd_conf.o(i.HAL_PCD_ISOOUTIncompleteCallback)
    HAL_PCD_Init                             0x08001785   Thumb Code   242  stm32h7xx_hal_pcd.o(i.HAL_PCD_Init)
    HAL_PCD_MspInit                          0x08001879   Thumb Code   212  usbd_conf.o(i.HAL_PCD_MspInit)
    HAL_PCD_ResetCallback                    0x08001965   Thumb Code    44  usbd_conf.o(i.HAL_PCD_ResetCallback)
    HAL_PCD_ResumeCallback                   0x08001991   Thumb Code     8  usbd_conf.o(i.HAL_PCD_ResumeCallback)
    HAL_PCD_SOFCallback                      0x08001999   Thumb Code     8  usbd_conf.o(i.HAL_PCD_SOFCallback)
    HAL_PCD_SetAddress                       0x080019a1   Thumb Code    40  stm32h7xx_hal_pcd.o(i.HAL_PCD_SetAddress)
    HAL_PCD_SetupStageCallback               0x080019c9   Thumb Code    14  usbd_conf.o(i.HAL_PCD_SetupStageCallback)
    HAL_PCD_Start                            0x080019d7   Thumb Code    66  stm32h7xx_hal_pcd.o(i.HAL_PCD_Start)
    HAL_PCD_SuspendCallback                  0x08001a19   Thumb Code    44  usbd_conf.o(i.HAL_PCD_SuspendCallback)
    HAL_PWREx_EnableUSBVoltageDetector       0x08001a49   Thumb Code    12  stm32h7xx_hal_pwr_ex.o(i.HAL_PWREx_EnableUSBVoltageDetector)
    HAL_RCC_GetClockConfig                   0x08001a59   Thumb Code    84  stm32h7xx_hal_rcc.o(i.HAL_RCC_GetClockConfig)
    HAL_RCC_GetHCLKFreq                      0x08001ab5   Thumb Code    52  stm32h7xx_hal_rcc.o(i.HAL_RCC_GetHCLKFreq)
    HAL_RCC_GetPCLK1Freq                     0x08001af9   Thumb Code    26  stm32h7xx_hal_rcc.o(i.HAL_RCC_GetPCLK1Freq)
    HAL_RCC_GetSysClockFreq                  0x08001b1d   Thumb Code   278  stm32h7xx_hal_rcc.o(i.HAL_RCC_GetSysClockFreq)
    HAL_TIMEx_Break2Callback                 0x08001c55   Thumb Code     2  stm32h7xx_hal_tim_ex.o(i.HAL_TIMEx_Break2Callback)
    HAL_TIMEx_BreakCallback                  0x08001c57   Thumb Code     2  stm32h7xx_hal_tim_ex.o(i.HAL_TIMEx_BreakCallback)
    HAL_TIMEx_CommutCallback                 0x08001c59   Thumb Code     2  stm32h7xx_hal_tim_ex.o(i.HAL_TIMEx_CommutCallback)
    HAL_TIM_Base_Init                        0x08001c5b   Thumb Code    98  stm32h7xx_hal_tim.o(i.HAL_TIM_Base_Init)
    HAL_TIM_Base_MspInit                     0x08001cbd   Thumb Code     2  stm32h7xx_hal_tim.o(i.HAL_TIM_Base_MspInit)
    HAL_TIM_Base_Start_IT                    0x08001cc1   Thumb Code   106  stm32h7xx_hal_tim.o(i.HAL_TIM_Base_Start_IT)
    HAL_TIM_IC_CaptureCallback               0x08001d4d   Thumb Code     2  stm32h7xx_hal_tim.o(i.HAL_TIM_IC_CaptureCallback)
    HAL_TIM_IRQHandler                       0x08001d4f   Thumb Code   386  stm32h7xx_hal_tim.o(i.HAL_TIM_IRQHandler)
    HAL_TIM_OC_DelayElapsedCallback          0x08001ed1   Thumb Code     2  stm32h7xx_hal_tim.o(i.HAL_TIM_OC_DelayElapsedCallback)
    HAL_TIM_PWM_PulseFinishedCallback        0x08001ed3   Thumb Code     2  stm32h7xx_hal_tim.o(i.HAL_TIM_PWM_PulseFinishedCallback)
    HAL_TIM_PeriodElapsedCallback            0x08001ed5   Thumb Code    14  sys.o(i.HAL_TIM_PeriodElapsedCallback)
    HAL_TIM_TriggerCallback                  0x08001ee9   Thumb Code     2  stm32h7xx_hal_tim.o(i.HAL_TIM_TriggerCallback)
    HardFault_Handler                        0x08001eeb   Thumb Code     2  stm32h7xx_it.o(i.HardFault_Handler)
    LL_GPIO_Init                             0x08001f99   Thumb Code   180  stm32h7xx_ll_gpio.o(i.LL_GPIO_Init)
    LL_RCC_CalcPLLClockFreq                  0x0800205d   Thumb Code    70  stm32h7xx_ll_rcc.o(i.LL_RCC_CalcPLLClockFreq)
    LL_RCC_GetPLL1ClockFreq                  0x080020c9   Thumb Code   224  stm32h7xx_ll_rcc.o(i.LL_RCC_GetPLL1ClockFreq)
    LL_RCC_GetPLL2ClockFreq                  0x080021b9   Thumb Code   226  stm32h7xx_ll_rcc.o(i.LL_RCC_GetPLL2ClockFreq)
    LL_RCC_GetPLL3ClockFreq                  0x080022ad   Thumb Code   230  stm32h7xx_ll_rcc.o(i.LL_RCC_GetPLL3ClockFreq)
    LL_RCC_GetUSARTClockFreq                 0x080023b5   Thumb Code   240  stm32h7xx_ll_rcc.o(i.LL_RCC_GetUSARTClockFreq)
    LL_SetSystemCoreClock                    0x08002555   Thumb Code     6  stm32h7xx_ll_utils.o(i.LL_SetSystemCoreClock)
    LL_USART_Init                            0x08002561   Thumb Code   232  stm32h7xx_ll_usart.o(i.LL_USART_Init)
    MPU_Config                               0x080026ab   Thumb Code   180  sys.o(i.MPU_Config)
    MX_USB_DEVICE_Init                       0x08002761   Thumb Code    66  usb_device.o(i.MX_USB_DEVICE_Init)
    MemManage_Handler                        0x080027b5   Thumb Code     2  stm32h7xx_it.o(i.MemManage_Handler)
    NMI_Handler                              0x080027b7   Thumb Code     2  stm32h7xx_it.o(i.NMI_Handler)
    OTG_HS_IRQHandler                        0x080027b9   Thumb Code     6  stm32h7xx_it.o(i.OTG_HS_IRQHandler)
    SRAM_ClockEnable                         0x080029d9   Thumb Code    68  sys.o(i.SRAM_ClockEnable)
    SysTick_Handler                          0x08002a2b   Thumb Code    26  cmsis_os2.o(i.SysTick_Handler)
    SystemClock_Config                       0x08002a45   Thumb Code   362  sys.o(i.SystemClock_Config)
    SystemInit                               0x08002bc1   Thumb Code   180  system_stm32h7xx.o(i.SystemInit)
    TIM6_DAC_IRQHandler                      0x08002c9d   Thumb Code     6  stm32h7xx_it.o(i.TIM6_DAC_IRQHandler)
    TIM_Base_SetConfig                       0x08002ca9   Thumb Code   162  stm32h7xx_hal_tim.o(i.TIM_Base_SetConfig)
    USBD_CDC_GetDeviceQualifierDescriptor    0x08002ee9   Thumb Code     8  usbd_cdc.o(i.USBD_CDC_GetDeviceQualifierDescriptor)
    USBD_CDC_ReceivePacket                   0x080030d1   Thumb Code    50  usbd_cdc.o(i.USBD_CDC_ReceivePacket)
    USBD_CDC_RegisterInterface               0x08003109   Thumb Code    22  usbd_cdc.o(i.USBD_CDC_RegisterInterface)
    USBD_CDC_SetRxBuffer                     0x0800311f   Thumb Code    26  usbd_cdc.o(i.USBD_CDC_SetRxBuffer)
    USBD_CDC_SetTxBuffer                     0x08003139   Thumb Code    30  usbd_cdc.o(i.USBD_CDC_SetTxBuffer)
    USBD_CDC_TransmitPacket                  0x08003225   Thumb Code    76  usbd_cdc.o(i.USBD_CDC_TransmitPacket)
    USBD_ClrClassConfig                      0x08003275   Thumb Code    20  usbd_core.o(i.USBD_ClrClassConfig)
    USBD_CoreFindEP                          0x08003289   Thumb Code     4  usbd_core.o(i.USBD_CoreFindEP)
    USBD_CoreFindIF                          0x0800328d   Thumb Code     4  usbd_core.o(i.USBD_CoreFindIF)
    USBD_CtlContinueRx                       0x08003291   Thumb Code    16  usbd_ioreq.o(i.USBD_CtlContinueRx)
    USBD_CtlContinueSendData                 0x080032a1   Thumb Code    16  usbd_ioreq.o(i.USBD_CtlContinueSendData)
    USBD_CtlError                            0x080032b1   Thumb Code    22  usbd_ctlreq.o(i.USBD_CtlError)
    USBD_CtlPrepareRx                        0x080032c7   Thumb Code    30  usbd_ioreq.o(i.USBD_CtlPrepareRx)
    USBD_CtlReceiveStatus                    0x080032e5   Thumb Code    22  usbd_ioreq.o(i.USBD_CtlReceiveStatus)
    USBD_CtlSendData                         0x080032fb   Thumb Code    26  usbd_ioreq.o(i.USBD_CtlSendData)
    USBD_CtlSendStatus                       0x08003315   Thumb Code    22  usbd_ioreq.o(i.USBD_CtlSendStatus)
    USBD_GetEpDesc                           0x08003425   Thumb Code    58  usbd_core.o(i.USBD_GetEpDesc)
    USBD_GetNextDesc                         0x0800345f   Thumb Code    14  usbd_core.o(i.USBD_GetNextDesc)
    USBD_GetString                           0x0800346d   Thumb Code    74  usbd_ctlreq.o(i.USBD_GetString)
    USBD_Get_USB_Status                      0x080034b7   Thumb Code    24  usbd_conf.o(i.USBD_Get_USB_Status)
    USBD_HS_ConfigStrDescriptor              0x080034d1   Thumb Code    16  usbd_desc.o(i.USBD_HS_ConfigStrDescriptor)
    USBD_HS_DeviceDescriptor                 0x080034f1   Thumb Code     8  usbd_desc.o(i.USBD_HS_DeviceDescriptor)
    USBD_HS_InterfaceStrDescriptor           0x080034fd   Thumb Code    16  usbd_desc.o(i.USBD_HS_InterfaceStrDescriptor)
    USBD_HS_LangIDStrDescriptor              0x08003521   Thumb Code     8  usbd_desc.o(i.USBD_HS_LangIDStrDescriptor)
    USBD_HS_ManufacturerStrDescriptor        0x0800352d   Thumb Code    16  usbd_desc.o(i.USBD_HS_ManufacturerStrDescriptor)
    USBD_HS_ProductStrDescriptor             0x08003555   Thumb Code    16  usbd_desc.o(i.USBD_HS_ProductStrDescriptor)
    USBD_HS_SerialStrDescriptor              0x08003581   Thumb Code    50  usbd_desc.o(i.USBD_HS_SerialStrDescriptor)
    USBD_Init                                0x080035bd   Thumb Code    38  usbd_core.o(i.USBD_Init)
    USBD_LL_ClearStallEP                     0x080035e3   Thumb Code    18  usbd_conf.o(i.USBD_LL_ClearStallEP)
    USBD_LL_CloseEP                          0x080035f5   Thumb Code    18  usbd_conf.o(i.USBD_LL_CloseEP)
    USBD_LL_DataInStage                      0x08003607   Thumb Code   184  usbd_core.o(i.USBD_LL_DataInStage)
    USBD_LL_DataOutStage                     0x080036bf   Thumb Code   144  usbd_core.o(i.USBD_LL_DataOutStage)
    USBD_LL_DevConnected                     0x0800374f   Thumb Code     4  usbd_core.o(i.USBD_LL_DevConnected)
    USBD_LL_DevDisconnected                  0x08003753   Thumb Code    32  usbd_core.o(i.USBD_LL_DevDisconnected)
    USBD_LL_GetRxDataSize                    0x08003773   Thumb Code     8  usbd_conf.o(i.USBD_LL_GetRxDataSize)
    USBD_LL_Init                             0x0800377d   Thumb Code    96  usbd_conf.o(i.USBD_LL_Init)
    USBD_LL_IsStallEP                        0x080037e5   Thumb Code    32  usbd_conf.o(i.USBD_LL_IsStallEP)
    USBD_LL_IsoINIncomplete                  0x08003805   Thumb Code    40  usbd_core.o(i.USBD_LL_IsoINIncomplete)
    USBD_LL_IsoOUTIncomplete                 0x0800382d   Thumb Code    40  usbd_core.o(i.USBD_LL_IsoOUTIncomplete)
    USBD_LL_OpenEP                           0x08003855   Thumb Code    24  usbd_conf.o(i.USBD_LL_OpenEP)
    USBD_LL_PrepareReceive                   0x0800386d   Thumb Code    18  usbd_conf.o(i.USBD_LL_PrepareReceive)
    USBD_LL_Reset                            0x0800387f   Thumb Code    94  usbd_core.o(i.USBD_LL_Reset)
    USBD_LL_Resume                           0x080038dd   Thumb Code    20  usbd_core.o(i.USBD_LL_Resume)
    USBD_LL_SOF                              0x080038f1   Thumb Code    26  usbd_core.o(i.USBD_LL_SOF)
    USBD_LL_SetSpeed                         0x0800390b   Thumb Code     6  usbd_core.o(i.USBD_LL_SetSpeed)
    USBD_LL_SetUSBAddress                    0x08003911   Thumb Code    18  usbd_conf.o(i.USBD_LL_SetUSBAddress)
    USBD_LL_SetupStage                       0x08003923   Thumb Code    96  usbd_core.o(i.USBD_LL_SetupStage)
    USBD_LL_StallEP                          0x08003983   Thumb Code    18  usbd_conf.o(i.USBD_LL_StallEP)
    USBD_LL_Start                            0x08003995   Thumb Code    18  usbd_conf.o(i.USBD_LL_Start)
    USBD_LL_Suspend                          0x080039a7   Thumb Code    26  usbd_core.o(i.USBD_LL_Suspend)
    USBD_LL_Transmit                         0x080039c1   Thumb Code    18  usbd_conf.o(i.USBD_LL_Transmit)
    USBD_ParseSetupRequest                   0x080039d3   Thumb Code    42  usbd_ctlreq.o(i.USBD_ParseSetupRequest)
    USBD_RegisterClass                       0x080039fd   Thumb Code    58  usbd_core.o(i.USBD_RegisterClass)
    USBD_SetClassConfig                      0x08003a37   Thumb Code    20  usbd_core.o(i.USBD_SetClassConfig)
    USBD_Start                               0x08003b09   Thumb Code     4  usbd_core.o(i.USBD_Start)
    USBD_StdDevReq                           0x08003b0d   Thumb Code   302  usbd_ctlreq.o(i.USBD_StdDevReq)
    USBD_StdEPReq                            0x08003c3b   Thumb Code   356  usbd_ctlreq.o(i.USBD_StdEPReq)
    USBD_StdItfReq                           0x08003d9f   Thumb Code   116  usbd_ctlreq.o(i.USBD_StdItfReq)
    USBD_static_free                         0x08003e13   Thumb Code     2  usbd_conf.o(i.USBD_static_free)
    USBD_static_malloc                       0x08003e15   Thumb Code     4  usbd_conf.o(i.USBD_static_malloc)
    USB_ActivateEndpoint                     0x08003e1d   Thumb Code   124  stm32h7xx_ll_usb.o(i.USB_ActivateEndpoint)
    USB_ActivateSetup                        0x08003e9d   Thumb Code    28  stm32h7xx_ll_usb.o(i.USB_ActivateSetup)
    USB_CoreInit                             0x08003eb9   Thumb Code   128  stm32h7xx_ll_usb.o(i.USB_CoreInit)
    USB_DeactivateEndpoint                   0x08003f81   Thumb Code   194  stm32h7xx_ll_usb.o(i.USB_DeactivateEndpoint)
    USB_DevConnect                           0x0800404d   Thumb Code    28  stm32h7xx_ll_usb.o(i.USB_DevConnect)
    USB_DevDisconnect                        0x08004069   Thumb Code    28  stm32h7xx_ll_usb.o(i.USB_DevDisconnect)
    USB_DevInit                              0x08004085   Thumb Code   366  stm32h7xx_ll_usb.o(i.USB_DevInit)
    USB_DisableGlobalInt                     0x080041fd   Thumb Code    12  stm32h7xx_ll_usb.o(i.USB_DisableGlobalInt)
    USB_EP0_OutStart                         0x08004209   Thumb Code    84  stm32h7xx_ll_usb.o(i.USB_EP0_OutStart)
    USB_EPClearStall                         0x08004261   Thumb Code    88  stm32h7xx_ll_usb.o(i.USB_EPClearStall)
    USB_EPSetStall                           0x080042b9   Thumb Code    88  stm32h7xx_ll_usb.o(i.USB_EPSetStall)
    USB_EPStartXfer                          0x08004311   Thumb Code   562  stm32h7xx_ll_usb.o(i.USB_EPStartXfer)
    USB_EPStopXfer                           0x08004549   Thumb Code   158  stm32h7xx_ll_usb.o(i.USB_EPStopXfer)
    USB_EnableGlobalInt                      0x080045e7   Thumb Code    12  stm32h7xx_ll_usb.o(i.USB_EnableGlobalInt)
    USB_FlushRxFifo                          0x080045f5   Thumb Code    54  stm32h7xx_ll_usb.o(i.USB_FlushRxFifo)
    USB_FlushTxFifo                          0x08004631   Thumb Code    58  stm32h7xx_ll_usb.o(i.USB_FlushTxFifo)
    USB_GetDevSpeed                          0x08004671   Thumb Code    26  stm32h7xx_ll_usb.o(i.USB_GetDevSpeed)
    USB_GetMode                              0x0800468b   Thumb Code     8  stm32h7xx_ll_usb.o(i.USB_GetMode)
    USB_ReadDevAllInEpInterrupt              0x08004693   Thumb Code    14  stm32h7xx_ll_usb.o(i.USB_ReadDevAllInEpInterrupt)
    USB_ReadDevAllOutEpInterrupt             0x080046a1   Thumb Code    14  stm32h7xx_ll_usb.o(i.USB_ReadDevAllOutEpInterrupt)
    USB_ReadDevInEPInterrupt                 0x080046af   Thumb Code    36  stm32h7xx_ll_usb.o(i.USB_ReadDevInEPInterrupt)
    USB_ReadDevOutEPInterrupt                0x080046d3   Thumb Code    16  stm32h7xx_ll_usb.o(i.USB_ReadDevOutEPInterrupt)
    USB_ReadInterrupts                       0x080046e3   Thumb Code     8  stm32h7xx_ll_usb.o(i.USB_ReadInterrupts)
    USB_ReadPacket                           0x080046eb   Thumb Code    64  stm32h7xx_ll_usb.o(i.USB_ReadPacket)
    USB_SetCurrentMode                       0x0800472b   Thumb Code    94  stm32h7xx_ll_usb.o(i.USB_SetCurrentMode)
    USB_SetDevAddress                        0x08004789   Thumb Code    34  stm32h7xx_ll_usb.o(i.USB_SetDevAddress)
    USB_SetTurnaroundTime                    0x080047ad   Thumb Code   158  stm32h7xx_ll_usb.o(i.USB_SetTurnaroundTime)
    USB_WritePacket                          0x08004895   Thumb Code    40  stm32h7xx_ll_usb.o(i.USB_WritePacket)
    UsageFault_Handler                       0x080048bd   Thumb Code     2  stm32h7xx_it.o(i.UsageFault_Handler)
    main                                     0x080048e1   Thumb Code    28  main.o(i.main)
    uxListRemove                             0x08004935   Thumb Code    38  list.o(i.uxListRemove)
    vListInsertEnd                           0x0800495b   Thumb Code    24  list.o(i.vListInsertEnd)
    vPortValidateInterruptPriority           0x08004975   Thumb Code    74  port.o(i.vPortValidateInterruptPriority)
    vTaskSwitchContext                       0x080049c9   Thumb Code   100  tasks.o(i.vTaskSwitchContext)
    xPortSysTickHandler                      0x08004a35   Thumb Code    38  port.o(i.xPortSysTickHandler)
    xQueueGiveFromISR                        0x08004a61   Thumb Code   160  queue.o(i.xQueueGiveFromISR)
    xTaskGetSchedulerState                   0x08004b01   Thumb Code    24  tasks.o(i.xTaskGetSchedulerState)
    xTaskIncrementTick                       0x08004b1d   Thumb Code   196  tasks.o(i.xTaskIncrementTick)
    xTaskRemoveFromEventList                 0x08004be9   Thumb Code   106  tasks.o(i.xTaskRemoveFromEventList)
    _fp_init                                 0x08004c61   Thumb Code    10  fpinit.o(x$fpl$fpinit)
    __fplib_config_fpu_vfp                   0x08004c69   Thumb Code     0  fpinit.o(x$fpl$fpinit)
    __fplib_config_pureend_doubles           0x08004c69   Thumb Code     0  fpinit.o(x$fpl$fpinit)
    LL_RCC_PrescTable                        0x08004c9c   Data          16  stm32h7xx_ll_rcc.o(.constdata)
    D1CorePrescTable                         0x08004cac   Data          16  system_stm32h7xx.o(.constdata)
    EventRecorderInfo                        0x08004cc4   Data          24  eventrecorder.o(.constdata)
    Region$$Table$$Base                      0x08004cdc   Number         0  anon$$obj.o(Region$$Table)
    Region$$Table$$Limit                     0x08004d0c   Number         0  anon$$obj.o(Region$$Table)
    uwTickFreq                               0x20000000   Data           1  stm32h7xx_hal.o(.data)
    uwTickPrio                               0x20000004   Data           4  stm32h7xx_hal.o(.data)
    uwTick                                   0x20000008   Data           4  stm32h7xx_hal.o(.data)
    SystemCoreClock                          0x2000000c   Data           4  system_stm32h7xx.o(.data)
    SystemD2Clock                            0x20000010   Data           4  system_stm32h7xx.o(.data)
    xDMA_BufferReadySemaphore                0x20000018   Data           4  app_wavecollectiontask.o(.data)
    xVoltageDataQueue                        0x2000001c   Data           4  app_wavecollectiontask.o(.data)
    pxCurrentTCB                             0x20000020   Data           4  tasks.o(.data)
    USBD_Interface_fops_HS                   0x20000068   Data          20  usbd_cdc_if.o(.data)
    HS_Desc                                  0x2000007c   Data          32  usbd_desc.o(.data)
    USBD_LangIDDesc                          0x2000009c   Data           4  usbd_desc.o(.data)
    USBD_HS_DeviceDesc                       0x200000a0   Data          18  usbd_desc.o(.data)
    USBD_HS_BOSDesc                          0x200000b4   Data          12  usbd_desc.o(.data)
    USBD_StringSerial                        0x200000c0   Data          26  usbd_desc.o(.data)
    USBD_CDC                                 0x20000130   Data          56  usbd_cdc.o(.data)
    htim6                                    0x20000168   Data          76  stm32h7xx_hal_timebase_tim.o(.bss)
    hUsbDeviceHS                             0x20000678   Data         732  usb_device.o(.bss)
    UserRxBufferHS                           0x20000954   Data        2048  usbd_cdc_if.o(.bss)
    UserTxBufferHS                           0x20001154   Data        2048  usbd_cdc_if.o(.bss)
    USBD_StrDesc                             0x20001954   Data         512  usbd_desc.o(.bss)
    hpcd_USB_OTG_HS                          0x20001d74   Data        1292  usbd_conf.o(.bss)
    __libspace_start                         0x20002280   Data          96  libspace.o(.bss)
    __temporary_stack_top$libspace           0x200022e0   Data           0  libspace.o(.bss)
    AD7616_DataBuffer_A                      0x30000000   Data        2048  app_wavecollectiontask.o(RAM_D3)
    AD7616_DataBuffer_B                      0x30000800   Data        2048  app_wavecollectiontask.o(RAM_D3)
    AD7616_VoltageBuffer_A                   0x30001000   Data        4096  app_wavecollectiontask.o(RAM_D3)
    AD7616_VoltageBuffer_B                   0x30002000   Data        4096  app_wavecollectiontask.o(RAM_D3)



==============================================================================

Memory Map of the image

  Image Entry point : 0x08000299

  Load Region LR_IROM1 (Base: 0x08000000, Size: 0x00007e74, Max: 0x00200000, ABSOLUTE, COMPRESSED[0x00004e38])

    Execution Region ER_IROM1 (Exec base: 0x08000000, Load base: 0x08000000, Size: 0x00004d0c, Max: 0x00200000, ABSOLUTE)

    Exec Addr    Load Addr    Size         Type   Attr      Idx    E Section Name        Object

    0x08000000   0x08000000   0x00000298   Data   RO            3    RESET               startup_stm32h743xx.o
    0x08000298   0x08000298   0x00000008   Code   RO         9633  * !!!main             c_w.l(__main.o)
    0x080002a0   0x080002a0   0x00000034   Code   RO        10001    !!!scatter          c_w.l(__scatter.o)
    0x080002d4   0x080002d4   0x0000005a   Code   RO         9999    !!dczerorl2         c_w.l(__dczerorl2.o)
    0x0800032e   0x0800032e   0x00000002   PAD
    0x08000330   0x08000330   0x0000001c   Code   RO        10003    !!handler_zi        c_w.l(__scatter_zi.o)
    0x0800034c   0x0800034c   0x00000002   Code   RO         9811    .ARM.Collect$$libinit$$00000000  c_w.l(libinit.o)
    0x0800034e   0x0800034e   0x00000004   Code   RO         9812    .ARM.Collect$$libinit$$00000001  c_w.l(libinit2.o)
    0x08000352   0x08000352   0x00000000   Code   RO         9815    .ARM.Collect$$libinit$$00000004  c_w.l(libinit2.o)
    0x08000352   0x08000352   0x00000000   Code   RO         9818    .ARM.Collect$$libinit$$0000000A  c_w.l(libinit2.o)
    0x08000352   0x08000352   0x00000000   Code   RO         9820    .ARM.Collect$$libinit$$0000000C  c_w.l(libinit2.o)
    0x08000352   0x08000352   0x00000000   Code   RO         9822    .ARM.Collect$$libinit$$0000000E  c_w.l(libinit2.o)
    0x08000352   0x08000352   0x00000000   Code   RO         9825    .ARM.Collect$$libinit$$00000011  c_w.l(libinit2.o)
    0x08000352   0x08000352   0x00000000   Code   RO         9827    .ARM.Collect$$libinit$$00000013  c_w.l(libinit2.o)
    0x08000352   0x08000352   0x00000000   Code   RO         9829    .ARM.Collect$$libinit$$00000015  c_w.l(libinit2.o)
    0x08000352   0x08000352   0x00000000   Code   RO         9831    .ARM.Collect$$libinit$$00000017  c_w.l(libinit2.o)
    0x08000352   0x08000352   0x00000000   Code   RO         9833    .ARM.Collect$$libinit$$00000019  c_w.l(libinit2.o)
    0x08000352   0x08000352   0x00000000   Code   RO         9835    .ARM.Collect$$libinit$$0000001B  c_w.l(libinit2.o)
    0x08000352   0x08000352   0x00000000   Code   RO         9837    .ARM.Collect$$libinit$$0000001D  c_w.l(libinit2.o)
    0x08000352   0x08000352   0x00000000   Code   RO         9839    .ARM.Collect$$libinit$$0000001F  c_w.l(libinit2.o)
    0x08000352   0x08000352   0x00000000   Code   RO         9841    .ARM.Collect$$libinit$$00000021  c_w.l(libinit2.o)
    0x08000352   0x08000352   0x00000000   Code   RO         9843    .ARM.Collect$$libinit$$00000023  c_w.l(libinit2.o)
    0x08000352   0x08000352   0x00000000   Code   RO         9845    .ARM.Collect$$libinit$$00000025  c_w.l(libinit2.o)
    0x08000352   0x08000352   0x00000000   Code   RO         9849    .ARM.Collect$$libinit$$0000002C  c_w.l(libinit2.o)
    0x08000352   0x08000352   0x00000000   Code   RO         9851    .ARM.Collect$$libinit$$0000002E  c_w.l(libinit2.o)
    0x08000352   0x08000352   0x00000000   Code   RO         9853    .ARM.Collect$$libinit$$00000030  c_w.l(libinit2.o)
    0x08000352   0x08000352   0x00000000   Code   RO         9855    .ARM.Collect$$libinit$$00000032  c_w.l(libinit2.o)
    0x08000352   0x08000352   0x00000002   Code   RO         9856    .ARM.Collect$$libinit$$00000033  c_w.l(libinit2.o)
    0x08000354   0x08000354   0x00000002   Code   RO         9978    .ARM.Collect$$libshutdown$$00000000  c_w.l(libshutdown.o)
    0x08000356   0x08000356   0x00000000   Code   RO         9858    .ARM.Collect$$libshutdown$$00000002  c_w.l(libshutdown2.o)
    0x08000356   0x08000356   0x00000000   Code   RO         9860    .ARM.Collect$$libshutdown$$00000004  c_w.l(libshutdown2.o)
    0x08000356   0x08000356   0x00000000   Code   RO         9862    .ARM.Collect$$libshutdown$$00000006  c_w.l(libshutdown2.o)
    0x08000356   0x08000356   0x00000000   Code   RO         9865    .ARM.Collect$$libshutdown$$00000009  c_w.l(libshutdown2.o)
    0x08000356   0x08000356   0x00000000   Code   RO         9868    .ARM.Collect$$libshutdown$$0000000C  c_w.l(libshutdown2.o)
    0x08000356   0x08000356   0x00000000   Code   RO         9870    .ARM.Collect$$libshutdown$$0000000E  c_w.l(libshutdown2.o)
    0x08000356   0x08000356   0x00000000   Code   RO         9873    .ARM.Collect$$libshutdown$$00000011  c_w.l(libshutdown2.o)
    0x08000356   0x08000356   0x00000002   Code   RO         9874    .ARM.Collect$$libshutdown$$00000012  c_w.l(libshutdown2.o)
    0x08000358   0x08000358   0x00000000   Code   RO         9643    .ARM.Collect$$rtentry$$00000000  c_w.l(__rtentry.o)
    0x08000358   0x08000358   0x00000000   Code   RO         9659    .ARM.Collect$$rtentry$$00000002  c_w.l(__rtentry2.o)
    0x08000358   0x08000358   0x00000006   Code   RO         9671    .ARM.Collect$$rtentry$$00000004  c_w.l(__rtentry4.o)
    0x0800035e   0x0800035e   0x00000000   Code   RO         9661    .ARM.Collect$$rtentry$$00000009  c_w.l(__rtentry2.o)
    0x0800035e   0x0800035e   0x00000004   Code   RO         9662    .ARM.Collect$$rtentry$$0000000A  c_w.l(__rtentry2.o)
    0x08000362   0x08000362   0x00000000   Code   RO         9664    .ARM.Collect$$rtentry$$0000000C  c_w.l(__rtentry2.o)
    0x08000362   0x08000362   0x00000008   Code   RO         9665    .ARM.Collect$$rtentry$$0000000D  c_w.l(__rtentry2.o)
    0x0800036a   0x0800036a   0x00000002   Code   RO         9875    .ARM.Collect$$rtexit$$00000000  c_w.l(rtexit.o)
    0x0800036c   0x0800036c   0x00000000   Code   RO         9921    .ARM.Collect$$rtexit$$00000002  c_w.l(rtexit2.o)
    0x0800036c   0x0800036c   0x00000004   Code   RO         9922    .ARM.Collect$$rtexit$$00000003  c_w.l(rtexit2.o)
    0x08000370   0x08000370   0x00000006   Code   RO         9923    .ARM.Collect$$rtexit$$00000004  c_w.l(rtexit2.o)
    0x08000376   0x08000376   0x00000002   PAD
    0x08000378   0x08000378   0x000000be   Code   RO         8501    .emb_text           port.o
    0x08000436   0x08000436   0x00000016   Code   RO         5644    .itcm               bsp_gpio.o
    0x0800044c   0x0800044c   0x00000040   Code   RO            4    .text               startup_stm32h743xx.o
    0x0800048c   0x0800048c   0x00000064   Code   RO         9621    .text               c_w.l(rt_memcpy_w.o)
    0x080004f0   0x080004f0   0x0000004e   Code   RO         9627    .text               c_w.l(rt_memclr_w.o)
    0x0800053e   0x0800053e   0x00000006   Code   RO         9631    .text               c_w.l(heapauxi.o)
    0x08000544   0x08000544   0x00000008   Code   RO         9724    .text               c_w.l(libspace.o)
    0x0800054c   0x0800054c   0x0000004a   Code   RO         9729    .text               c_w.l(sys_stackheap_outer.o)
    0x08000596   0x08000596   0x00000012   Code   RO         9800    .text               c_w.l(exit.o)
    0x080005a8   0x080005a8   0x0000000c   Code   RO         9918    .text               c_w.l(sys_exit.o)
    0x080005b4   0x080005b4   0x00000002   Code   RO         9960    .text               c_w.l(use_no_semi.o)
    0x080005b6   0x080005b6   0x00000000   Code   RO         9962    .text               c_w.l(indicate_semi.o)
    0x080005b6   0x080005b6   0x00000002   PAD
    0x080005b8   0x080005b8   0x000000a8   Code   RO         6009    i.BSP_DMA_AD7616_Start  bsp_dma.o
    0x08000660   0x08000660   0x00000024   Code   RO         5780    i.BSP_DWT_DelayInit  bsp_timer.o
    0x08000684   0x08000684   0x00000024   Code   RO         5781    i.BSP_DWT_Delay_ms  bsp_timer.o
    0x080006a8   0x080006a8   0x00000038   Code   RO         5649    i.BSP_GPIO_LED_Init  bsp_gpio.o
    0x080006e0   0x080006e0   0x00000012   Code   RO         5650    i.BSP_GPIO_System_Clock_Init  bsp_gpio.o
    0x080006f2   0x080006f2   0x00000002   PAD
    0x080006f4   0x080006f4   0x00000110   Code   RO         5727    i.BSP_Init          bsp.o
    0x08000804   0x08000804   0x000000cc   Code   RO         6081    i.BSP_USART1_Init   bsp_usart.o
    0x080008d0   0x080008d0   0x000000c8   Code   RO         6083    i.BSP_USART3_Init   bsp_usart.o
    0x08000998   0x08000998   0x00000002   Code   RO          453    i.BusFault_Handler  stm32h7xx_it.o
    0x0800099a   0x0800099a   0x00000004   Code   RO         8616    i.CDC_Control_HS    usbd_cdc_if.o
    0x0800099e   0x0800099e   0x00000004   Code   RO         8617    i.CDC_DeInit_HS     usbd_cdc_if.o
    0x080009a2   0x080009a2   0x00000002   PAD
    0x080009a4   0x080009a4   0x00000024   Code   RO         8618    i.CDC_Init_HS       usbd_cdc_if.o
    0x080009c8   0x080009c8   0x00000018   Code   RO         8619    i.CDC_Receive_HS    usbd_cdc_if.o
    0x080009e0   0x080009e0   0x00000004   Code   RO         8620    i.CDC_TransmitCplt_HS  usbd_cdc_if.o
    0x080009e4   0x080009e4   0x0000002c   Code   RO         8621    i.CDC_Transmit_HS   usbd_cdc_if.o
    0x08000a10   0x08000a10   0x00000068   Code   RO         6613    i.DMA1_Stream0_IRQHandler  app_wavecollectiontask.o
    0x08000a78   0x08000a78   0x00000002   Code   RO          454    i.DebugMon_Handler  stm32h7xx_it.o
    0x08000a7a   0x08000a7a   0x00000004   Code   RO         6710    i.Error_Handler     sys.o
    0x08000a7e   0x08000a7e   0x00000002   PAD
    0x08000a80   0x08000a80   0x00000024   Code   RO         3697    i.HAL_Delay         stm32h7xx_hal.o
    0x08000aa4   0x08000aa4   0x0000022c   Code   RO         2695    i.HAL_GPIO_Init     stm32h7xx_hal_gpio.o
    0x08000cd0   0x08000cd0   0x0000000c   Code   RO         3709    i.HAL_GetTick       stm32h7xx_hal.o
    0x08000cdc   0x08000cdc   0x00000010   Code   RO         3715    i.HAL_IncTick       stm32h7xx_hal.o
    0x08000cec   0x08000cec   0x0000005c   Code   RO         3716    i.HAL_Init          stm32h7xx_hal.o
    0x08000d48   0x08000d48   0x0000008c   Code   RO          547    i.HAL_InitTick      stm32h7xx_hal_timebase_tim.o
    0x08000dd4   0x08000dd4   0x0000005c   Code   RO         3550    i.HAL_MPU_ConfigRegion  stm32h7xx_hal_cortex.o
    0x08000e30   0x08000e30   0x0000001c   Code   RO         3551    i.HAL_MPU_Disable   stm32h7xx_hal_cortex.o
    0x08000e4c   0x08000e4c   0x00000024   Code   RO         3552    i.HAL_MPU_Enable    stm32h7xx_hal_cortex.o
    0x08000e70   0x08000e70   0x00000024   Code   RO          523    i.HAL_MspInit       stm32h7xx_hal_msp.o
    0x08000e94   0x08000e94   0x0000001a   Code   RO         3555    i.HAL_NVIC_EnableIRQ  stm32h7xx_hal_cortex.o
    0x08000eae   0x08000eae   0x00000002   PAD
    0x08000eb0   0x08000eb0   0x00000040   Code   RO         3561    i.HAL_NVIC_SetPriority  stm32h7xx_hal_cortex.o
    0x08000ef0   0x08000ef0   0x00000024   Code   RO         3562    i.HAL_NVIC_SetPriorityGrouping  stm32h7xx_hal_cortex.o
    0x08000f14   0x08000f14   0x00000028   Code   RO         1444    i.HAL_PCDEx_ActivateLPM  stm32h7xx_hal_pcd_ex.o
    0x08000f3c   0x08000f3c   0x00000002   Code   RO         1449    i.HAL_PCDEx_LPM_Callback  stm32h7xx_hal_pcd_ex.o
    0x08000f3e   0x08000f3e   0x00000008   Code   RO         1450    i.HAL_PCDEx_SetRxFiFo  stm32h7xx_hal_pcd_ex.o
    0x08000f46   0x08000f46   0x00000046   Code   RO         1451    i.HAL_PCDEx_SetTxFiFo  stm32h7xx_hal_pcd_ex.o
    0x08000f8c   0x08000f8c   0x00000008   Code   RO         8769    i.HAL_PCD_ConnectCallback  usbd_conf.o
    0x08000f94   0x08000f94   0x00000012   Code   RO         8770    i.HAL_PCD_DataInStageCallback  usbd_conf.o
    0x08000fa6   0x08000fa6   0x00000014   Code   RO         8771    i.HAL_PCD_DataOutStageCallback  usbd_conf.o
    0x08000fba   0x08000fba   0x00000008   Code   RO         8772    i.HAL_PCD_DisconnectCallback  usbd_conf.o
    0x08000fc2   0x08000fc2   0x0000001e   Code   RO         1220    i.HAL_PCD_EP_Abort  stm32h7xx_hal_pcd.o
    0x08000fe0   0x08000fe0   0x0000004c   Code   RO         1221    i.HAL_PCD_EP_Close  stm32h7xx_hal_pcd.o
    0x0800102c   0x0800102c   0x0000005c   Code   RO         1222    i.HAL_PCD_EP_ClrStall  stm32h7xx_hal_pcd.o
    0x08001088   0x08001088   0x00000012   Code   RO         1224    i.HAL_PCD_EP_GetRxCount  stm32h7xx_hal_pcd.o
    0x0800109a   0x0800109a   0x00000060   Code   RO         1225    i.HAL_PCD_EP_Open   stm32h7xx_hal_pcd.o
    0x080010fa   0x080010fa   0x00000034   Code   RO         1226    i.HAL_PCD_EP_Receive  stm32h7xx_hal_pcd.o
    0x0800112e   0x0800112e   0x00000074   Code   RO         1227    i.HAL_PCD_EP_SetStall  stm32h7xx_hal_pcd.o
    0x080011a2   0x080011a2   0x00000034   Code   RO         1228    i.HAL_PCD_EP_Transmit  stm32h7xx_hal_pcd.o
    0x080011d6   0x080011d6   0x00000002   PAD
    0x080011d8   0x080011d8   0x0000059c   Code   RO         1230    i.HAL_PCD_IRQHandler  stm32h7xx_hal_pcd.o
    0x08001774   0x08001774   0x00000008   Code   RO         8773    i.HAL_PCD_ISOINIncompleteCallback  usbd_conf.o
    0x0800177c   0x0800177c   0x00000008   Code   RO         8774    i.HAL_PCD_ISOOUTIncompleteCallback  usbd_conf.o
    0x08001784   0x08001784   0x000000f2   Code   RO         1233    i.HAL_PCD_Init      stm32h7xx_hal_pcd.o
    0x08001876   0x08001876   0x00000002   PAD
    0x08001878   0x08001878   0x000000ec   Code   RO         8776    i.HAL_PCD_MspInit   usbd_conf.o
    0x08001964   0x08001964   0x0000002c   Code   RO         8777    i.HAL_PCD_ResetCallback  usbd_conf.o
    0x08001990   0x08001990   0x00000008   Code   RO         8778    i.HAL_PCD_ResumeCallback  usbd_conf.o
    0x08001998   0x08001998   0x00000008   Code   RO         8779    i.HAL_PCD_SOFCallback  usbd_conf.o
    0x080019a0   0x080019a0   0x00000028   Code   RO         1239    i.HAL_PCD_SetAddress  stm32h7xx_hal_pcd.o
    0x080019c8   0x080019c8   0x0000000e   Code   RO         8780    i.HAL_PCD_SetupStageCallback  usbd_conf.o
    0x080019d6   0x080019d6   0x00000042   Code   RO         1242    i.HAL_PCD_Start     stm32h7xx_hal_pcd.o
    0x08001a18   0x08001a18   0x00000030   Code   RO         8781    i.HAL_PCD_SuspendCallback  usbd_conf.o
    0x08001a48   0x08001a48   0x00000010   Code   RO         3313    i.HAL_PWREx_EnableUSBVoltageDetector  stm32h7xx_hal_pwr_ex.o
    0x08001a58   0x08001a58   0x0000005c   Code   RO         2205    i.HAL_RCC_GetClockConfig  stm32h7xx_hal_rcc.o
    0x08001ab4   0x08001ab4   0x00000044   Code   RO         2206    i.HAL_RCC_GetHCLKFreq  stm32h7xx_hal_rcc.o
    0x08001af8   0x08001af8   0x00000024   Code   RO         2208    i.HAL_RCC_GetPCLK1Freq  stm32h7xx_hal_rcc.o
    0x08001b1c   0x08001b1c   0x00000138   Code   RO         2210    i.HAL_RCC_GetSysClockFreq  stm32h7xx_hal_rcc.o
    0x08001c54   0x08001c54   0x00000002   Code   RO         5316    i.HAL_TIMEx_Break2Callback  stm32h7xx_hal_tim_ex.o
    0x08001c56   0x08001c56   0x00000002   Code   RO         5317    i.HAL_TIMEx_BreakCallback  stm32h7xx_hal_tim_ex.o
    0x08001c58   0x08001c58   0x00000002   Code   RO         5318    i.HAL_TIMEx_CommutCallback  stm32h7xx_hal_tim_ex.o
    0x08001c5a   0x08001c5a   0x00000062   Code   RO         4602    i.HAL_TIM_Base_Init  stm32h7xx_hal_tim.o
    0x08001cbc   0x08001cbc   0x00000002   Code   RO         4604    i.HAL_TIM_Base_MspInit  stm32h7xx_hal_tim.o
    0x08001cbe   0x08001cbe   0x00000002   PAD
    0x08001cc0   0x08001cc0   0x0000008c   Code   RO         4607    i.HAL_TIM_Base_Start_IT  stm32h7xx_hal_tim.o
    0x08001d4c   0x08001d4c   0x00000002   Code   RO         4636    i.HAL_TIM_IC_CaptureCallback  stm32h7xx_hal_tim.o
    0x08001d4e   0x08001d4e   0x00000182   Code   RO         4650    i.HAL_TIM_IRQHandler  stm32h7xx_hal_tim.o
    0x08001ed0   0x08001ed0   0x00000002   Code   RO         4653    i.HAL_TIM_OC_DelayElapsedCallback  stm32h7xx_hal_tim.o
    0x08001ed2   0x08001ed2   0x00000002   Code   RO         4680    i.HAL_TIM_PWM_PulseFinishedCallback  stm32h7xx_hal_tim.o
    0x08001ed4   0x08001ed4   0x00000014   Code   RO         6711    i.HAL_TIM_PeriodElapsedCallback  sys.o
    0x08001ee8   0x08001ee8   0x00000002   Code   RO         4693    i.HAL_TIM_TriggerCallback  stm32h7xx_hal_tim.o
    0x08001eea   0x08001eea   0x00000002   Code   RO          455    i.HardFault_Handler  stm32h7xx_it.o
    0x08001eec   0x08001eec   0x00000038   Code   RO         8686    i.IntToUnicode      usbd_desc.o
    0x08001f24   0x08001f24   0x00000018   Code   RO         6712    i.LL_AHB2_GRP1_EnableClock  sys.o
    0x08001f3c   0x08001f3c   0x00000018   Code   RO         5651    i.LL_AHB4_GRP1_EnableClock  bsp_gpio.o
    0x08001f54   0x08001f54   0x00000018   Code   RO         6085    i.LL_AHB4_GRP1_EnableClock  bsp_usart.o
    0x08001f6c   0x08001f6c   0x00000018   Code   RO         6012    i.LL_DMA_SetDataLength  bsp_dma.o
    0x08001f84   0x08001f84   0x00000014   Code   RO         6013    i.LL_DMA_SetMode    bsp_dma.o
    0x08001f98   0x08001f98   0x000000b4   Code   RO         1162    i.LL_GPIO_Init      stm32h7xx_ll_gpio.o
    0x0800204c   0x0800204c   0x00000010   Code   RO         1820    i.LL_RCC_CSI_IsReady  stm32h7xx_ll_rcc.o
    0x0800205c   0x0800205c   0x0000004c   Code   RO         1821    i.LL_RCC_CalcPLLClockFreq  stm32h7xx_ll_rcc.o
    0x080020a8   0x080020a8   0x00000020   Code   RO         1826    i.LL_RCC_GetClockSource  stm32h7xx_ll_rcc.o
    0x080020c8   0x080020c8   0x000000f0   Code   RO         1833    i.LL_RCC_GetPLL1ClockFreq  stm32h7xx_ll_rcc.o
    0x080021b8   0x080021b8   0x000000f4   Code   RO         1834    i.LL_RCC_GetPLL2ClockFreq  stm32h7xx_ll_rcc.o
    0x080022ac   0x080022ac   0x000000f8   Code   RO         1835    i.LL_RCC_GetPLL3ClockFreq  stm32h7xx_ll_rcc.o
    0x080023a4   0x080023a4   0x00000010   Code   RO         1843    i.LL_RCC_GetSysPrescaler  stm32h7xx_ll_rcc.o
    0x080023b4   0x080023b4   0x00000108   Code   RO         1845    i.LL_RCC_GetUSARTClockFreq  stm32h7xx_ll_rcc.o
    0x080024bc   0x080024bc   0x00000010   Code   RO         1847    i.LL_RCC_HSE_IsReady  stm32h7xx_ll_rcc.o
    0x080024cc   0x080024cc   0x00000010   Code   RO         1848    i.LL_RCC_HSI_GetDivider  stm32h7xx_ll_rcc.o
    0x080024dc   0x080024dc   0x00000010   Code   RO         1849    i.LL_RCC_HSI_IsReady  stm32h7xx_ll_rcc.o
    0x080024ec   0x080024ec   0x00000010   Code   RO         1850    i.LL_RCC_LSE_IsReady  stm32h7xx_ll_rcc.o
    0x080024fc   0x080024fc   0x00000010   Code   RO         1852    i.LL_RCC_PLL2_IsReady  stm32h7xx_ll_rcc.o
    0x0800250c   0x0800250c   0x00000010   Code   RO         1853    i.LL_RCC_PLL3_IsReady  stm32h7xx_ll_rcc.o
    0x0800251c   0x0800251c   0x00000014   Code   RO         6714    i.LL_RCC_SetAHBPrescaler  sys.o
    0x08002530   0x08002530   0x00000024   Code   RO         6086    i.LL_RCC_SetUSARTClockSource  bsp_usart.o
    0x08002554   0x08002554   0x0000000c   Code   RO         2078    i.LL_SetSystemCoreClock  stm32h7xx_ll_utils.o
    0x08002560   0x08002560   0x00000118   Code   RO         1062    i.LL_USART_Init     stm32h7xx_ll_usart.o
    0x08002678   0x08002678   0x0000001a   Code   RO         6087    i.LL_USART_SetRXFIFOThreshold  bsp_usart.o
    0x08002692   0x08002692   0x00000002   PAD
    0x08002694   0x08002694   0x00000016   Code   RO         6088    i.LL_USART_SetTXFIFOThreshold  bsp_usart.o
    0x080026aa   0x080026aa   0x000000b4   Code   RO         6715    i.MPU_Config        sys.o
    0x0800275e   0x0800275e   0x00000002   PAD
    0x08002760   0x08002760   0x00000054   Code   RO         8581    i.MX_USB_DEVICE_Init  usb_device.o
    0x080027b4   0x080027b4   0x00000002   Code   RO          456    i.MemManage_Handler  stm32h7xx_it.o
    0x080027b6   0x080027b6   0x00000002   Code   RO          457    i.NMI_Handler       stm32h7xx_it.o
    0x080027b8   0x080027b8   0x0000000c   Code   RO          458    i.OTG_HS_IRQHandler  stm32h7xx_it.o
    0x080027c4   0x080027c4   0x000000cc   Code   RO         1245    i.PCD_EP_OutXfrComplete_int  stm32h7xx_hal_pcd.o
    0x08002890   0x08002890   0x000000a2   Code   RO         1246    i.PCD_WriteEmptyTxFifo  stm32h7xx_hal_pcd.o
    0x08002932   0x08002932   0x00000002   PAD
    0x08002934   0x08002934   0x0000001c   Code   RO         1854    i.RCC_GetHCLKClockFreq  stm32h7xx_ll_rcc.o
    0x08002950   0x08002950   0x00000020   Code   RO         1855    i.RCC_GetPCLK1ClockFreq  stm32h7xx_ll_rcc.o
    0x08002970   0x08002970   0x00000020   Code   RO         1856    i.RCC_GetPCLK2ClockFreq  stm32h7xx_ll_rcc.o
    0x08002990   0x08002990   0x00000048   Code   RO         1858    i.RCC_GetSystemClockFreq  stm32h7xx_ll_rcc.o
    0x080029d8   0x080029d8   0x00000048   Code   RO         6716    i.SRAM_ClockEnable  sys.o
    0x08002a20   0x08002a20   0x0000000a   Code   RO         9150    i.SWAPBYTE          usbd_ctlreq.o
    0x08002a2a   0x08002a2a   0x0000001a   Code   RO         7927    i.SysTick_Handler   cmsis_os2.o
    0x08002a44   0x08002a44   0x0000017c   Code   RO         6718    i.SystemClock_Config  sys.o
    0x08002bc0   0x08002bc0   0x000000dc   Code   RO         5608    i.SystemInit        system_stm32h7xx.o
    0x08002c9c   0x08002c9c   0x0000000c   Code   RO          459    i.TIM6_DAC_IRQHandler  stm32h7xx_it.o
    0x08002ca8   0x08002ca8   0x000000c4   Code   RO         4695    i.TIM_Base_SetConfig  stm32h7xx_hal_tim.o
    0x08002d6c   0x08002d6c   0x00000076   Code   RO         9291    i.USBD_CDC_DataIn   usbd_cdc.o
    0x08002de2   0x08002de2   0x0000003c   Code   RO         9292    i.USBD_CDC_DataOut  usbd_cdc.o
    0x08002e1e   0x08002e1e   0x00000002   PAD
    0x08002e20   0x08002e20   0x00000090   Code   RO         9293    i.USBD_CDC_DeInit   usbd_cdc.o
    0x08002eb0   0x08002eb0   0x00000036   Code   RO         9294    i.USBD_CDC_EP0_RxReady  usbd_cdc.o
    0x08002ee6   0x08002ee6   0x00000002   PAD
    0x08002ee8   0x08002ee8   0x0000000c   Code   RO         9295    i.USBD_CDC_GetDeviceQualifierDescriptor  usbd_cdc.o
    0x08002ef4   0x08002ef4   0x00000040   Code   RO         9296    i.USBD_CDC_GetFSCfgDesc  usbd_cdc.o
    0x08002f34   0x08002f34   0x00000040   Code   RO         9297    i.USBD_CDC_GetHSCfgDesc  usbd_cdc.o
    0x08002f74   0x08002f74   0x00000040   Code   RO         9298    i.USBD_CDC_GetOtherSpeedCfgDesc  usbd_cdc.o
    0x08002fb4   0x08002fb4   0x0000011c   Code   RO         9299    i.USBD_CDC_Init     usbd_cdc.o
    0x080030d0   0x080030d0   0x00000038   Code   RO         9300    i.USBD_CDC_ReceivePacket  usbd_cdc.o
    0x08003108   0x08003108   0x00000016   Code   RO         9301    i.USBD_CDC_RegisterInterface  usbd_cdc.o
    0x0800311e   0x0800311e   0x0000001a   Code   RO         9302    i.USBD_CDC_SetRxBuffer  usbd_cdc.o
    0x08003138   0x08003138   0x0000001e   Code   RO         9303    i.USBD_CDC_SetTxBuffer  usbd_cdc.o
    0x08003156   0x08003156   0x000000ce   Code   RO         9304    i.USBD_CDC_Setup    usbd_cdc.o
    0x08003224   0x08003224   0x00000050   Code   RO         9305    i.USBD_CDC_TransmitPacket  usbd_cdc.o
    0x08003274   0x08003274   0x00000014   Code   RO         8987    i.USBD_ClrClassConfig  usbd_core.o
    0x08003288   0x08003288   0x00000004   Code   RO         8988    i.USBD_CoreFindEP   usbd_core.o
    0x0800328c   0x0800328c   0x00000004   Code   RO         8989    i.USBD_CoreFindIF   usbd_core.o
    0x08003290   0x08003290   0x00000010   Code   RO         9227    i.USBD_CtlContinueRx  usbd_ioreq.o
    0x080032a0   0x080032a0   0x00000010   Code   RO         9228    i.USBD_CtlContinueSendData  usbd_ioreq.o
    0x080032b0   0x080032b0   0x00000016   Code   RO         9151    i.USBD_CtlError     usbd_ctlreq.o
    0x080032c6   0x080032c6   0x0000001e   Code   RO         9229    i.USBD_CtlPrepareRx  usbd_ioreq.o
    0x080032e4   0x080032e4   0x00000016   Code   RO         9230    i.USBD_CtlReceiveStatus  usbd_ioreq.o
    0x080032fa   0x080032fa   0x0000001a   Code   RO         9231    i.USBD_CtlSendData  usbd_ioreq.o
    0x08003314   0x08003314   0x00000016   Code   RO         9232    i.USBD_CtlSendStatus  usbd_ioreq.o
    0x0800332a   0x0800332a   0x000000fa   Code   RO         9152    i.USBD_GetDescriptor  usbd_ctlreq.o
    0x08003424   0x08003424   0x0000003a   Code   RO         8991    i.USBD_GetEpDesc    usbd_core.o
    0x0800345e   0x0800345e   0x0000000e   Code   RO         8992    i.USBD_GetNextDesc  usbd_core.o
    0x0800346c   0x0800346c   0x0000004a   Code   RO         9153    i.USBD_GetString    usbd_ctlreq.o
    0x080034b6   0x080034b6   0x00000018   Code   RO         8782    i.USBD_Get_USB_Status  usbd_conf.o
    0x080034ce   0x080034ce   0x00000002   PAD
    0x080034d0   0x080034d0   0x00000020   Code   RO         8687    i.USBD_HS_ConfigStrDescriptor  usbd_desc.o
    0x080034f0   0x080034f0   0x0000000c   Code   RO         8688    i.USBD_HS_DeviceDescriptor  usbd_desc.o
    0x080034fc   0x080034fc   0x00000024   Code   RO         8689    i.USBD_HS_InterfaceStrDescriptor  usbd_desc.o
    0x08003520   0x08003520   0x0000000c   Code   RO         8690    i.USBD_HS_LangIDStrDescriptor  usbd_desc.o
    0x0800352c   0x0800352c   0x00000028   Code   RO         8691    i.USBD_HS_ManufacturerStrDescriptor  usbd_desc.o
    0x08003554   0x08003554   0x0000002c   Code   RO         8692    i.USBD_HS_ProductStrDescriptor  usbd_desc.o
    0x08003580   0x08003580   0x0000003c   Code   RO         8693    i.USBD_HS_SerialStrDescriptor  usbd_desc.o
    0x080035bc   0x080035bc   0x00000026   Code   RO         8993    i.USBD_Init         usbd_core.o
    0x080035e2   0x080035e2   0x00000012   Code   RO         8783    i.USBD_LL_ClearStallEP  usbd_conf.o
    0x080035f4   0x080035f4   0x00000012   Code   RO         8784    i.USBD_LL_CloseEP   usbd_conf.o
    0x08003606   0x08003606   0x000000b8   Code   RO         8994    i.USBD_LL_DataInStage  usbd_core.o
    0x080036be   0x080036be   0x00000090   Code   RO         8995    i.USBD_LL_DataOutStage  usbd_core.o
    0x0800374e   0x0800374e   0x00000004   Code   RO         8996    i.USBD_LL_DevConnected  usbd_core.o
    0x08003752   0x08003752   0x00000020   Code   RO         8997    i.USBD_LL_DevDisconnected  usbd_core.o
    0x08003772   0x08003772   0x00000008   Code   RO         8788    i.USBD_LL_GetRxDataSize  usbd_conf.o
    0x0800377a   0x0800377a   0x00000002   PAD
    0x0800377c   0x0800377c   0x00000068   Code   RO         8789    i.USBD_LL_Init      usbd_conf.o
    0x080037e4   0x080037e4   0x00000020   Code   RO         8790    i.USBD_LL_IsStallEP  usbd_conf.o
    0x08003804   0x08003804   0x00000028   Code   RO         8998    i.USBD_LL_IsoINIncomplete  usbd_core.o
    0x0800382c   0x0800382c   0x00000028   Code   RO         8999    i.USBD_LL_IsoOUTIncomplete  usbd_core.o
    0x08003854   0x08003854   0x00000018   Code   RO         8791    i.USBD_LL_OpenEP    usbd_conf.o
    0x0800386c   0x0800386c   0x00000012   Code   RO         8792    i.USBD_LL_PrepareReceive  usbd_conf.o
    0x0800387e   0x0800387e   0x0000005e   Code   RO         9000    i.USBD_LL_Reset     usbd_core.o
    0x080038dc   0x080038dc   0x00000014   Code   RO         9001    i.USBD_LL_Resume    usbd_core.o
    0x080038f0   0x080038f0   0x0000001a   Code   RO         9002    i.USBD_LL_SOF       usbd_core.o
    0x0800390a   0x0800390a   0x00000006   Code   RO         9003    i.USBD_LL_SetSpeed  usbd_core.o
    0x08003910   0x08003910   0x00000012   Code   RO         8793    i.USBD_LL_SetUSBAddress  usbd_conf.o
    0x08003922   0x08003922   0x00000060   Code   RO         9004    i.USBD_LL_SetupStage  usbd_core.o
    0x08003982   0x08003982   0x00000012   Code   RO         8794    i.USBD_LL_StallEP   usbd_conf.o
    0x08003994   0x08003994   0x00000012   Code   RO         8795    i.USBD_LL_Start     usbd_conf.o
    0x080039a6   0x080039a6   0x0000001a   Code   RO         9005    i.USBD_LL_Suspend   usbd_core.o
    0x080039c0   0x080039c0   0x00000012   Code   RO         8797    i.USBD_LL_Transmit  usbd_conf.o
    0x080039d2   0x080039d2   0x0000002a   Code   RO         9154    i.USBD_ParseSetupRequest  usbd_ctlreq.o
    0x080039fc   0x080039fc   0x0000003a   Code   RO         9006    i.USBD_RegisterClass  usbd_core.o
    0x08003a36   0x08003a36   0x00000014   Code   RO         9008    i.USBD_SetClassConfig  usbd_core.o
    0x08003a4a   0x08003a4a   0x00000002   PAD
    0x08003a4c   0x08003a4c   0x000000bc   Code   RO         9155    i.USBD_SetConfig    usbd_ctlreq.o
    0x08003b08   0x08003b08   0x00000004   Code   RO         9009    i.USBD_Start        usbd_core.o
    0x08003b0c   0x08003b0c   0x0000012e   Code   RO         9156    i.USBD_StdDevReq    usbd_ctlreq.o
    0x08003c3a   0x08003c3a   0x00000164   Code   RO         9157    i.USBD_StdEPReq     usbd_ctlreq.o
    0x08003d9e   0x08003d9e   0x00000074   Code   RO         9158    i.USBD_StdItfReq    usbd_ctlreq.o
    0x08003e12   0x08003e12   0x00000002   Code   RO         8798    i.USBD_static_free  usbd_conf.o
    0x08003e14   0x08003e14   0x00000008   Code   RO         8799    i.USBD_static_malloc  usbd_conf.o
    0x08003e1c   0x08003e1c   0x00000080   Code   RO         1516    i.USB_ActivateEndpoint  stm32h7xx_ll_usb.o
    0x08003e9c   0x08003e9c   0x0000001c   Code   RO         1518    i.USB_ActivateSetup  stm32h7xx_ll_usb.o
    0x08003eb8   0x08003eb8   0x00000088   Code   RO         1520    i.USB_CoreInit      stm32h7xx_ll_usb.o
    0x08003f40   0x08003f40   0x00000040   Code   RO         1521    i.USB_CoreReset     stm32h7xx_ll_usb.o
    0x08003f80   0x08003f80   0x000000cc   Code   RO         1524    i.USB_DeactivateEndpoint  stm32h7xx_ll_usb.o
    0x0800404c   0x0800404c   0x0000001c   Code   RO         1525    i.USB_DevConnect    stm32h7xx_ll_usb.o
    0x08004068   0x08004068   0x0000001c   Code   RO         1526    i.USB_DevDisconnect  stm32h7xx_ll_usb.o
    0x08004084   0x08004084   0x00000178   Code   RO         1527    i.USB_DevInit       stm32h7xx_ll_usb.o
    0x080041fc   0x080041fc   0x0000000c   Code   RO         1528    i.USB_DisableGlobalInt  stm32h7xx_ll_usb.o
    0x08004208   0x08004208   0x00000058   Code   RO         1531    i.USB_EP0_OutStart  stm32h7xx_ll_usb.o
    0x08004260   0x08004260   0x00000058   Code   RO         1532    i.USB_EPClearStall  stm32h7xx_ll_usb.o
    0x080042b8   0x080042b8   0x00000058   Code   RO         1533    i.USB_EPSetStall    stm32h7xx_ll_usb.o
    0x08004310   0x08004310   0x00000238   Code   RO         1534    i.USB_EPStartXfer   stm32h7xx_ll_usb.o
    0x08004548   0x08004548   0x0000009e   Code   RO         1535    i.USB_EPStopXfer    stm32h7xx_ll_usb.o
    0x080045e6   0x080045e6   0x0000000c   Code   RO         1536    i.USB_EnableGlobalInt  stm32h7xx_ll_usb.o
    0x080045f2   0x080045f2   0x00000002   PAD
    0x080045f4   0x080045f4   0x0000003c   Code   RO         1537    i.USB_FlushRxFifo   stm32h7xx_ll_usb.o
    0x08004630   0x08004630   0x00000040   Code   RO         1538    i.USB_FlushTxFifo   stm32h7xx_ll_usb.o
    0x08004670   0x08004670   0x0000001a   Code   RO         1540    i.USB_GetDevSpeed   stm32h7xx_ll_usb.o
    0x0800468a   0x0800468a   0x00000008   Code   RO         1542    i.USB_GetMode       stm32h7xx_ll_usb.o
    0x08004692   0x08004692   0x0000000e   Code   RO         1550    i.USB_ReadDevAllInEpInterrupt  stm32h7xx_ll_usb.o
    0x080046a0   0x080046a0   0x0000000e   Code   RO         1551    i.USB_ReadDevAllOutEpInterrupt  stm32h7xx_ll_usb.o
    0x080046ae   0x080046ae   0x00000024   Code   RO         1552    i.USB_ReadDevInEPInterrupt  stm32h7xx_ll_usb.o
    0x080046d2   0x080046d2   0x00000010   Code   RO         1553    i.USB_ReadDevOutEPInterrupt  stm32h7xx_ll_usb.o
    0x080046e2   0x080046e2   0x00000008   Code   RO         1554    i.USB_ReadInterrupts  stm32h7xx_ll_usb.o
    0x080046ea   0x080046ea   0x00000040   Code   RO         1555    i.USB_ReadPacket    stm32h7xx_ll_usb.o
    0x0800472a   0x0800472a   0x0000005e   Code   RO         1557    i.USB_SetCurrentMode  stm32h7xx_ll_usb.o
    0x08004788   0x08004788   0x00000022   Code   RO         1558    i.USB_SetDevAddress  stm32h7xx_ll_usb.o
    0x080047aa   0x080047aa   0x00000002   PAD
    0x080047ac   0x080047ac   0x000000e8   Code   RO         1560    i.USB_SetTurnaroundTime  stm32h7xx_ll_usb.o
    0x08004894   0x08004894   0x00000028   Code   RO         1563    i.USB_WritePacket   stm32h7xx_ll_usb.o
    0x080048bc   0x080048bc   0x00000002   Code   RO          460    i.UsageFault_Handler  stm32h7xx_it.o
    0x080048be   0x080048be   0x00000022   Code   RO         3568    i.__NVIC_SetPriority  stm32h7xx_hal_cortex.o
    0x080048e0   0x080048e0   0x00000030   Code   RO          224    i.main              main.o
    0x08004910   0x08004910   0x00000024   Code   RO         7375    i.prvResetNextTaskUnblockTime  tasks.o
    0x08004934   0x08004934   0x00000026   Code   RO         6914    i.uxListRemove      list.o
    0x0800495a   0x0800495a   0x00000018   Code   RO         6918    i.vListInsertEnd    list.o
    0x08004972   0x08004972   0x00000002   PAD
    0x08004974   0x08004974   0x00000054   Code   RO         8508    i.vPortValidateInterruptPriority  port.o
    0x080049c8   0x080049c8   0x0000006c   Code   RO         7408    i.vTaskSwitchContext  tasks.o
    0x08004a34   0x08004a34   0x0000002c   Code   RO         8510    i.xPortSysTickHandler  port.o
    0x08004a60   0x08004a60   0x000000a0   Code   RO         6983    i.xQueueGiveFromISR  queue.o
    0x08004b00   0x08004b00   0x0000001c   Code   RO         7416    i.xTaskGetSchedulerState  tasks.o
    0x08004b1c   0x08004b1c   0x000000cc   Code   RO         7419    i.xTaskIncrementTick  tasks.o
    0x08004be8   0x08004be8   0x00000078   Code   RO         7424    i.xTaskRemoveFromEventList  tasks.o
    0x08004c60   0x08004c60   0x0000000a   Code   RO         9916    x$fpl$fpinit        fz_wv.l(fpinit.o)
    0x08004c6a   0x08004c6a   0x00000002   PAD
    0x08004c6c   0x08004c6c   0x00000030   Data   RO         1064    .constdata          stm32h7xx_ll_usart.o
    0x08004c9c   0x08004c9c   0x00000010   Data   RO         1859    .constdata          stm32h7xx_ll_rcc.o
    0x08004cac   0x08004cac   0x00000010   Data   RO         5609    .constdata          system_stm32h7xx.o
    0x08004cbc   0x08004cbc   0x00000008   Data   RO         6014    .constdata          bsp_dma.o
    0x08004cc4   0x08004cc4   0x00000018   Data   RO         9418    .constdata          eventrecorder.o
    0x08004cdc   0x08004cdc   0x00000030   Data   RO         9997    Region$$Table       anon$$obj.o


    Execution Region RW_IRAM1 (Exec base: 0x20000000, Load base: 0x08004d0c, Size: 0x00006fa8, Max: 0x00020000, ABSOLUTE, COMPRESSED[0x000000c8])

    Exec Addr    Load Addr    Size         Type   Attr      Idx    E Section Name        Object

    0x20000000   COMPRESSED   0x0000000c   Data   RW         3738    .data               stm32h7xx_hal.o
    0x2000000c   COMPRESSED   0x00000008   Data   RW         5610    .data               system_stm32h7xx.o
    0x20000014   COMPRESSED   0x0000000c   Data   RW         6614    .data               app_wavecollectiontask.o
    0x20000020   COMPRESSED   0x0000003c   Data   RW         7428    .data               tasks.o
    0x2000005c   COMPRESSED   0x0000000c   Data   RW         8511    .data               port.o
    0x20000068   COMPRESSED   0x00000014   Data   RW         8623    .data               usbd_cdc_if.o
    0x2000007c   COMPRESSED   0x00000020   Data   RW         8696    .data               usbd_desc.o
    0x2000009c   COMPRESSED   0x0000003e   Data   RW         8697    .data               usbd_desc.o
    0x200000da   COMPRESSED   0x00000001   Data   RW         9159    .data               usbd_ctlreq.o
    0x200000db   COMPRESSED   0x00000001   PAD
    0x200000dc   COMPRESSED   0x00000053   Data   RW         9306    .data               usbd_cdc.o
    0x2000012f   COMPRESSED   0x00000001   PAD
    0x20000130   COMPRESSED   0x00000038   Data   RW         9307    .data               usbd_cdc.o
    0x20000168        -       0x0000004c   Zero   RW          550    .bss                stm32h7xx_hal_timebase_tim.o
    0x200001b4        -       0x000004c4   Zero   RW         7427    .bss                tasks.o
    0x20000678        -       0x000002dc   Zero   RW         8582    .bss                usb_device.o
    0x20000954        -       0x00001000   Zero   RW         8622    .bss                usbd_cdc_if.o
    0x20001954        -       0x00000200   Zero   RW         8695    .bss                usbd_desc.o
    0x20001b54        -       0x0000072c   Zero   RW         8800    .bss                usbd_conf.o
    0x20002280        -       0x00000060   Zero   RW         9725    .bss                c_w.l(libspace.o)
    0x200022e0   COMPRESSED   0x00000020   PAD
    0x20002300        -       0x000040a4   Zero   RW         9417    .bss.noinit         eventrecorder.o
    0x200063a4   COMPRESSED   0x00000004   PAD
    0x200063a8        -       0x00000400   Zero   RW            2    HEAP                startup_stm32h743xx.o
    0x200067a8        -       0x00000800   Zero   RW            1    STACK               startup_stm32h743xx.o


    Execution Region RW_IRAM2 (Exec base: 0x24000000, Load base: 0x08004dd4, Size: 0x00000000, Max: 0x00080000, ABSOLUTE)

    **** No section assigned to this execution region ****


    Execution Region RW_IRAM3 (Exec base: 0x30000000, Load base: 0x08004dd4, Size: 0x00003000, Max: 0x00020000, ABSOLUTE, COMPRESSED[0x00000064])

    Exec Addr    Load Addr    Size         Type   Attr      Idx    E Section Name        Object

    0x30000000   COMPRESSED   0x00003000   Data   RW         6615    RAM_D3              app_wavecollectiontask.o


    Execution Region RW_IRAM4 (Exec base: 0x30020000, Load base: 0x08004e38, Size: 0x00000000, Max: 0x00020000, ABSOLUTE)

    **** No section assigned to this execution region ****


    Execution Region RW_IRAM5 (Exec base: 0x30040000, Load base: 0x08004e38, Size: 0x00000000, Max: 0x00008000, ABSOLUTE, UNINIT)

    **** No section assigned to this execution region ****


    Execution Region RW_IRAM6 (Exec base: 0x38000000, Load base: 0x08004e38, Size: 0x00000000, Max: 0x00010000, ABSOLUTE)

    **** No section assigned to this execution region ****


==============================================================================

Image component sizes


      Code (inc. data)   RO Data    RW Data    ZI Data      Debug   Object Name

         0          0          0          0          0       5380   app.o
       104         22          0      12300          0      18830   app_wavecollectiontask.o
       272         22          0          0          0      46870   bsp.o
       212         24          8          0          0      91106   bsp_dma.o
       120         12          0          0          0      14492   bsp_gpio.o
        72         18          0          0          0       1567   bsp_timer.o
       512         46          0          0          0      81024   bsp_usart.o
        26          0          0          0          0        642   cmsis_os2.o
         0          0          0          0          0      18556   event_groups.o
         0          0         24          0      16548       4217   eventrecorder.o
         0          0          0          0          0    1219955   fmc.o
         0          0          0          0          0       7128   freertos.o
         0          0          0          0          0       9888   gpio.o
        62          0          0          0          0       1912   list.o
        48         20          0          0          0       8758   main.o
       318         32          0         12          0       5003   port.o
       160          0          0          0          0       5984   queue.o
        64         26        664          0       3072        868   startup_stm32h743xx.o
       156         32          0         12          0      22374   stm32h7xx_hal.o
       316         28          0          0          0      41348   stm32h7xx_hal_cortex.o
       556         50          0          0          0       1708   stm32h7xx_hal_gpio.o
        36          4          0          0          0       1002   stm32h7xx_hal_msp.o
      2682         16          0          0          0      14276   stm32h7xx_hal_pcd.o
       120          6          0          0          0       3431   stm32h7xx_hal_pcd_ex.o
        16          4          0          0          0        597   stm32h7xx_hal_pwr_ex.o
       508         68          0          0          0       3924   stm32h7xx_hal_rcc.o
       830         68          0          0          0       7832   stm32h7xx_hal_tim.o
         6          0          0          0          0       2428   stm32h7xx_hal_tim_ex.o
       140         20          0          0         76       1683   stm32h7xx_hal_timebase_tim.o
        36         12          0          0          0       3935   stm32h7xx_it.o
       180          0          0          0          0       7479   stm32h7xx_ll_gpio.o
      1396        180         16          0          0      59647   stm32h7xx_ll_rcc.o
       280         48         48          0          0      27572   stm32h7xx_ll_usart.o
      2716        134          0          0          0      24048   stm32h7xx_ll_usb.o
        12          6          0          0          0      20464   stm32h7xx_ll_utils.o
       700         40          0          0          0      67041   sys.o
       220         40         16          8          0       1582   system_stm32h7xx.o
       496         40          0         60       1220      11453   tasks.o
        84         18          0          0        732        856   usb_device.o
      1284         40          0        139          0      15081   usbd_cdc.o
       116         22          0         20       4096       4276   usbd_cdc_if.o
       756         40          0          0       1836      69116   usbd_conf.o
       932          0          0          0          0      16155   usbd_core.o
      1360         22          0          1          0      15468   usbd_ctlreq.o
       292        106          0         94        512       6693   usbd_desc.o
       132          0          0          0          0       4848   usbd_ioreq.o

    ----------------------------------------------------------------------
     18364       1266        824      12648      28096    1998497   Object Totals
         0          0         48          0          0          0   (incl. Generated)
        36          0          0          2          4          0   (incl. Padding)

    ----------------------------------------------------------------------

      Code (inc. data)   RO Data    RW Data    ZI Data      Debug   Library Member Name

        90          0          0          0          0          0   __dczerorl2.o
         8          0          0          0          0         68   __main.o
         0          0          0          0          0          0   __rtentry.o
        12          0          0          0          0          0   __rtentry2.o
         6          0          0          0          0          0   __rtentry4.o
        52          8          0          0          0          0   __scatter.o
        28          0          0          0          0          0   __scatter_zi.o
        18          0          0          0          0         80   exit.o
         6          0          0          0          0        152   heapauxi.o
         0          0          0          0          0          0   indicate_semi.o
         2          0          0          0          0          0   libinit.o
         6          0          0          0          0          0   libinit2.o
         2          0          0          0          0          0   libshutdown.o
         2          0          0          0          0          0   libshutdown2.o
         8          4          0          0         96         68   libspace.o
        78          0          0          0          0         80   rt_memclr_w.o
       100          0          0          0          0         80   rt_memcpy_w.o
         2          0          0          0          0          0   rtexit.o
        10          0          0          0          0          0   rtexit2.o
        12          4          0          0          0         68   sys_exit.o
        74          0          0          0          0         80   sys_stackheap_outer.o
         2          0          0          0          0         68   use_no_semi.o
        10          0          0          0          0        116   fpinit.o

    ----------------------------------------------------------------------
       536         16          0          0        128        860   Library Totals
         8          0          0          0         32          0   (incl. Padding)

    ----------------------------------------------------------------------

      Code (inc. data)   RO Data    RW Data    ZI Data      Debug   Library Name

       518         16          0          0         96        744   c_w.l
        10          0          0          0          0        116   fz_wv.l

    ----------------------------------------------------------------------
       536         16          0          0        128        860   Library Totals

    ----------------------------------------------------------------------

==============================================================================


      Code (inc. data)   RO Data    RW Data    ZI Data      Debug   

     18900       1282        824      12648      28224    1976497   Grand Totals
     18900       1282        824        300      28224    1976497   ELF Image Totals (compressed)
     18900       1282        824        300          0          0   ROM Totals

==============================================================================

    Total RO  Size (Code + RO Data)                19724 (  19.26kB)
    Total RW  Size (RW Data + ZI Data)             40872 (  39.91kB)
    Total ROM Size (Code + RO Data + RW Data)      20024 (  19.55kB)

==============================================================================

